[10:54:09] WORK_LEAF_BENCH_TEMP=/tmp/work-leaf-3feature-bench.1bjgjB
[10:54:09] WORK_LEAF_BENCH_SOURCE_HEAD=7014e00d15ecb242e3848478da86f5b8dcbbf114
Cloning into '/tmp/work-leaf-3feature-bench.1bjgjB/repo'...
done.
HEAD is now at 7014e00 v0.1.1
[10:54:10] WORK_LEAF_BENCH_BASE=f35d37e1d7fca8f13a57af707978c08d3891d977
[10:54:10] daemon URL: http://127.0.0.1:39785
[10:54:10] web UI URL: http://127.0.0.1:38867
[10:54:10] started 3 patch agents
[10:54:10] elapsed=1s busy=true user-1:Launching:-:lines=0:title=add-vim-visual-mode-both-panes | user-2:Launching:-:lines=0:title=implement-strict-selected-agent-slash | user-3:Launching:-:lines=0:title=when-review-process-done-patch-agent
[10:54:15] elapsed=6s busy=true user-1:WaitingForReply:-:lines=2:title=add-vim-visual-mode-both-panes | user-2:Launching:-:lines=0:title=implement-strict-selected-agent-slash | user-3:Launching:-:lines=0:title=when-review-process-done-patch-agent
[10:54:20] elapsed=11s busy=true user-1:WaitingForReply:-:lines=4:title=add-vim-visual-mode-both-panes | user-2:WaitingForReply:-:lines=2:title=implement-strict-selected-agent-slash | user-3:Launching:-:lines=0:title=when-review-process-done-patch-agent
[10:54:25] elapsed=16s busy=true user-1:WaitingForReply:-:lines=4:title=add-vim-visual-mode-both-panes | user-2:WaitingForReply:-:lines=4:title=implement-strict-selected-agent-slash | user-3:WaitingForReply:-:lines=2:title=when-review-process-done-patch-agent
[10:54:35] elapsed=26s busy=true user-1:WaitingForReply:-:lines=7:title=add-vim-visual-mode-both-panes | user-2:WaitingForReply:-:lines=6:title=implement-strict-selected-agent-slash | user-3:WaitingForReply:-:lines=4:title=when-review-process-done-patch-agent
[10:54:45] elapsed=36s busy=true user-1:WaitingForReply:-:lines=12:title=add-vim-visual-mode-both-panes | user-2:WaitingForReply:-:lines=6:title=implement-strict-selected-agent-slash | user-3:WaitingForReply:-:lines=6:title=when-review-process-done-patch-agent
[10:54:50] elapsed=41s busy=true user-1:WaitingForReply:-:lines=12:title=add-vim-visual-mode-both-panes | user-2:WaitingForReply:-:lines=8:title=implement-strict-selected-agent-slash | user-3:WaitingForReply:-:lines=6:title=when-review-process-done-patch-agent
[10:54:55] elapsed=46s busy=true user-1:WaitingForReply:-:lines=19:title=add-vim-visual-mode-both-panes | user-2:WaitingForReply:-:lines=10:title=implement-strict-selected-agent-slash | user-3:WaitingForReply:-:lines=8:title=when-review-process-done-patch-agent
[10:55:00] elapsed=51s busy=true user-1:WaitingForReply:-:lines=25:title=add-vim-visual-mode-both-panes | user-2:WaitingForReply:-:lines=14:title=implement-strict-selected-agent-slash | user-3:WaitingForReply:-:lines=8:title=when-review-process-done-patch-agent
[10:55:11] elapsed=61s busy=true user-1:WaitingForReply:-:lines=32:title=add-vim-visual-mode-both-panes | user-2:WaitingForReply:-:lines=16:title=implement-strict-selected-agent-slash | user-3:WaitingForReply:-:lines=10:title=when-review-process-done-patch-agent
[10:55:16] elapsed=67s busy=true user-1:WaitingForReply:-:lines=35:title=add-vim-visual-mode-both-panes | user-2:WaitingForReply:-:lines=16:title=implement-strict-selected-agent-slash | user-3:WaitingForReply:-:lines=10:title=when-review-process-done-patch-agent
[10:55:21] elapsed=72s busy=true user-1:WaitingForReply:-:lines=38:title=add-vim-visual-mode-both-panes | user-2:WaitingForReply:-:lines=21:title=implement-strict-selected-agent-slash | user-3:WaitingForReply:-:lines=10:title=when-review-process-done-patch-agent
[10:55:31] elapsed=82s busy=true user-1:WaitingForReply:-:lines=41:title=add-vim-visual-mode-both-panes | user-2:WaitingForReply:-:lines=21:title=implement-strict-selected-agent-slash | user-3:WaitingForReply:-:lines=12:title=when-review-process-done-patch-agent
[10:55:36] elapsed=87s busy=true user-1:WaitingForReply:-:lines=43:title=add-vim-visual-mode-both-panes | user-2:WaitingForReply:-:lines=30:title=implement-strict-selected-agent-slash | user-3:WaitingForReply:-:lines=14:title=when-review-process-done-patch-agent
[10:55:41] elapsed=92s busy=true user-1:WaitingForReply:-:lines=46:title=add-vim-visual-mode-both-panes | user-2:WaitingForReply:-:lines=30:title=implement-strict-selected-agent-slash | user-3:WaitingForReply:-:lines=16:title=when-review-process-done-patch-agent
[10:55:51] elapsed=102s busy=true user-1:WaitingForReply:-:lines=46:title=add-vim-visual-mode-both-panes | user-2:WaitingForReply:-:lines=33:title=implement-strict-selected-agent-slash | user-3:WaitingForReply:-:lines=18:title=when-review-process-done-patch-agent
[10:55:56] elapsed=107s busy=true user-1:WaitingForReply:-:lines=46:title=add-vim-visual-mode-both-panes | user-2:WaitingForReply:-:lines=35:title=implement-strict-selected-agent-slash | user-3:WaitingForReply:-:lines=20:title=when-review-process-done-patch-agent
[10:56:01] elapsed=112s busy=true user-1:WaitingForReply:-:lines=46:title=add-vim-visual-mode-both-panes | user-2:WaitingForReply:-:lines=37:title=implement-strict-selected-agent-slash | user-3:WaitingForReply:-:lines=22:title=when-review-process-done-patch-agent
[10:56:11] elapsed=122s busy=true user-1:WaitingForReply:-:lines=46:title=add-vim-visual-mode-both-panes | user-2:WaitingForReply:-:lines=37:title=implement-strict-selected-agent-slash | user-3:WaitingForReply:-:lines=23:title=when-review-process-done-patch-agent
[10:56:16] elapsed=127s busy=true user-1:WaitingForReply:-:lines=50:title=add-vim-visual-mode-both-panes | user-2:WaitingForReply:-:lines=37:title=implement-strict-selected-agent-slash | user-3:WaitingForReply:-:lines=25:title=when-review-process-done-patch-agent
[10:56:21] elapsed=132s busy=true user-1:WaitingForReply:-:lines=50:title=add-vim-visual-mode-both-panes | user-2:WaitingForReply:-:lines=38:title=implement-strict-selected-agent-slash | user-3:WaitingForReply:-:lines=27:title=when-review-process-done-patch-agent
[10:56:26] elapsed=137s busy=true user-1:WaitingForReply:-:lines=50:title=add-vim-visual-mode-both-panes | user-2:WaitingForReply:-:lines=40:title=implement-strict-selected-agent-slash | user-3:WaitingForReply:-:lines=27:title=when-review-process-done-patch-agent
[10:56:31] elapsed=142s busy=true user-1:WaitingForReply:-:lines=52:title=add-vim-visual-mode-both-panes | user-2:WaitingForReply:-:lines=43:title=implement-strict-selected-agent-slash | user-3:WaitingForReply:-:lines=28:title=when-review-process-done-patch-agent
[10:56:36] elapsed=147s busy=true user-1:WaitingForReply:-:lines=54:title=add-vim-visual-mode-both-panes | user-2:WaitingForReply:-:lines=45:title=implement-strict-selected-agent-slash | user-3:WaitingForReply:-:lines=30:title=when-review-process-done-patch-agent
[10:56:41] elapsed=152s busy=true user-1:WaitingForReply:-:lines=56:title=add-vim-visual-mode-both-panes | user-2:WaitingForReply:-:lines=51:title=implement-strict-selected-agent-slash | user-3:WaitingForReply:-:lines=30:title=when-review-process-done-patch-agent
[10:56:46] elapsed=157s busy=true user-1:WaitingForReply:-:lines=56:title=add-vim-visual-mode-both-panes | user-2:WaitingForReply:-:lines=53:title=implement-strict-selected-agent-slash | user-3:WaitingForReply:-:lines=30:title=when-review-process-done-patch-agent
[10:56:51] elapsed=162s busy=true user-1:WaitingForReply:-:lines=56:title=add-vim-visual-mode-both-panes | user-2:WaitingForReply:-:lines=53:title=implement-strict-selected-agent-slash | user-3:WaitingForReply:-:lines=32:title=when-review-process-done-patch-agent
[10:56:57] elapsed=168s busy=true user-1:WaitingForReply:-:lines=56:title=add-vim-visual-mode-both-panes | user-2:WaitingForReply:-:lines=53:title=implement-strict-selected-agent-slash | user-3:WaitingForReply:-:lines=34:title=when-review-process-done-patch-agent
[10:57:02] elapsed=173s busy=true user-1:WaitingForReply:-:lines=58:title=add-vim-visual-mode-both-panes | user-2:WaitingForReply:-:lines=53:title=implement-strict-selected-agent-slash | user-3:WaitingForReply:-:lines=34:title=when-review-process-done-patch-agent
[10:57:07] elapsed=178s busy=true user-1:WaitingForReply:-:lines=60:title=add-vim-visual-mode-both-panes | user-2:WaitingForReply:-:lines=53:title=implement-strict-selected-agent-slash | user-3:WaitingForReply:-:lines=34:title=when-review-process-done-patch-agent
[10:57:12] elapsed=183s busy=true user-1:WaitingForReply:-:lines=60:title=add-vim-visual-mode-both-panes | user-2:WaitingForReply:-:lines=53:title=implement-strict-selected-agent-slash | user-3:WaitingForReply:-:lines=37:title=when-review-process-done-patch-agent
[10:57:22] elapsed=193s busy=true user-1:WaitingForReply:-:lines=60:title=add-vim-visual-mode-both-panes | user-2:WaitingForReply:-:lines=55:title=implement-strict-selected-agent-slash | user-3:WaitingForReply:-:lines=37:title=when-review-process-done-patch-agent
[10:57:27] elapsed=198s busy=true user-1:WaitingForReply:-:lines=60:title=add-vim-visual-mode-both-panes | user-2:WaitingForReply:-:lines=55:title=implement-strict-selected-agent-slash | user-3:WaitingForReply:-:lines=39:title=when-review-process-done-patch-agent
[10:57:37] elapsed=208s busy=true user-1:WaitingForReply:-:lines=65:title=add-vim-visual-mode-both-panes | user-2:WaitingForReply:-:lines=55:title=implement-strict-selected-agent-slash | user-3:WaitingForReply:-:lines=39:title=when-review-process-done-patch-agent
[10:57:42] elapsed=213s busy=true user-1:WaitingForReply:-:lines=65:title=add-vim-visual-mode-both-panes | user-2:WaitingForReply:-:lines=55:title=implement-strict-selected-agent-slash | user-3:WaitingForReply:-:lines=44:title=when-review-process-done-patch-agent
[10:57:57] elapsed=228s busy=true user-1:WaitingForReply:-:lines=65:title=add-vim-visual-mode-both-panes | user-2:WaitingForReply:-:lines=55:title=implement-strict-selected-agent-slash | user-3:-:-:lines=46:title=when-review-process-done-patch-agent
[10:58:13] elapsed=244s busy=true user-1:WaitingForReply:-:lines=65:title=add-vim-visual-mode-both-panes | user-2:WaitingForReply:-:lines=55:title=implement-strict-selected-agent-slash | user-3:-:-:lines=46:title=review-done-chat-confirmation
[10:58:18] elapsed=249s busy=true user-1:WaitingForReply:-:lines=65:title=add-vim-visual-mode-both-panes | user-2:WaitingForReply:-:lines=57:title=implement-strict-selected-agent-slash | user-3:-:-:lines=46:title=review-done-chat-confirmation
[10:58:23] elapsed=254s busy=true user-1:WaitingForReply:-:lines=65:title=add-vim-visual-mode-both-panes | user-2:WaitingForReply:-:lines=59:title=implement-strict-selected-agent-slash | user-3:-:-:lines=46:title=review-done-chat-confirmation
[10:58:28] elapsed=259s busy=true user-1:WaitingForReply:-:lines=67:title=add-vim-visual-mode-both-panes | user-2:WaitingForReply:-:lines=59:title=implement-strict-selected-agent-slash | user-3:-:-:lines=46:title=review-done-chat-confirmation
[10:58:38] elapsed=269s busy=true user-1:WaitingForReply:-:lines=72:title=add-vim-visual-mode-both-panes | user-2:WaitingForReply:-:lines=59:title=implement-strict-selected-agent-slash | user-3:-:-:lines=46:title=review-done-chat-confirmation
[10:58:53] elapsed=284s busy=true user-1:WaitingForReply:-:lines=74:title=add-vim-visual-mode-both-panes | user-2:WaitingForReply:-:lines=59:title=implement-strict-selected-agent-slash | user-3:-:-:lines=46:title=review-done-chat-confirmation
[10:59:03] elapsed=294s busy=true user-1:WaitingForReply:-:lines=81:title=add-vim-visual-mode-both-panes | user-2:WaitingForReply:-:lines=59:title=implement-strict-selected-agent-slash | user-3:-:-:lines=46:title=review-done-chat-confirmation
[10:59:13] elapsed=304s busy=true user-1:WaitingForReply:-:lines=89:title=add-vim-visual-mode-both-panes | user-2:WaitingForReply:-:lines=59:title=implement-strict-selected-agent-slash | user-3:-:-:lines=46:title=review-done-chat-confirmation
[10:59:23] elapsed=314s busy=true user-1:WaitingForReply:-:lines=90:title=add-vim-visual-mode-both-panes | user-2:WaitingForReply:-:lines=59:title=implement-strict-selected-agent-slash | user-3:-:-:lines=46:title=review-done-chat-confirmation
[10:59:28] elapsed=319s busy=true user-1:WaitingForReply:-:lines=93:title=add-vim-visual-mode-both-panes | user-2:WaitingForReply:-:lines=61:title=implement-strict-selected-agent-slash | user-3:-:-:lines=46:title=review-done-chat-confirmation
[10:59:33] elapsed=324s busy=true user-1:WaitingForReply:-:lines=95:title=add-vim-visual-mode-both-panes | user-2:WaitingForReply:-:lines=61:title=implement-strict-selected-agent-slash | user-3:-:-:lines=46:title=review-done-chat-confirmation
[10:59:38] elapsed=329s busy=true user-1:WaitingForReply:-:lines=97:title=add-vim-visual-mode-both-panes | user-2:WaitingForReply:-:lines=61:title=implement-strict-selected-agent-slash | user-3:-:-:lines=46:title=review-done-chat-confirmation
[10:59:43] elapsed=334s busy=true review-user-1:WaitingForReply:-:lines=0:title=review user-agent | user-1:-:-:lines=104:title=add-vim-visual-mode-both-panes | user-2:WaitingForReply:-:lines=61:title=implement-strict-selected-agent-slash | user-3:-:-:lines=46:title=review-done-chat-confirmation
[10:59:49] elapsed=340s busy=true review-user-1:WaitingForReply:-:lines=2:title=review user-agent | user-1:-:-:lines=104:title=vim-visual-mode-for-panes | user-2:WaitingForReply:-:lines=61:title=implement-strict-selected-agent-slash | user-3:-:-:lines=46:title=review-done-chat-confirmation
[10:59:59] elapsed=350s busy=true review-user-1:WaitingForReply:-:lines=4:title=review user-agent | user-1:-:-:lines=104:title=vim-visual-mode-for-panes | user-2:WaitingForReply:-:lines=61:title=implement-strict-selected-agent-slash | user-3:-:-:lines=46:title=review-done-chat-confirmation
[11:00:14] elapsed=365s busy=true review-user-1:WaitingForReply:-:lines=8:title=review user-agent | user-1:-:-:lines=104:title=vim-visual-mode-for-panes | user-2:WaitingForReply:-:lines=61:title=implement-strict-selected-agent-slash | user-3:-:-:lines=46:title=review-done-chat-confirmation
[11:00:19] elapsed=370s busy=true review-user-1:WaitingForReply:-:lines=10:title=review user-agent | user-1:-:-:lines=104:title=vim-visual-mode-for-panes | user-2:WaitingForReply:-:lines=63:title=implement-strict-selected-agent-slash | user-3:-:-:lines=46:title=review-done-chat-confirmation
[11:00:24] elapsed=375s busy=true review-user-1:WaitingForReply:-:lines=12:title=review user-agent | user-1:-:-:lines=104:title=vim-visual-mode-for-panes | user-2:WaitingForReply:-:lines=63:title=implement-strict-selected-agent-slash | user-3:-:-:lines=46:title=review-done-chat-confirmation
[11:00:29] elapsed=380s busy=true review-user-1:WaitingForReply:-:lines=13:title=review user-agent | user-1:-:-:lines=104:title=vim-visual-mode-for-panes | user-2:WaitingForReply:-:lines=65:title=implement-strict-selected-agent-slash | user-3:-:-:lines=46:title=review-done-chat-confirmation
[11:00:34] elapsed=385s busy=true review-user-1:WaitingForReply:-:lines=16:title=review user-agent | user-1:-:-:lines=104:title=vim-visual-mode-for-panes | user-2:WaitingForReply:-:lines=65:title=implement-strict-selected-agent-slash | user-3:-:-:lines=46:title=review-done-chat-confirmation
[11:00:39] elapsed=390s busy=true review-user-1:WaitingForReply:-:lines=18:title=review user-agent | user-1:-:-:lines=104:title=vim-visual-mode-for-panes | user-2:WaitingForReply:-:lines=67:title=implement-strict-selected-agent-slash | user-3:-:-:lines=46:title=review-done-chat-confirmation
[11:00:59] elapsed=410s busy=true review-user-1:WaitingForReply:-:lines=21:title=review user-agent | user-1:-:-:lines=104:title=vim-visual-mode-for-panes | user-2:WaitingForReply:-:lines=67:title=implement-strict-selected-agent-slash | user-3:-:-:lines=46:title=review-done-chat-confirmation
[11:01:09] elapsed=420s busy=true review-user-1:WaitingForReply:-:lines=24:title=review user-agent | user-1:-:-:lines=104:title=vim-visual-mode-for-panes | user-2:WaitingForReply:-:lines=67:title=implement-strict-selected-agent-slash | user-3:-:-:lines=46:title=review-done-chat-confirmation
[11:01:14] elapsed=425s busy=true review-user-1:WaitingForReply:-:lines=27:title=review user-agent | user-1:-:-:lines=104:title=vim-visual-mode-for-panes | user-2:WaitingForReply:-:lines=67:title=implement-strict-selected-agent-slash | user-3:-:-:lines=46:title=review-done-chat-confirmation
[11:01:19] elapsed=430s busy=true review-user-1:WaitingForReply:-:lines=29:title=review user-agent | user-1:-:-:lines=104:title=vim-visual-mode-for-panes | user-2:WaitingForReply:-:lines=67:title=implement-strict-selected-agent-slash | user-3:-:-:lines=46:title=review-done-chat-confirmation
[11:01:24] elapsed=435s busy=true review-user-1:WaitingForReply:-:lines=32:title=review user-agent | user-1:-:-:lines=104:title=vim-visual-mode-for-panes | user-2:WaitingForReply:-:lines=67:title=implement-strict-selected-agent-slash | user-3:-:-:lines=46:title=review-done-chat-confirmation
[11:01:55] elapsed=466s busy=true review-user-1:WaitingForReply:-:lines=34:title=review user-agent | user-1:-:-:lines=104:title=vim-visual-mode-for-panes | user-2:WaitingForReply:-:lines=67:title=implement-strict-selected-agent-slash | user-3:-:-:lines=46:title=review-done-chat-confirmation
[11:02:10] elapsed=481s busy=true review-user-1:WaitingForReply:-:lines=34:title=review user-agent | user-1:-:-:lines=104:title=vim-visual-mode-for-panes | user-2:WaitingForReply:-:lines=69:title=implement-strict-selected-agent-slash | user-3:-:-:lines=46:title=review-done-chat-confirmation
[11:02:15] elapsed=486s busy=true review-user-1:WaitingForReply:-:lines=35:title=review user-agent | user-1:WaitingForReply:-:lines=107:title=vim-visual-mode-for-panes | user-2:WaitingForReply:-:lines=69:title=implement-strict-selected-agent-slash | user-3:-:-:lines=46:title=review-done-chat-confirmation
[11:02:30] elapsed=501s busy=true review-user-1:WaitingForReply:-:lines=35:title=review user-agent | user-1:WaitingForReply:-:lines=110:title=vim-visual-mode-for-panes | user-2:WaitingForReply:-:lines=69:title=implement-strict-selected-agent-slash | user-3:-:-:lines=46:title=review-done-chat-confirmation
[11:02:35] elapsed=506s busy=true review-user-1:WaitingForReply:-:lines=35:title=review user-agent | user-1:WaitingForReply:-:lines=112:title=vim-visual-mode-for-panes | user-2:WaitingForReply:-:lines=78:title=implement-strict-selected-agent-slash | user-3:-:-:lines=46:title=review-done-chat-confirmation
[11:02:45] elapsed=516s busy=true review-user-1:WaitingForReply:-:lines=37:title=review user-agent | user-1:WaitingForReply:-:lines=113:title=vim-visual-mode-for-panes | user-2:WaitingForReply:-:lines=78:title=implement-strict-selected-agent-slash | user-3:-:-:lines=46:title=review-done-chat-confirmation
[11:02:50] elapsed=521s busy=true review-user-1:-:-:lines=38:title=review user-agent | user-1:-:NeedsDecision:lines=115:title=vim-visual-mode-for-panes | user-2:WaitingForReply:-:lines=78:title=implement-strict-selected-agent-slash | user-3:-:-:lines=46:title=review-done-chat-confirmation
[11:05:12] elapsed=663s busy=true review-user-1:-:-:lines=38:title=review user-agent | user-1:-:NeedsDecision:lines=115:title=vim-visual-mode-for-panes | user-2:WaitingForReply:-:lines=80:title=implement-strict-selected-agent-slash | user-3:-:-:lines=46:title=review-done-chat-confirmation
[11:05:22] elapsed=673s busy=true review-user-1:-:-:lines=38:title=review user-agent | user-1:-:NeedsDecision:lines=115:title=vim-visual-mode-for-panes | user-2:WaitingForReply:-:lines=85:title=implement-strict-selected-agent-slash | user-3:-:-:lines=46:title=review-done-chat-confirmation
[11:05:27] elapsed=678s busy=true review-user-1:-:-:lines=38:title=review user-agent | review-user-2:WaitingForReply:-:lines=0:title=review user-agent | user-1:-:NeedsDecision:lines=115:title=vim-visual-mode-for-panes | user-2:-:-:lines=87:title=implement-strict-selected-agent-slash | user-3:-:-:lines=46:title=review-done-chat-confirmation
[11:05:32] elapsed=683s busy=true review-user-1:-:-:lines=38:title=review user-agent | review-user-2:WaitingForReply:-:lines=2:title=review user-agent | user-1:-:NeedsDecision:lines=115:title=vim-visual-mode-for-panes | user-2:-:-:lines=87:title=strict-slash-command-execution | user-3:-:-:lines=46:title=review-done-chat-confirmation
[11:05:42] elapsed=693s busy=true review-user-1:-:-:lines=38:title=review user-agent | review-user-2:WaitingForReply:-:lines=4:title=review user-agent | user-1:-:NeedsDecision:lines=115:title=vim-visual-mode-for-panes | user-2:-:-:lines=87:title=strict-slash-command-execution | user-3:-:-:lines=46:title=review-done-chat-confirmation
[11:05:57] elapsed=708s busy=true review-user-1:-:-:lines=38:title=review user-agent | review-user-2:WaitingForReply:-:lines=5:title=review user-agent | user-1:-:NeedsDecision:lines=115:title=vim-visual-mode-for-panes | user-2:-:-:lines=87:title=strict-slash-command-execution | user-3:-:-:lines=46:title=review-done-chat-confirmation
[11:06:02] elapsed=713s busy=true review-user-1:-:-:lines=38:title=review user-agent | review-user-2:WaitingForReply:-:lines=7:title=review user-agent | user-1:-:NeedsDecision:lines=115:title=vim-visual-mode-for-panes | user-2:-:-:lines=87:title=strict-slash-command-execution | user-3:-:-:lines=46:title=review-done-chat-confirmation
[11:06:07] elapsed=718s busy=true review-user-1:-:-:lines=38:title=review user-agent | review-user-2:WaitingForReply:-:lines=16:title=review user-agent | user-1:-:NeedsDecision:lines=115:title=vim-visual-mode-for-panes | user-2:-:-:lines=87:title=strict-slash-command-execution | user-3:-:-:lines=46:title=review-done-chat-confirmation
[11:06:17] elapsed=728s busy=true review-user-1:-:-:lines=38:title=review user-agent | review-user-2:WaitingForReply:-:lines=27:title=review user-agent | user-1:-:NeedsDecision:lines=115:title=vim-visual-mode-for-panes | user-2:-:-:lines=87:title=strict-slash-command-execution | user-3:-:-:lines=46:title=review-done-chat-confirmation
[11:06:32] elapsed=743s busy=true review-user-1:-:-:lines=38:title=review user-agent | review-user-2:WaitingForReply:-:lines=33:title=review user-agent | user-1:-:NeedsDecision:lines=115:title=vim-visual-mode-for-panes | user-2:-:-:lines=87:title=strict-slash-command-execution | user-3:-:-:lines=46:title=review-done-chat-confirmation
[11:06:43] elapsed=754s busy=true review-user-1:-:-:lines=38:title=review user-agent | review-user-2:WaitingForReply:-:lines=41:title=review user-agent | user-1:-:NeedsDecision:lines=115:title=vim-visual-mode-for-panes | user-2:-:-:lines=87:title=strict-slash-command-execution | user-3:-:-:lines=46:title=review-done-chat-confirmation
[11:06:53] elapsed=764s busy=true review-user-1:-:-:lines=38:title=review user-agent | review-user-2:WaitingForReply:-:lines=48:title=review user-agent | user-1:-:NeedsDecision:lines=115:title=vim-visual-mode-for-panes | user-2:-:-:lines=87:title=strict-slash-command-execution | user-3:-:-:lines=46:title=review-done-chat-confirmation
[11:07:08] elapsed=779s busy=true review-user-1:-:-:lines=38:title=review user-agent | review-user-2:WaitingForReply:-:lines=54:title=review user-agent | user-1:-:NeedsDecision:lines=115:title=vim-visual-mode-for-panes | user-2:-:-:lines=87:title=strict-slash-command-execution | user-3:-:-:lines=46:title=review-done-chat-confirmation
[11:07:13] elapsed=784s busy=true review-user-1:-:-:lines=38:title=review user-agent | review-user-2:WaitingForReply:-:lines=56:title=review user-agent | user-1:-:NeedsDecision:lines=115:title=vim-visual-mode-for-panes | user-2:-:-:lines=87:title=strict-slash-command-execution | user-3:-:-:lines=46:title=review-done-chat-confirmation
[11:07:23] elapsed=794s busy=true review-user-1:-:-:lines=38:title=review user-agent | review-user-2:WaitingForReply:-:lines=63:title=review user-agent | user-1:-:NeedsDecision:lines=115:title=vim-visual-mode-for-panes | user-2:-:-:lines=87:title=strict-slash-command-execution | user-3:-:-:lines=46:title=review-done-chat-confirmation
[11:07:33] elapsed=804s busy=true review-user-1:-:-:lines=38:title=review user-agent | review-user-2:WaitingForReply:-:lines=64:title=review user-agent | user-1:-:NeedsDecision:lines=115:title=vim-visual-mode-for-panes | user-2:-:-:lines=87:title=strict-slash-command-execution | user-3:-:-:lines=46:title=review-done-chat-confirmation
[11:07:38] elapsed=809s busy=true review-user-1:-:-:lines=38:title=review user-agent | review-user-2:WaitingForReply:-:lines=66:title=review user-agent | user-1:-:NeedsDecision:lines=115:title=vim-visual-mode-for-panes | user-2:-:-:lines=87:title=strict-slash-command-execution | user-3:-:-:lines=46:title=review-done-chat-confirmation
[11:07:43] elapsed=814s busy=true review-user-1:-:-:lines=38:title=review user-agent | review-user-2:WaitingForReply:-:lines=68:title=review user-agent | user-1:-:NeedsDecision:lines=115:title=vim-visual-mode-for-panes | user-2:-:-:lines=87:title=strict-slash-command-execution | user-3:-:-:lines=46:title=review-done-chat-confirmation
[11:08:13] elapsed=844s busy=true review-user-1:-:-:lines=38:title=review user-agent | review-user-2:WaitingForReply:-:lines=75:title=review user-agent | user-1:-:NeedsDecision:lines=115:title=vim-visual-mode-for-panes | user-2:-:-:lines=87:title=strict-slash-command-execution | user-3:-:-:lines=46:title=review-done-chat-confirmation
[11:08:24] elapsed=854s busy=true review-user-1:-:-:lines=38:title=review user-agent | review-user-2:WaitingForReply:-:lines=81:title=review user-agent | user-1:-:NeedsDecision:lines=115:title=vim-visual-mode-for-panes | user-2:-:-:lines=87:title=strict-slash-command-execution | user-3:-:-:lines=46:title=review-done-chat-confirmation
[11:08:44] elapsed=875s busy=true review-user-1:-:-:lines=38:title=review user-agent | review-user-2:WaitingForReply:-:lines=82:title=review user-agent | user-1:-:NeedsDecision:lines=115:title=vim-visual-mode-for-panes | user-2:-:-:lines=87:title=strict-slash-command-execution | user-3:-:-:lines=46:title=review-done-chat-confirmation
[11:08:54] elapsed=885s busy=true review-user-1:-:-:lines=38:title=review user-agent | review-user-2:WaitingForReply:-:lines=84:title=review user-agent | user-1:-:NeedsDecision:lines=115:title=vim-visual-mode-for-panes | user-2:-:-:lines=87:title=strict-slash-command-execution | user-3:-:-:lines=46:title=review-done-chat-confirmation
[11:08:59] elapsed=890s busy=true review-user-1:-:-:lines=38:title=review user-agent | review-user-2:WaitingForReply:-:lines=86:title=review user-agent | user-1:-:NeedsDecision:lines=115:title=vim-visual-mode-for-panes | user-2:-:-:lines=87:title=strict-slash-command-execution | user-3:-:-:lines=46:title=review-done-chat-confirmation
[11:09:09] elapsed=900s busy=true review-user-1:-:-:lines=38:title=review user-agent | review-user-2:WaitingForReply:-:lines=88:title=review user-agent | user-1:-:NeedsDecision:lines=115:title=vim-visual-mode-for-panes | user-2:-:-:lines=87:title=strict-slash-command-execution | user-3:-:-:lines=46:title=review-done-chat-confirmation
[11:09:14] elapsed=905s busy=true review-user-1:-:-:lines=38:title=review user-agent | review-user-2:WaitingForReply:-:lines=90:title=review user-agent | user-1:-:NeedsDecision:lines=115:title=vim-visual-mode-for-panes | user-2:-:-:lines=87:title=strict-slash-command-execution | user-3:-:-:lines=46:title=review-done-chat-confirmation
[11:09:19] elapsed=910s busy=true review-user-1:-:-:lines=38:title=review user-agent | review-user-2:WaitingForReply:-:lines=91:title=review user-agent | user-1:-:NeedsDecision:lines=115:title=vim-visual-mode-for-panes | user-2:-:-:lines=87:title=strict-slash-command-execution | user-3:-:-:lines=46:title=review-done-chat-confirmation
[11:09:24] elapsed=915s busy=true review-user-1:-:-:lines=38:title=review user-agent | review-user-2:WaitingForReply:-:lines=93:title=review user-agent | user-1:-:NeedsDecision:lines=115:title=vim-visual-mode-for-panes | user-2:-:-:lines=87:title=strict-slash-command-execution | user-3:-:-:lines=46:title=review-done-chat-confirmation
[11:09:44] elapsed=935s busy=true review-user-1:-:-:lines=38:title=review user-agent | review-user-2:WaitingForReply:-:lines=95:title=review user-agent | user-1:-:NeedsDecision:lines=115:title=vim-visual-mode-for-panes | user-2:-:-:lines=87:title=strict-slash-command-execution | user-3:-:-:lines=46:title=review-done-chat-confirmation
[11:09:54] elapsed=945s busy=true review-user-1:-:-:lines=38:title=review user-agent | review-user-2:WaitingForReply:-:lines=97:title=review user-agent | user-1:-:NeedsDecision:lines=115:title=vim-visual-mode-for-panes | user-2:-:-:lines=87:title=strict-slash-command-execution | user-3:-:-:lines=46:title=review-done-chat-confirmation
[11:09:59] elapsed=950s busy=true review-user-1:-:-:lines=38:title=review user-agent | review-user-2:WaitingForReply:-:lines=98:title=review user-agent | user-1:-:NeedsDecision:lines=115:title=vim-visual-mode-for-panes | user-2:WaitingForReply:-:lines=90:title=strict-slash-command-execution | user-3:-:-:lines=46:title=review-done-chat-confirmation
[11:10:10] elapsed=961s busy=true review-user-1:-:-:lines=38:title=review user-agent | review-user-2:WaitingForReply:-:lines=98:title=review user-agent | user-1:-:NeedsDecision:lines=115:title=vim-visual-mode-for-panes | user-2:WaitingForReply:-:lines=91:title=strict-slash-command-execution | user-3:-:-:lines=46:title=review-done-chat-confirmation
[11:10:15] elapsed=966s busy=true review-user-1:-:-:lines=38:title=review user-agent | review-user-2:WaitingForReply:-:lines=98:title=review user-agent | user-1:-:NeedsDecision:lines=115:title=vim-visual-mode-for-panes | user-2:WaitingForReply:-:lines=96:title=strict-slash-command-execution | user-3:-:-:lines=46:title=review-done-chat-confirmation
[11:10:20] elapsed=971s busy=true review-user-1:-:-:lines=38:title=review user-agent | review-user-2:WaitingForReply:-:lines=99:title=review user-agent | user-1:-:NeedsDecision:lines=115:title=vim-visual-mode-for-panes | user-2:WaitingForReply:-:lines=97:title=strict-slash-command-execution | user-3:-:-:lines=46:title=review-done-chat-confirmation
[11:10:35] elapsed=986s busy=true review-user-1:-:-:lines=38:title=review user-agent | review-user-2:WaitingForReply:-:lines=100:title=review user-agent | user-1:-:NeedsDecision:lines=115:title=vim-visual-mode-for-panes | user-2:WaitingForReply:-:lines=100:title=strict-slash-command-execution | user-3:-:-:lines=46:title=review-done-chat-confirmation
[11:10:40] elapsed=991s busy=true review-user-1:-:-:lines=38:title=review user-agent | review-user-2:WaitingForReply:-:lines=100:title=review user-agent | user-1:-:NeedsDecision:lines=115:title=vim-visual-mode-for-panes | user-2:WaitingForReply:-:lines=102:title=strict-slash-command-execution | user-3:-:-:lines=46:title=review-done-chat-confirmation
[11:10:55] elapsed=1006s busy=true review-user-1:-:-:lines=38:title=review user-agent | review-user-2:WaitingForReply:-:lines=100:title=review user-agent | user-1:-:NeedsDecision:lines=115:title=vim-visual-mode-for-panes | user-2:WaitingForReply:-:lines=109:title=strict-slash-command-execution | user-3:-:-:lines=46:title=review-done-chat-confirmation
[11:11:05] elapsed=1016s busy=true review-user-1:-:-:lines=38:title=review user-agent | review-user-2:WaitingForReply:-:lines=100:title=review user-agent | user-1:-:NeedsDecision:lines=115:title=vim-visual-mode-for-panes | user-2:WaitingForReply:-:lines=111:title=strict-slash-command-execution | user-3:-:-:lines=46:title=review-done-chat-confirmation
[11:11:10] elapsed=1021s busy=true review-user-1:-:-:lines=38:title=review user-agent | review-user-2:WaitingForReply:-:lines=100:title=review user-agent | user-1:-:NeedsDecision:lines=115:title=vim-visual-mode-for-panes | user-2:WaitingForReply:-:lines=113:title=strict-slash-command-execution | user-3:-:-:lines=46:title=review-done-chat-confirmation
[11:11:30] elapsed=1041s busy=true review-user-1:-:-:lines=38:title=review user-agent | review-user-2:WaitingForReply:-:lines=100:title=review user-agent | user-1:-:NeedsDecision:lines=115:title=vim-visual-mode-for-panes | user-2:WaitingForReply:-:lines=122:title=strict-slash-command-execution | user-3:-:-:lines=46:title=review-done-chat-confirmation
[11:11:40] elapsed=1051s busy=true review-user-1:-:-:lines=38:title=review user-agent | review-user-2:WaitingForReply:-:lines=100:title=review user-agent | user-1:-:NeedsDecision:lines=115:title=vim-visual-mode-for-panes | user-2:WaitingForReply:-:lines=124:title=strict-slash-command-execution | user-3:-:-:lines=46:title=review-done-chat-confirmation
[11:12:01] elapsed=1072s busy=true review-user-1:-:-:lines=38:title=review user-agent | review-user-2:WaitingForReply:-:lines=100:title=review user-agent | user-1:-:NeedsDecision:lines=115:title=vim-visual-mode-for-panes | user-2:WaitingForReply:-:lines=131:title=strict-slash-command-execution | user-3:-:-:lines=46:title=review-done-chat-confirmation
[11:12:31] elapsed=1102s busy=true review-user-1:-:-:lines=38:title=review user-agent | review-user-2:WaitingForReply:-:lines=100:title=review user-agent | user-1:-:NeedsDecision:lines=115:title=vim-visual-mode-for-panes | user-2:WaitingForReply:-:lines=136:title=strict-slash-command-execution | user-3:-:-:lines=46:title=review-done-chat-confirmation
[11:13:01] elapsed=1132s busy=true review-user-1:-:-:lines=38:title=review user-agent | review-user-2:WaitingForReply:-:lines=100:title=review user-agent | user-1:-:NeedsDecision:lines=115:title=vim-visual-mode-for-panes | user-2:WaitingForReply:-:lines=138:title=strict-slash-command-execution | user-3:-:-:lines=46:title=review-done-chat-confirmation
[11:13:52] elapsed=1183s busy=true review-user-1:-:-:lines=38:title=review user-agent | review-user-2:WaitingForReply:-:lines=100:title=review user-agent | user-1:-:NeedsDecision:lines=115:title=vim-visual-mode-for-panes | user-2:WaitingForReply:-:lines=141:title=strict-slash-command-execution | user-3:-:-:lines=46:title=review-done-chat-confirmation
[11:14:07] elapsed=1198s busy=true review-user-1:-:-:lines=38:title=review user-agent | review-user-2:WaitingForReply:-:lines=100:title=review user-agent | user-1:-:NeedsDecision:lines=115:title=vim-visual-mode-for-panes | user-2:WaitingForReply:-:lines=143:title=strict-slash-command-execution | user-3:-:-:lines=46:title=review-done-chat-confirmation
[11:14:12] elapsed=1203s busy=true review-user-1:-:-:lines=38:title=review user-agent | review-user-2:WaitingForReply:-:lines=101:title=review user-agent | user-1:-:NeedsDecision:lines=115:title=vim-visual-mode-for-panes | user-2:WaitingForReply:-:lines=144:title=strict-slash-command-execution | user-3:-:-:lines=46:title=review-done-chat-confirmation
[11:14:32] elapsed=1223s busy=false review-user-1:-:-:lines=38:title=review user-agent | review-user-2:-:-:lines=103:title=review user-agent | user-1:-:NeedsDecision:lines=115:title=vim-visual-mode-for-panes | user-2:-:NeedsDecision:lines=146:title=strict-slash-command-execution | user-3:-:-:lines=46:title=review-done-chat-confirmation
[11:14:32] all patch agents done and 2 patch-agent commit(s) reviewed; launching force-linearize
[11:14:37] elapsed=1228s busy=true linearize:Launching:-:lines=0:title=linearize reviewed patches | review-user-1:-:-:lines=39:title=review user-agent | review-user-2:-:-:lines=104:title=review user-agent | user-1:-:NeedsDecision:lines=116:title=vim-visual-mode-for-panes | user-2:-:NeedsDecision:lines=147:title=strict-slash-command-execution | user-3:-:-:lines=47:title=review-done-chat-confirmation
[11:14:42] elapsed=1233s busy=true linearize:WaitingForReply:-:lines=2:title=linearize reviewed patches | review-user-1:-:-:lines=39:title=review user-agent | review-user-2:-:-:lines=104:title=review user-agent | user-1:-:NeedsDecision:lines=116:title=vim-visual-mode-for-panes | user-2:-:NeedsDecision:lines=147:title=strict-slash-command-execution | user-3:-:-:lines=47:title=review-done-chat-confirmation
[11:15:03] elapsed=1254s busy=true linearize:WaitingForReply:-:lines=7:title=linearize reviewed patches | review-user-1:-:-:lines=39:title=review user-agent | review-user-2:-:-:lines=104:title=review user-agent | user-1:-:NeedsDecision:lines=116:title=vim-visual-mode-for-panes | user-2:-:NeedsDecision:lines=147:title=strict-slash-command-execution | user-3:-:-:lines=47:title=review-done-chat-confirmation
[11:15:08] elapsed=1259s busy=true linearize:WaitingForReply:-:lines=17:title=linearize reviewed patches | review-user-1:-:-:lines=39:title=review user-agent | review-user-2:-:-:lines=104:title=review user-agent | user-1:-:NeedsDecision:lines=116:title=vim-visual-mode-for-panes | user-2:-:NeedsDecision:lines=147:title=strict-slash-command-execution | user-3:-:-:lines=47:title=review-done-chat-confirmation
[11:15:18] elapsed=1269s busy=true linearize:WaitingForReply:-:lines=26:title=linearize reviewed patches | review-user-1:-:-:lines=39:title=review user-agent | review-user-2:-:-:lines=104:title=review user-agent | user-1:-:NeedsDecision:lines=116:title=vim-visual-mode-for-panes | user-2:-:NeedsDecision:lines=147:title=strict-slash-command-execution | user-3:-:-:lines=47:title=review-done-chat-confirmation
[11:15:23] elapsed=1274s busy=true linearize:WaitingForReply:-:lines=32:title=linearize reviewed patches | review-user-1:-:-:lines=39:title=review user-agent | review-user-2:-:-:lines=104:title=review user-agent | user-1:-:NeedsDecision:lines=116:title=vim-visual-mode-for-panes | user-2:-:NeedsDecision:lines=147:title=strict-slash-command-execution | user-3:-:-:lines=47:title=review-done-chat-confirmation
[11:15:38] elapsed=1289s busy=true linearize:WaitingForReply:-:lines=45:title=linearize reviewed patches | review-user-1:-:-:lines=39:title=review user-agent | review-user-2:-:-:lines=104:title=review user-agent | user-1:-:NeedsDecision:lines=116:title=vim-visual-mode-for-panes | user-2:-:NeedsDecision:lines=147:title=strict-slash-command-execution | user-3:-:-:lines=47:title=review-done-chat-confirmation
[11:15:48] elapsed=1299s busy=true linearize:WaitingForReply:-:lines=58:title=linearize reviewed patches | review-user-1:-:-:lines=39:title=review user-agent | review-user-2:-:-:lines=104:title=review user-agent | user-1:-:NeedsDecision:lines=116:title=vim-visual-mode-for-panes | user-2:-:NeedsDecision:lines=147:title=strict-slash-command-execution | user-3:-:-:lines=47:title=review-done-chat-confirmation
[11:16:23] elapsed=1334s busy=false linearize:-:-:lines=59:title=linearize reviewed patches | review-user-1:-:-:lines=39:title=review user-agent | review-user-2:-:-:lines=104:title=review user-agent | user-1:-:NeedsDecision:lines=116:title=vim-visual-mode-for-panes | user-2:-:NeedsDecision:lines=147:title=strict-slash-command-execution | user-3:-:-:lines=47:title=review-done-chat-confirmation
[11:16:24] linearizer ready; accepting plan
[11:16:29] elapsed=1340s busy=true linearize:WaitingForReply:-:lines=61:title=linearize reviewed patches | review-user-1:-:-:lines=39:title=review user-agent | review-user-2:-:-:lines=104:title=review user-agent | user-1:-:NeedsDecision:lines=116:title=vim-visual-mode-for-panes | user-2:-:NeedsDecision:lines=147:title=strict-slash-command-execution | user-3:-:-:lines=47:title=review-done-chat-confirmation
[11:16:44] elapsed=1355s busy=true linearize:WaitingForReply:-:lines=70:title=linearize reviewed patches | review-user-1:-:-:lines=39:title=review user-agent | review-user-2:-:-:lines=104:title=review user-agent | user-1:-:NeedsDecision:lines=116:title=vim-visual-mode-for-panes | user-2:-:NeedsDecision:lines=147:title=strict-slash-command-execution | user-3:-:-:lines=47:title=review-done-chat-confirmation
[11:16:49] elapsed=1360s busy=true linearize:WaitingForReply:-:lines=73:title=linearize reviewed patches | review-user-1:-:-:lines=39:title=review user-agent | review-user-2:-:-:lines=104:title=review user-agent | user-1:-:NeedsDecision:lines=116:title=vim-visual-mode-for-panes | user-2:-:NeedsDecision:lines=147:title=strict-slash-command-execution | user-3:-:-:lines=47:title=review-done-chat-confirmation
[11:16:54] elapsed=1365s busy=true linearize:WaitingForReply:-:lines=78:title=linearize reviewed patches | review-user-1:-:-:lines=39:title=review user-agent | review-user-2:-:-:lines=104:title=review user-agent | user-1:-:NeedsDecision:lines=116:title=vim-visual-mode-for-panes | user-2:-:NeedsDecision:lines=147:title=strict-slash-command-execution | user-3:-:-:lines=47:title=review-done-chat-confirmation
[11:16:59] elapsed=1370s busy=true linearize:WaitingForReply:-:lines=80:title=linearize reviewed patches | review-user-1:-:-:lines=39:title=review user-agent | review-user-2:-:-:lines=104:title=review user-agent | user-1:-:NeedsDecision:lines=116:title=vim-visual-mode-for-panes | user-2:-:NeedsDecision:lines=147:title=strict-slash-command-execution | user-3:-:-:lines=47:title=review-done-chat-confirmation
[11:17:04] elapsed=1375s busy=true linearize:WaitingForReply:-:lines=81:title=linearize reviewed patches | review-user-1:-:-:lines=39:title=review user-agent | review-user-2:-:-:lines=104:title=review user-agent | user-1:-:NeedsDecision:lines=116:title=vim-visual-mode-for-panes | user-2:-:NeedsDecision:lines=147:title=strict-slash-command-execution | user-3:-:-:lines=47:title=review-done-chat-confirmation
[11:17:19] elapsed=1390s busy=true linearize:WaitingForReply:-:lines=83:title=linearize reviewed patches | review-user-1:-:-:lines=39:title=review user-agent | review-user-2:-:-:lines=104:title=review user-agent | user-1:-:NeedsDecision:lines=116:title=vim-visual-mode-for-panes | user-2:-:NeedsDecision:lines=147:title=strict-slash-command-execution | user-3:-:-:lines=47:title=review-done-chat-confirmation
[11:17:29] elapsed=1400s busy=true linearize:WaitingForReply:-:lines=89:title=linearize reviewed patches | review-user-1:-:-:lines=39:title=review user-agent | review-user-2:-:-:lines=104:title=review user-agent | user-1:-:NeedsDecision:lines=116:title=vim-visual-mode-for-panes | user-2:-:NeedsDecision:lines=147:title=strict-slash-command-execution | user-3:-:-:lines=47:title=review-done-chat-confirmation
[11:17:34] elapsed=1405s busy=true linearize:WaitingForReply:-:lines=91:title=linearize reviewed patches | review-user-1:-:-:lines=39:title=review user-agent | review-user-2:-:-:lines=104:title=review user-agent | user-1:-:NeedsDecision:lines=116:title=vim-visual-mode-for-panes | user-2:-:NeedsDecision:lines=147:title=strict-slash-command-execution | user-3:-:-:lines=47:title=review-done-chat-confirmation
[11:17:39] elapsed=1410s busy=true linearize:WaitingForReply:-:lines=94:title=linearize reviewed patches | review-user-1:-:-:lines=39:title=review user-agent | review-user-2:-:-:lines=104:title=review user-agent | user-1:-:NeedsDecision:lines=116:title=vim-visual-mode-for-panes | user-2:-:NeedsDecision:lines=147:title=strict-slash-command-execution | user-3:-:-:lines=47:title=review-done-chat-confirmation
[11:17:44] elapsed=1415s busy=true linearize:WaitingForReply:-:lines=96:title=linearize reviewed patches | review-user-1:-:-:lines=39:title=review user-agent | review-user-2:-:-:lines=104:title=review user-agent | user-1:-:NeedsDecision:lines=116:title=vim-visual-mode-for-panes | user-2:-:NeedsDecision:lines=147:title=strict-slash-command-execution | user-3:-:-:lines=47:title=review-done-chat-confirmation
[11:18:00] elapsed=1431s busy=true linearize:WaitingForReply:-:lines=99:title=linearize reviewed patches | review-user-1:-:-:lines=39:title=review user-agent | review-user-2:-:-:lines=104:title=review user-agent | user-1:-:NeedsDecision:lines=116:title=vim-visual-mode-for-panes | user-2:-:NeedsDecision:lines=147:title=strict-slash-command-execution | user-3:-:-:lines=47:title=review-done-chat-confirmation
[11:18:05] elapsed=1436s busy=true linearize:WaitingForReply:-:lines=108:title=linearize reviewed patches | review-user-1:-:-:lines=39:title=review user-agent | review-user-2:-:-:lines=104:title=review user-agent | user-1:-:NeedsDecision:lines=116:title=vim-visual-mode-for-panes | user-2:-:NeedsDecision:lines=147:title=strict-slash-command-execution | user-3:-:-:lines=47:title=review-done-chat-confirmation
[11:18:10] elapsed=1441s busy=true linearize:WaitingForReply:-:lines=111:title=linearize reviewed patches | review-user-1:-:-:lines=39:title=review user-agent | review-user-2:-:-:lines=104:title=review user-agent | user-1:-:NeedsDecision:lines=116:title=vim-visual-mode-for-panes | user-2:-:NeedsDecision:lines=147:title=strict-slash-command-execution | user-3:-:-:lines=47:title=review-done-chat-confirmation
[11:18:15] elapsed=1446s busy=true linearize:WaitingForReply:-:lines=114:title=linearize reviewed patches | review-user-1:-:-:lines=39:title=review user-agent | review-user-2:-:-:lines=104:title=review user-agent | user-1:-:NeedsDecision:lines=116:title=vim-visual-mode-for-panes | user-2:-:NeedsDecision:lines=147:title=strict-slash-command-execution | user-3:-:-:lines=47:title=review-done-chat-confirmation
[11:18:20] elapsed=1451s busy=true linearize:WaitingForReply:-:lines=120:title=linearize reviewed patches | review-user-1:-:-:lines=39:title=review user-agent | review-user-2:-:-:lines=104:title=review user-agent | user-1:-:NeedsDecision:lines=116:title=vim-visual-mode-for-panes | user-2:-:NeedsDecision:lines=147:title=strict-slash-command-execution | user-3:-:-:lines=47:title=review-done-chat-confirmation
[11:18:25] elapsed=1456s busy=true linearize:WaitingForReply:-:lines=123:title=linearize reviewed patches | review-user-1:-:-:lines=39:title=review user-agent | review-user-2:-:-:lines=104:title=review user-agent | user-1:-:NeedsDecision:lines=116:title=vim-visual-mode-for-panes | user-2:-:NeedsDecision:lines=147:title=strict-slash-command-execution | user-3:-:-:lines=47:title=review-done-chat-confirmation
[11:18:40] elapsed=1471s busy=true linearize:WaitingForReply:-:lines=130:title=linearize reviewed patches | review-user-1:-:-:lines=39:title=review user-agent | review-user-2:-:-:lines=104:title=review user-agent | user-1:-:NeedsDecision:lines=116:title=vim-visual-mode-for-panes | user-2:-:NeedsDecision:lines=147:title=strict-slash-command-execution | user-3:-:-:lines=47:title=review-done-chat-confirmation
[11:18:45] elapsed=1476s busy=true linearize:WaitingForReply:-:lines=132:title=linearize reviewed patches | review-user-1:-:-:lines=39:title=review user-agent | review-user-2:-:-:lines=104:title=review user-agent | user-1:-:NeedsDecision:lines=116:title=vim-visual-mode-for-panes | user-2:-:NeedsDecision:lines=147:title=strict-slash-command-execution | user-3:-:-:lines=47:title=review-done-chat-confirmation
[11:18:50] elapsed=1481s busy=true linearize:WaitingForReply:-:lines=134:title=linearize reviewed patches | review-user-1:-:-:lines=39:title=review user-agent | review-user-2:-:-:lines=104:title=review user-agent | user-1:-:NeedsDecision:lines=116:title=vim-visual-mode-for-panes | user-2:-:NeedsDecision:lines=147:title=strict-slash-command-execution | user-3:-:-:lines=47:title=review-done-chat-confirmation
[11:18:55] elapsed=1486s busy=true linearize:WaitingForReply:-:lines=136:title=linearize reviewed patches | review-user-1:-:-:lines=39:title=review user-agent | review-user-2:-:-:lines=104:title=review user-agent | user-1:-:NeedsDecision:lines=116:title=vim-visual-mode-for-panes | user-2:-:NeedsDecision:lines=147:title=strict-slash-command-execution | user-3:-:-:lines=47:title=review-done-chat-confirmation
[11:19:00] elapsed=1491s busy=true linearize:WaitingForReply:-:lines=137:title=linearize reviewed patches | review-user-1:-:-:lines=39:title=review user-agent | review-user-2:-:-:lines=104:title=review user-agent | user-1:-:NeedsDecision:lines=116:title=vim-visual-mode-for-panes | user-2:-:NeedsDecision:lines=147:title=strict-slash-command-execution | user-3:-:-:lines=47:title=review-done-chat-confirmation
[11:19:11] elapsed=1502s busy=true linearize:WaitingForReply:-:lines=138:title=linearize reviewed patches | review-user-1:-:-:lines=39:title=review user-agent | review-user-2:-:-:lines=104:title=review user-agent | user-1:-:NeedsDecision:lines=116:title=vim-visual-mode-for-panes | user-2:-:NeedsDecision:lines=147:title=strict-slash-command-execution | user-3:-:-:lines=47:title=review-done-chat-confirmation
[11:19:21] elapsed=1512s busy=true linearize:WaitingForReply:-:lines=149:title=linearize reviewed patches | review-user-1:-:-:lines=39:title=review user-agent | review-user-2:-:-:lines=104:title=review user-agent | user-1:-:NeedsDecision:lines=116:title=vim-visual-mode-for-panes | user-2:-:NeedsDecision:lines=147:title=strict-slash-command-execution | user-3:-:-:lines=47:title=review-done-chat-confirmation
[11:19:26] elapsed=1517s busy=true linearize:WaitingForReply:-:lines=152:title=linearize reviewed patches | review-user-1:-:-:lines=39:title=review user-agent | review-user-2:-:-:lines=104:title=review user-agent | user-1:-:NeedsDecision:lines=116:title=vim-visual-mode-for-panes | user-2:-:NeedsDecision:lines=147:title=strict-slash-command-execution | user-3:-:-:lines=47:title=review-done-chat-confirmation
[11:19:31] elapsed=1522s busy=true linearize:WaitingForReply:-:lines=154:title=linearize reviewed patches | review-user-1:-:-:lines=39:title=review user-agent | review-user-2:-:-:lines=104:title=review user-agent | user-1:-:NeedsDecision:lines=116:title=vim-visual-mode-for-panes | user-2:-:NeedsDecision:lines=147:title=strict-slash-command-execution | user-3:-:-:lines=47:title=review-done-chat-confirmation
[11:19:41] elapsed=1532s busy=true linearize:WaitingForReply:-:lines=156:title=linearize reviewed patches | review-user-1:-:-:lines=39:title=review user-agent | review-user-2:-:-:lines=104:title=review user-agent | user-1:-:NeedsDecision:lines=116:title=vim-visual-mode-for-panes | user-2:-:NeedsDecision:lines=147:title=strict-slash-command-execution | user-3:-:-:lines=47:title=review-done-chat-confirmation
[11:19:46] elapsed=1537s busy=true linearize:WaitingForReply:-:lines=157:title=linearize reviewed patches | review-user-1:-:-:lines=39:title=review user-agent | review-user-2:-:-:lines=104:title=review user-agent | user-1:-:NeedsDecision:lines=116:title=vim-visual-mode-for-panes | user-2:-:NeedsDecision:lines=147:title=strict-slash-command-execution | user-3:-:-:lines=47:title=review-done-chat-confirmation
[11:20:06] elapsed=1557s busy=true linearize:WaitingForReply:-:lines=159:title=linearize reviewed patches | review-user-1:-:-:lines=39:title=review user-agent | review-user-2:-:-:lines=104:title=review user-agent | user-1:-:NeedsDecision:lines=116:title=vim-visual-mode-for-panes | user-2:-:NeedsDecision:lines=147:title=strict-slash-command-execution | user-3:-:-:lines=47:title=review-done-chat-confirmation
[11:20:11] elapsed=1562s busy=true linearize:WaitingForReply:-:lines=161:title=linearize reviewed patches | review-user-1:-:-:lines=39:title=review user-agent | review-user-2:-:-:lines=104:title=review user-agent | user-1:-:NeedsDecision:lines=116:title=vim-visual-mode-for-panes | user-2:-:NeedsDecision:lines=147:title=strict-slash-command-execution | user-3:-:-:lines=47:title=review-done-chat-confirmation
[11:20:16] elapsed=1567s busy=true linearize:WaitingForReply:-:lines=162:title=linearize reviewed patches | review-user-1:-:-:lines=39:title=review user-agent | review-user-2:-:-:lines=104:title=review user-agent | user-1:-:NeedsDecision:lines=116:title=vim-visual-mode-for-panes | user-2:-:NeedsDecision:lines=147:title=strict-slash-command-execution | user-3:-:-:lines=47:title=review-done-chat-confirmation
[11:20:21] elapsed=1572s busy=true linearize:WaitingForReply:-:lines=170:title=linearize reviewed patches | review-user-1:-:-:lines=39:title=review user-agent | review-user-2:-:-:lines=104:title=review user-agent | user-1:-:NeedsDecision:lines=116:title=vim-visual-mode-for-panes | user-2:-:NeedsDecision:lines=147:title=strict-slash-command-execution | user-3:-:-:lines=47:title=review-done-chat-confirmation
[11:20:26] elapsed=1577s busy=true linearize:WaitingForReply:-:lines=173:title=linearize reviewed patches | review-user-1:-:-:lines=39:title=review user-agent | review-user-2:-:-:lines=104:title=review user-agent | user-1:-:NeedsDecision:lines=116:title=vim-visual-mode-for-panes | user-2:-:NeedsDecision:lines=147:title=strict-slash-command-execution | user-3:-:-:lines=47:title=review-done-chat-confirmation
[11:20:31] elapsed=1582s busy=true linearize:WaitingForReply:-:lines=176:title=linearize reviewed patches | review-user-1:-:-:lines=39:title=review user-agent | review-user-2:-:-:lines=104:title=review user-agent | user-1:-:NeedsDecision:lines=116:title=vim-visual-mode-for-panes | user-2:-:NeedsDecision:lines=147:title=strict-slash-command-execution | user-3:-:-:lines=47:title=review-done-chat-confirmation
[11:20:37] elapsed=1588s busy=true linearize:WaitingForReply:-:lines=180:title=linearize reviewed patches | review-user-1:-:-:lines=39:title=review user-agent | review-user-2:-:-:lines=104:title=review user-agent | user-1:-:NeedsDecision:lines=116:title=vim-visual-mode-for-panes | user-2:-:NeedsDecision:lines=147:title=strict-slash-command-execution | user-3:-:-:lines=47:title=review-done-chat-confirmation
[11:20:52] elapsed=1603s busy=true linearize:WaitingForReply:-:lines=181:title=linearize reviewed patches | review-user-1:-:-:lines=39:title=review user-agent | review-user-2:-:-:lines=104:title=review user-agent | user-1:-:NeedsDecision:lines=116:title=vim-visual-mode-for-panes | user-2:-:NeedsDecision:lines=147:title=strict-slash-command-execution | user-3:-:-:lines=47:title=review-done-chat-confirmation
[11:20:57] elapsed=1608s busy=true linearize:WaitingForReply:-:lines=184:title=linearize reviewed patches | review-user-1:-:-:lines=39:title=review user-agent | review-user-2:-:-:lines=104:title=review user-agent | user-1:-:NeedsDecision:lines=116:title=vim-visual-mode-for-panes | user-2:-:NeedsDecision:lines=147:title=strict-slash-command-execution | user-3:-:-:lines=47:title=review-done-chat-confirmation
[11:21:02] elapsed=1613s busy=true linearize:WaitingForReply:-:lines=193:title=linearize reviewed patches | review-user-1:-:-:lines=39:title=review user-agent | review-user-2:-:-:lines=104:title=review user-agent | user-1:-:NeedsDecision:lines=116:title=vim-visual-mode-for-panes | user-2:-:NeedsDecision:lines=147:title=strict-slash-command-execution | user-3:-:-:lines=47:title=review-done-chat-confirmation
[11:21:07] elapsed=1618s busy=true linearize:WaitingForReply:-:lines=196:title=linearize reviewed patches | review-user-1:-:-:lines=39:title=review user-agent | review-user-2:-:-:lines=104:title=review user-agent | user-1:-:NeedsDecision:lines=116:title=vim-visual-mode-for-panes | user-2:-:NeedsDecision:lines=147:title=strict-slash-command-execution | user-3:-:-:lines=47:title=review-done-chat-confirmation
[11:21:22] elapsed=1633s busy=true linearize:WaitingForReply:-:lines=198:title=linearize reviewed patches | review-user-1:-:-:lines=39:title=review user-agent | review-user-2:-:-:lines=104:title=review user-agent | user-1:-:NeedsDecision:lines=116:title=vim-visual-mode-for-panes | user-2:-:NeedsDecision:lines=147:title=strict-slash-command-execution | user-3:-:-:lines=47:title=review-done-chat-confirmation
[11:21:27] elapsed=1638s busy=true linearize:WaitingForReply:-:lines=201:title=linearize reviewed patches | review-user-1:-:-:lines=39:title=review user-agent | review-user-2:-:-:lines=104:title=review user-agent | user-1:-:NeedsDecision:lines=116:title=vim-visual-mode-for-panes | user-2:-:NeedsDecision:lines=147:title=strict-slash-command-execution | user-3:-:-:lines=47:title=review-done-chat-confirmation
[11:21:32] elapsed=1643s busy=true linearize:WaitingForReply:-:lines=202:title=linearize reviewed patches | review-user-1:-:-:lines=39:title=review user-agent | review-user-2:-:-:lines=104:title=review user-agent | user-1:-:NeedsDecision:lines=116:title=vim-visual-mode-for-panes | user-2:-:NeedsDecision:lines=147:title=strict-slash-command-execution | user-3:-:-:lines=47:title=review-done-chat-confirmation
[11:21:37] elapsed=1648s busy=true linearize:WaitingForReply:-:lines=206:title=linearize reviewed patches | review-user-1:-:-:lines=39:title=review user-agent | review-user-2:-:-:lines=104:title=review user-agent | user-1:-:NeedsDecision:lines=116:title=vim-visual-mode-for-panes | user-2:-:NeedsDecision:lines=147:title=strict-slash-command-execution | user-3:-:-:lines=47:title=review-done-chat-confirmation
[11:21:42] elapsed=1653s busy=true linearize:WaitingForReply:-:lines=207:title=linearize reviewed patches | review-user-1:-:-:lines=39:title=review user-agent | review-user-2:-:-:lines=104:title=review user-agent | user-1:-:NeedsDecision:lines=116:title=vim-visual-mode-for-panes | user-2:-:NeedsDecision:lines=147:title=strict-slash-command-execution | user-3:-:-:lines=47:title=review-done-chat-confirmation
[11:21:52] elapsed=1663s busy=true linearize:WaitingForReply:-:lines=214:title=linearize reviewed patches | review-user-1:-:-:lines=39:title=review user-agent | review-user-2:-:-:lines=104:title=review user-agent | user-1:-:NeedsDecision:lines=116:title=vim-visual-mode-for-panes | user-2:-:NeedsDecision:lines=147:title=strict-slash-command-execution | user-3:-:-:lines=47:title=review-done-chat-confirmation
[11:21:57] elapsed=1668s busy=true linearize:WaitingForReply:-:lines=215:title=linearize reviewed patches | review-user-1:-:-:lines=39:title=review user-agent | review-user-2:-:-:lines=104:title=review user-agent | user-1:-:NeedsDecision:lines=116:title=vim-visual-mode-for-panes | user-2:-:NeedsDecision:lines=147:title=strict-slash-command-execution | user-3:-:-:lines=47:title=review-done-chat-confirmation
[11:22:02] elapsed=1673s busy=true linearize:WaitingForReply:-:lines=217:title=linearize reviewed patches | review-user-1:-:-:lines=39:title=review user-agent | review-user-2:-:-:lines=104:title=review user-agent | user-1:-:NeedsDecision:lines=116:title=vim-visual-mode-for-panes | user-2:-:NeedsDecision:lines=147:title=strict-slash-command-execution | user-3:-:-:lines=47:title=review-done-chat-confirmation
[11:22:08] elapsed=1678s busy=true linearize:WaitingForReply:-:lines=226:title=linearize reviewed patches | review-user-1:-:-:lines=39:title=review user-agent | review-user-2:-:-:lines=104:title=review user-agent | user-1:-:NeedsDecision:lines=116:title=vim-visual-mode-for-panes | user-2:-:NeedsDecision:lines=147:title=strict-slash-command-execution | user-3:-:-:lines=47:title=review-done-chat-confirmation
[11:22:13] elapsed=1684s busy=true linearize:WaitingForReply:-:lines=229:title=linearize reviewed patches | review-user-1:-:-:lines=39:title=review user-agent | review-user-2:-:-:lines=104:title=review user-agent | user-1:-:NeedsDecision:lines=116:title=vim-visual-mode-for-panes | user-2:-:NeedsDecision:lines=147:title=strict-slash-command-execution | user-3:-:-:lines=47:title=review-done-chat-confirmation
[11:22:18] elapsed=1689s busy=true linearize:WaitingForReply:-:lines=232:title=linearize reviewed patches | review-user-1:-:-:lines=39:title=review user-agent | review-user-2:-:-:lines=104:title=review user-agent | user-1:-:NeedsDecision:lines=116:title=vim-visual-mode-for-panes | user-2:-:NeedsDecision:lines=147:title=strict-slash-command-execution | user-3:-:-:lines=47:title=review-done-chat-confirmation
[11:22:23] elapsed=1694s busy=true linearize:WaitingForReply:-:lines=234:title=linearize reviewed patches | review-user-1:-:-:lines=39:title=review user-agent | review-user-2:-:-:lines=104:title=review user-agent | user-1:-:NeedsDecision:lines=116:title=vim-visual-mode-for-panes | user-2:-:NeedsDecision:lines=147:title=strict-slash-command-execution | user-3:-:-:lines=47:title=review-done-chat-confirmation
[11:22:38] elapsed=1709s busy=true linearize:WaitingForReply:-:lines=235:title=linearize reviewed patches | review-user-1:-:-:lines=39:title=review user-agent | review-user-2:-:-:lines=104:title=review user-agent | user-1:-:NeedsDecision:lines=116:title=vim-visual-mode-for-panes | user-2:-:NeedsDecision:lines=147:title=strict-slash-command-execution | user-3:-:-:lines=47:title=review-done-chat-confirmation
[11:22:48] elapsed=1719s busy=true linearize:WaitingForReply:-:lines=246:title=linearize reviewed patches | review-user-1:-:-:lines=39:title=review user-agent | review-user-2:-:-:lines=104:title=review user-agent | user-1:-:NeedsDecision:lines=116:title=vim-visual-mode-for-panes | user-2:-:NeedsDecision:lines=147:title=strict-slash-command-execution | user-3:-:-:lines=47:title=review-done-chat-confirmation
[11:22:53] elapsed=1724s busy=true linearize:WaitingForReply:-:lines=249:title=linearize reviewed patches | review-user-1:-:-:lines=39:title=review user-agent | review-user-2:-:-:lines=104:title=review user-agent | user-1:-:NeedsDecision:lines=116:title=vim-visual-mode-for-panes | user-2:-:NeedsDecision:lines=147:title=strict-slash-command-execution | user-3:-:-:lines=47:title=review-done-chat-confirmation
[11:23:18] elapsed=1749s busy=true linearize:WaitingForReply:-:lines=251:title=linearize reviewed patches | review-user-1:-:-:lines=39:title=review user-agent | review-user-2:-:-:lines=104:title=review user-agent | user-1:-:NeedsDecision:lines=116:title=vim-visual-mode-for-panes | user-2:-:NeedsDecision:lines=147:title=strict-slash-command-execution | user-3:-:-:lines=47:title=review-done-chat-confirmation
[11:23:23] elapsed=1754s busy=true linearize:WaitingForReply:-:lines=252:title=linearize reviewed patches | review-user-1:-:-:lines=39:title=review user-agent | review-user-2:-:-:lines=104:title=review user-agent | user-1:-:NeedsDecision:lines=116:title=vim-visual-mode-for-panes | user-2:-:NeedsDecision:lines=147:title=strict-slash-command-execution | user-3:-:-:lines=47:title=review-done-chat-confirmation
[11:23:28] elapsed=1759s busy=true linearize:WaitingForReply:-:lines=254:title=linearize reviewed patches | review-user-1:-:-:lines=39:title=review user-agent | review-user-2:-:-:lines=104:title=review user-agent | user-1:-:NeedsDecision:lines=116:title=vim-visual-mode-for-panes | user-2:-:NeedsDecision:lines=147:title=strict-slash-command-execution | user-3:-:-:lines=47:title=review-done-chat-confirmation
[11:23:33] elapsed=1764s busy=true linearize:WaitingForReply:-:lines=257:title=linearize reviewed patches | review-user-1:-:-:lines=39:title=review user-agent | review-user-2:-:-:lines=104:title=review user-agent | user-1:-:NeedsDecision:lines=116:title=vim-visual-mode-for-panes | user-2:-:NeedsDecision:lines=147:title=strict-slash-command-execution | user-3:-:-:lines=47:title=review-done-chat-confirmation
[11:23:43] elapsed=1774s busy=true linearize:WaitingForReply:-:lines=264:title=linearize reviewed patches | review-user-1:-:-:lines=39:title=review user-agent | review-user-2:-:-:lines=104:title=review user-agent | user-1:-:NeedsDecision:lines=116:title=vim-visual-mode-for-panes | user-2:-:NeedsDecision:lines=147:title=strict-slash-command-execution | user-3:-:-:lines=47:title=review-done-chat-confirmation
[11:23:49] elapsed=1780s busy=true linearize:WaitingForReply:-:lines=267:title=linearize reviewed patches | review-user-1:-:-:lines=39:title=review user-agent | review-user-2:-:-:lines=104:title=review user-agent | user-1:-:NeedsDecision:lines=116:title=vim-visual-mode-for-panes | user-2:-:NeedsDecision:lines=147:title=strict-slash-command-execution | user-3:-:-:lines=47:title=review-done-chat-confirmation
[11:23:54] elapsed=1785s busy=true linearize:WaitingForReply:-:lines=270:title=linearize reviewed patches | review-user-1:-:-:lines=39:title=review user-agent | review-user-2:-:-:lines=104:title=review user-agent | user-1:-:NeedsDecision:lines=116:title=vim-visual-mode-for-panes | user-2:-:NeedsDecision:lines=147:title=strict-slash-command-execution | user-3:-:-:lines=47:title=review-done-chat-confirmation
[11:23:59] elapsed=1790s busy=true linearize:WaitingForReply:-:lines=274:title=linearize reviewed patches | review-user-1:-:-:lines=39:title=review user-agent | review-user-2:-:-:lines=104:title=review user-agent | user-1:-:NeedsDecision:lines=116:title=vim-visual-mode-for-panes | user-2:-:NeedsDecision:lines=147:title=strict-slash-command-execution | user-3:-:-:lines=47:title=review-done-chat-confirmation
[11:24:04] elapsed=1795s busy=true linearize:WaitingForReply:-:lines=275:title=linearize reviewed patches | review-user-1:-:-:lines=39:title=review user-agent | review-user-2:-:-:lines=104:title=review user-agent | user-1:-:NeedsDecision:lines=116:title=vim-visual-mode-for-panes | user-2:-:NeedsDecision:lines=147:title=strict-slash-command-execution | user-3:-:-:lines=47:title=review-done-chat-confirmation
[11:24:14] elapsed=1805s busy=true linearize:WaitingForReply:-:lines=284:title=linearize reviewed patches | review-user-1:-:-:lines=39:title=review user-agent | review-user-2:-:-:lines=104:title=review user-agent | user-1:-:NeedsDecision:lines=116:title=vim-visual-mode-for-panes | user-2:-:NeedsDecision:lines=147:title=strict-slash-command-execution | user-3:-:-:lines=47:title=review-done-chat-confirmation
[11:24:29] elapsed=1820s busy=true linearize:WaitingForReply:-:lines=285:title=linearize reviewed patches | review-user-1:-:-:lines=39:title=review user-agent | review-user-2:-:-:lines=104:title=review user-agent | user-1:-:NeedsDecision:lines=116:title=vim-visual-mode-for-panes | user-2:-:NeedsDecision:lines=147:title=strict-slash-command-execution | user-3:-:-:lines=47:title=review-done-chat-confirmation
[11:24:34] elapsed=1825s busy=true linearize:WaitingForReply:-:lines=287:title=linearize reviewed patches | review-user-1:-:-:lines=39:title=review user-agent | review-user-2:-:-:lines=104:title=review user-agent | user-1:-:NeedsDecision:lines=116:title=vim-visual-mode-for-panes | user-2:-:NeedsDecision:lines=147:title=strict-slash-command-execution | user-3:-:-:lines=47:title=review-done-chat-confirmation
[11:24:39] elapsed=1830s busy=true linearize:WaitingForReply:-:lines=288:title=linearize reviewed patches | review-user-1:-:-:lines=39:title=review user-agent | review-user-2:-:-:lines=104:title=review user-agent | user-1:-:NeedsDecision:lines=116:title=vim-visual-mode-for-panes | user-2:-:NeedsDecision:lines=147:title=strict-slash-command-execution | user-3:-:-:lines=47:title=review-done-chat-confirmation
[11:24:44] elapsed=1835s busy=true linearize:WaitingForReply:-:lines=290:title=linearize reviewed patches | review-user-1:-:-:lines=39:title=review user-agent | review-user-2:-:-:lines=104:title=review user-agent | user-1:-:NeedsDecision:lines=116:title=vim-visual-mode-for-panes | user-2:-:NeedsDecision:lines=147:title=strict-slash-command-execution | user-3:-:-:lines=47:title=review-done-chat-confirmation
[11:24:49] elapsed=1840s busy=true linearize:WaitingForReply:-:lines=292:title=linearize reviewed patches | review-user-1:-:-:lines=39:title=review user-agent | review-user-2:-:-:lines=104:title=review user-agent | user-1:-:NeedsDecision:lines=116:title=vim-visual-mode-for-panes | user-2:-:NeedsDecision:lines=147:title=strict-slash-command-execution | user-3:-:-:lines=47:title=review-done-chat-confirmation
[11:24:54] elapsed=1845s busy=true linearize:WaitingForReply:-:lines=294:title=linearize reviewed patches | review-user-1:-:-:lines=39:title=review user-agent | review-user-2:-:-:lines=104:title=review user-agent | user-1:-:NeedsDecision:lines=116:title=vim-visual-mode-for-panes | user-2:-:NeedsDecision:lines=147:title=strict-slash-command-execution | user-3:-:-:lines=47:title=review-done-chat-confirmation
[11:24:59] elapsed=1850s busy=true linearize:WaitingForReply:-:lines=295:title=linearize reviewed patches | review-user-1:-:-:lines=39:title=review user-agent | review-user-2:-:-:lines=104:title=review user-agent | user-1:-:NeedsDecision:lines=116:title=vim-visual-mode-for-panes | user-2:-:NeedsDecision:lines=147:title=strict-slash-command-execution | user-3:-:-:lines=47:title=review-done-chat-confirmation
[11:25:04] elapsed=1855s busy=true linearize:WaitingForReply:-:lines=302:title=linearize reviewed patches | review-user-1:-:-:lines=39:title=review user-agent | review-user-2:-:-:lines=104:title=review user-agent | user-1:-:NeedsDecision:lines=116:title=vim-visual-mode-for-panes | user-2:-:NeedsDecision:lines=147:title=strict-slash-command-execution | user-3:-:-:lines=47:title=review-done-chat-confirmation
[11:25:09] elapsed=1860s busy=true linearize:WaitingForReply:-:lines=305:title=linearize reviewed patches | review-user-1:-:-:lines=39:title=review user-agent | review-user-2:-:-:lines=104:title=review user-agent | user-1:-:NeedsDecision:lines=116:title=vim-visual-mode-for-panes | user-2:-:NeedsDecision:lines=147:title=strict-slash-command-execution | user-3:-:-:lines=47:title=review-done-chat-confirmation
[11:25:14] elapsed=1865s busy=true linearize:WaitingForReply:-:lines=310:title=linearize reviewed patches | review-user-1:-:-:lines=39:title=review user-agent | review-user-2:-:-:lines=104:title=review user-agent | user-1:-:NeedsDecision:lines=116:title=vim-visual-mode-for-panes | user-2:-:NeedsDecision:lines=147:title=strict-slash-command-execution | user-3:-:-:lines=47:title=review-done-chat-confirmation
[11:25:20] elapsed=1871s busy=true linearize:WaitingForReply:-:lines=312:title=linearize reviewed patches | review-user-1:-:-:lines=39:title=review user-agent | review-user-2:-:-:lines=104:title=review user-agent | user-1:-:NeedsDecision:lines=116:title=vim-visual-mode-for-panes | user-2:-:NeedsDecision:lines=147:title=strict-slash-command-execution | user-3:-:-:lines=47:title=review-done-chat-confirmation
[11:25:40] elapsed=1891s busy=true linearize:WaitingForReply:-:lines=313:title=linearize reviewed patches | review-user-1:-:-:lines=39:title=review user-agent | review-user-2:-:-:lines=104:title=review user-agent | user-1:-:NeedsDecision:lines=116:title=vim-visual-mode-for-panes | user-2:-:NeedsDecision:lines=147:title=strict-slash-command-execution | user-3:-:-:lines=47:title=review-done-chat-confirmation
[11:25:45] elapsed=1896s busy=true linearize:WaitingForReply:-:lines=315:title=linearize reviewed patches | review-user-1:-:-:lines=39:title=review user-agent | review-user-2:-:-:lines=104:title=review user-agent | user-1:-:NeedsDecision:lines=116:title=vim-visual-mode-for-panes | user-2:-:NeedsDecision:lines=147:title=strict-slash-command-execution | user-3:-:-:lines=47:title=review-done-chat-confirmation
[11:25:50] elapsed=1901s busy=true linearize:WaitingForReply:-:lines=316:title=linearize reviewed patches | review-user-1:-:-:lines=39:title=review user-agent | review-user-2:-:-:lines=104:title=review user-agent | user-1:-:NeedsDecision:lines=116:title=vim-visual-mode-for-panes | user-2:-:NeedsDecision:lines=147:title=strict-slash-command-execution | user-3:-:-:lines=47:title=review-done-chat-confirmation
[11:25:55] elapsed=1906s busy=true linearize:WaitingForReply:-:lines=317:title=linearize reviewed patches | review-user-1:-:-:lines=39:title=review user-agent | review-user-2:-:-:lines=104:title=review user-agent | user-1:-:NeedsDecision:lines=116:title=vim-visual-mode-for-panes | user-2:-:NeedsDecision:lines=147:title=strict-slash-command-execution | user-3:-:-:lines=47:title=review-done-chat-confirmation
[11:26:00] elapsed=1911s busy=true linearize:WaitingForReply:-:lines=319:title=linearize reviewed patches | review-user-1:-:-:lines=39:title=review user-agent | review-user-2:-:-:lines=104:title=review user-agent | user-1:-:NeedsDecision:lines=116:title=vim-visual-mode-for-panes | user-2:-:NeedsDecision:lines=147:title=strict-slash-command-execution | user-3:-:-:lines=47:title=review-done-chat-confirmation
[11:26:15] elapsed=1926s busy=true linearize:WaitingForReply:-:lines=328:title=linearize reviewed patches | review-user-1:-:-:lines=39:title=review user-agent | review-user-2:-:-:lines=104:title=review user-agent | user-1:-:NeedsDecision:lines=116:title=vim-visual-mode-for-panes | user-2:-:NeedsDecision:lines=147:title=strict-slash-command-execution | user-3:-:-:lines=47:title=review-done-chat-confirmation
[11:26:35] elapsed=1946s busy=false linearize:-:-:lines=329:title=linearize reviewed patches | review-user-1:-:-:lines=39:title=review user-agent | review-user-2:-:-:lines=104:title=review user-agent | user-1:-:NeedsDecision:lines=116:title=vim-visual-mode-for-panes | user-2:-:NeedsDecision:lines=147:title=strict-slash-command-execution | user-3:-:-:lines=47:title=review-done-chat-confirmation
[11:26:35] running final code quality checks
[11:26:49] bench report: /home/user/src/work-leaf/bench-results/parallel-extra-6-20260623T105409+0200/runs/run-1/20260623T105409+0200-extra6-r1-three-feature-bench.md
