[09:28:06] WORK_LEAF_BENCH_TEMP=/tmp/work-leaf-3feature-bench.2bR1Gz
[09:28:06] WORK_LEAF_BENCH_SOURCE_HEAD=7014e00d15ecb242e3848478da86f5b8dcbbf114
Cloning into '/tmp/work-leaf-3feature-bench.2bR1Gz/repo'...
done.
HEAD is now at 7014e00 v0.1.1
[09:28:07] WORK_LEAF_BENCH_BASE=69f1bd7d02bf4f406db9a86d1e5fdec28ee5c5c3
[09:28:07] daemon URL: http://127.0.0.1:43521
[09:28:07] web UI URL: http://127.0.0.1:41793
[09:28:07] started 3 patch agents
[09:28:07] elapsed=1s busy=true user-1:Launching:-:lines=0:title=add-vim-visual-mode-both-panes | user-2:Launching:-:lines=0:title=implement-strict-selected-agent-slash | user-3:Launching:-:lines=0:title=when-review-process-done-patch-agent
[09:28:12] elapsed=6s busy=true user-1:WaitingForReply:-:lines=2:title=add-vim-visual-mode-both-panes | user-2:Launching:-:lines=0:title=implement-strict-selected-agent-slash | user-3:Launching:-:lines=0:title=when-review-process-done-patch-agent
[09:28:17] elapsed=11s busy=true user-1:WaitingForReply:-:lines=2:title=add-vim-visual-mode-both-panes | user-2:WaitingForReply:-:lines=2:title=implement-strict-selected-agent-slash | user-3:Launching:-:lines=0:title=when-review-process-done-patch-agent
[09:28:22] elapsed=16s busy=true user-1:WaitingForReply:-:lines=2:title=add-vim-visual-mode-both-panes | user-2:WaitingForReply:-:lines=2:title=implement-strict-selected-agent-slash | user-3:WaitingForReply:-:lines=2:title=when-review-process-done-patch-agent
[09:28:27] elapsed=21s busy=true user-1:WaitingForReply:-:lines=4:title=add-vim-visual-mode-both-panes | user-2:WaitingForReply:-:lines=2:title=implement-strict-selected-agent-slash | user-3:WaitingForReply:-:lines=4:title=when-review-process-done-patch-agent
[09:28:32] elapsed=26s busy=true user-1:WaitingForReply:-:lines=4:title=add-vim-visual-mode-both-panes | user-2:WaitingForReply:-:lines=4:title=implement-strict-selected-agent-slash | user-3:WaitingForReply:-:lines=4:title=when-review-process-done-patch-agent
[09:28:37] elapsed=31s busy=true user-1:WaitingForReply:-:lines=4:title=add-vim-visual-mode-both-panes | user-2:WaitingForReply:-:lines=4:title=implement-strict-selected-agent-slash | user-3:WaitingForReply:-:lines=7:title=when-review-process-done-patch-agent
[09:28:42] elapsed=36s busy=true user-1:WaitingForReply:-:lines=7:title=add-vim-visual-mode-both-panes | user-2:WaitingForReply:-:lines=5:title=implement-strict-selected-agent-slash | user-3:WaitingForReply:-:lines=9:title=when-review-process-done-patch-agent
[09:28:52] elapsed=46s busy=true user-1:WaitingForReply:-:lines=9:title=add-vim-visual-mode-both-panes | user-2:WaitingForReply:-:lines=7:title=implement-strict-selected-agent-slash | user-3:WaitingForReply:-:lines=11:title=when-review-process-done-patch-agent
[09:28:57] elapsed=51s busy=true user-1:WaitingForReply:-:lines=10:title=add-vim-visual-mode-both-panes | user-2:WaitingForReply:-:lines=7:title=implement-strict-selected-agent-slash | user-3:WaitingForReply:-:lines=13:title=when-review-process-done-patch-agent
[09:29:02] elapsed=56s busy=true user-1:WaitingForReply:-:lines=12:title=add-vim-visual-mode-both-panes | user-2:WaitingForReply:-:lines=16:title=implement-strict-selected-agent-slash | user-3:WaitingForReply:-:lines=13:title=when-review-process-done-patch-agent
[09:29:08] elapsed=61s busy=true user-1:WaitingForReply:-:lines=14:title=add-vim-visual-mode-both-panes | user-2:WaitingForReply:-:lines=16:title=implement-strict-selected-agent-slash | user-3:WaitingForReply:-:lines=16:title=when-review-process-done-patch-agent
[09:29:18] elapsed=72s busy=true user-1:WaitingForReply:-:lines=14:title=add-vim-visual-mode-both-panes | user-2:WaitingForReply:-:lines=25:title=implement-strict-selected-agent-slash | user-3:WaitingForReply:-:lines=18:title=when-review-process-done-patch-agent
[09:29:23] elapsed=77s busy=true user-1:WaitingForReply:-:lines=16:title=add-vim-visual-mode-both-panes | user-2:WaitingForReply:-:lines=26:title=implement-strict-selected-agent-slash | user-3:WaitingForReply:-:lines=20:title=when-review-process-done-patch-agent
[09:29:28] elapsed=82s busy=true user-1:WaitingForReply:-:lines=18:title=add-vim-visual-mode-both-panes | user-2:WaitingForReply:-:lines=28:title=implement-strict-selected-agent-slash | user-3:WaitingForReply:-:lines=22:title=when-review-process-done-patch-agent
[09:29:33] elapsed=87s busy=true user-1:WaitingForReply:-:lines=18:title=add-vim-visual-mode-both-panes | user-2:WaitingForReply:-:lines=28:title=implement-strict-selected-agent-slash | user-3:WaitingForReply:-:lines=24:title=when-review-process-done-patch-agent
[09:29:38] elapsed=92s busy=true user-1:WaitingForReply:-:lines=20:title=add-vim-visual-mode-both-panes | user-2:WaitingForReply:-:lines=39:title=implement-strict-selected-agent-slash | user-3:WaitingForReply:-:lines=26:title=when-review-process-done-patch-agent
[09:29:48] elapsed=102s busy=true user-1:WaitingForReply:-:lines=23:title=add-vim-visual-mode-both-panes | user-2:WaitingForReply:-:lines=46:title=implement-strict-selected-agent-slash | user-3:WaitingForReply:-:lines=29:title=when-review-process-done-patch-agent
[09:29:53] elapsed=107s busy=true user-1:WaitingForReply:-:lines=23:title=add-vim-visual-mode-both-panes | user-2:WaitingForReply:-:lines=46:title=implement-strict-selected-agent-slash | user-3:WaitingForReply:-:lines=30:title=when-review-process-done-patch-agent
[09:29:58] elapsed=112s busy=true user-1:WaitingForReply:-:lines=23:title=add-vim-visual-mode-both-panes | user-2:WaitingForReply:-:lines=48:title=implement-strict-selected-agent-slash | user-3:WaitingForReply:-:lines=33:title=when-review-process-done-patch-agent
[09:30:03] elapsed=117s busy=true user-1:WaitingForReply:-:lines=25:title=add-vim-visual-mode-both-panes | user-2:WaitingForReply:-:lines=48:title=implement-strict-selected-agent-slash | user-3:WaitingForReply:-:lines=35:title=when-review-process-done-patch-agent
[09:30:08] elapsed=122s busy=true user-1:WaitingForReply:-:lines=25:title=add-vim-visual-mode-both-panes | user-2:WaitingForReply:-:lines=48:title=implement-strict-selected-agent-slash | user-3:WaitingForReply:-:lines=38:title=when-review-process-done-patch-agent
[09:30:18] elapsed=132s busy=true user-1:WaitingForReply:-:lines=25:title=add-vim-visual-mode-both-panes | user-2:WaitingForReply:-:lines=57:title=implement-strict-selected-agent-slash | user-3:WaitingForReply:-:lines=38:title=when-review-process-done-patch-agent
[09:30:28] elapsed=142s busy=true user-1:WaitingForReply:-:lines=25:title=add-vim-visual-mode-both-panes | user-2:WaitingForReply:-:lines=64:title=implement-strict-selected-agent-slash | user-3:WaitingForReply:-:lines=39:title=when-review-process-done-patch-agent
[09:30:33] elapsed=147s busy=true user-1:WaitingForReply:-:lines=25:title=add-vim-visual-mode-both-panes | user-2:WaitingForReply:-:lines=64:title=implement-strict-selected-agent-slash | user-3:WaitingForReply:-:lines=41:title=when-review-process-done-patch-agent
[09:30:38] elapsed=152s busy=true user-1:WaitingForReply:-:lines=25:title=add-vim-visual-mode-both-panes | user-2:WaitingForReply:-:lines=70:title=implement-strict-selected-agent-slash | user-3:WaitingForReply:-:lines=41:title=when-review-process-done-patch-agent
[09:30:43] elapsed=157s busy=true user-1:WaitingForReply:-:lines=25:title=add-vim-visual-mode-both-panes | user-2:WaitingForReply:-:lines=70:title=implement-strict-selected-agent-slash | user-3:WaitingForReply:-:lines=44:title=when-review-process-done-patch-agent
[09:30:48] elapsed=162s busy=true user-1:WaitingForReply:-:lines=27:title=add-vim-visual-mode-both-panes | user-2:WaitingForReply:-:lines=70:title=implement-strict-selected-agent-slash | user-3:WaitingForReply:-:lines=44:title=when-review-process-done-patch-agent
[09:30:59] elapsed=173s busy=true user-1:WaitingForReply:-:lines=27:title=add-vim-visual-mode-both-panes | user-2:WaitingForReply:-:lines=79:title=implement-strict-selected-agent-slash | user-3:WaitingForReply:-:lines=46:title=when-review-process-done-patch-agent
[09:31:09] elapsed=183s busy=true user-1:WaitingForReply:-:lines=27:title=add-vim-visual-mode-both-panes | user-2:WaitingForReply:-:lines=86:title=implement-strict-selected-agent-slash | user-3:WaitingForReply:-:lines=52:title=when-review-process-done-patch-agent
[09:31:24] elapsed=198s busy=true user-1:WaitingForReply:-:lines=27:title=add-vim-visual-mode-both-panes | user-2:WaitingForReply:-:lines=89:title=implement-strict-selected-agent-slash | user-3:WaitingForReply:-:lines=55:title=when-review-process-done-patch-agent
[09:31:29] elapsed=203s busy=true user-1:WaitingForReply:-:lines=27:title=add-vim-visual-mode-both-panes | user-2:WaitingForReply:-:lines=89:title=implement-strict-selected-agent-slash | user-3:WaitingForReply:-:lines=57:title=when-review-process-done-patch-agent
[09:31:44] elapsed=218s busy=true user-1:WaitingForReply:-:lines=27:title=add-vim-visual-mode-both-panes | user-2:WaitingForReply:-:lines=90:title=implement-strict-selected-agent-slash | user-3:WaitingForReply:-:lines=58:title=when-review-process-done-patch-agent
[09:31:49] elapsed=223s busy=true user-1:WaitingForReply:-:lines=27:title=add-vim-visual-mode-both-panes | user-2:WaitingForReply:-:lines=92:title=implement-strict-selected-agent-slash | user-3:WaitingForReply:-:lines=60:title=when-review-process-done-patch-agent
[09:31:54] elapsed=228s busy=true user-1:WaitingForReply:-:lines=29:title=add-vim-visual-mode-both-panes | user-2:WaitingForReply:-:lines=92:title=implement-strict-selected-agent-slash | user-3:WaitingForReply:-:lines=60:title=when-review-process-done-patch-agent
[09:32:04] elapsed=238s busy=true user-1:WaitingForReply:-:lines=29:title=add-vim-visual-mode-both-panes | user-2:WaitingForReply:-:lines=92:title=implement-strict-selected-agent-slash | user-3:WaitingForReply:-:lines=65:title=when-review-process-done-patch-agent
[09:32:14] elapsed=248s busy=true user-1:WaitingForReply:-:lines=29:title=add-vim-visual-mode-both-panes | user-2:WaitingForReply:-:lines=92:title=implement-strict-selected-agent-slash | user-3:-:-:lines=67:title=when-review-process-done-patch-agent
[09:32:19] elapsed=253s busy=true user-1:WaitingForReply:-:lines=29:title=add-vim-visual-mode-both-panes | user-2:WaitingForReply:-:lines=99:title=implement-strict-selected-agent-slash | user-3:-:-:lines=67:title=when-review-process-done-patch-agent
[09:32:24] elapsed=258s busy=true user-1:WaitingForReply:-:lines=33:title=add-vim-visual-mode-both-panes | user-2:WaitingForReply:-:lines=99:title=implement-strict-selected-agent-slash | user-3:-:-:lines=67:title=review-done-chat-confirmation
[09:33:05] elapsed=299s busy=true user-1:WaitingForReply:-:lines=35:title=add-vim-visual-mode-both-panes | user-2:WaitingForReply:-:lines=102:title=implement-strict-selected-agent-slash | user-3:-:-:lines=67:title=review-done-chat-confirmation
[09:33:15] elapsed=309s busy=true user-1:WaitingForReply:-:lines=40:title=add-vim-visual-mode-both-panes | user-2:WaitingForReply:-:lines=102:title=implement-strict-selected-agent-slash | user-3:-:-:lines=67:title=review-done-chat-confirmation
[09:33:40] elapsed=334s busy=true user-1:WaitingForReply:-:lines=40:title=add-vim-visual-mode-both-panes | user-2:WaitingForReply:-:lines=103:title=implement-strict-selected-agent-slash | user-3:-:-:lines=67:title=review-done-chat-confirmation
[09:33:45] elapsed=339s busy=true user-1:WaitingForReply:-:lines=42:title=add-vim-visual-mode-both-panes | user-2:WaitingForReply:-:lines=103:title=implement-strict-selected-agent-slash | user-3:-:-:lines=67:title=review-done-chat-confirmation
[09:34:00] elapsed=354s busy=true user-1:WaitingForReply:-:lines=43:title=add-vim-visual-mode-both-panes | user-2:WaitingForReply:-:lines=103:title=implement-strict-selected-agent-slash | user-3:-:-:lines=67:title=review-done-chat-confirmation
[09:34:05] elapsed=359s busy=true user-1:WaitingForReply:-:lines=45:title=add-vim-visual-mode-both-panes | user-2:WaitingForReply:-:lines=103:title=implement-strict-selected-agent-slash | user-3:-:-:lines=67:title=review-done-chat-confirmation
[09:34:16] elapsed=370s busy=true user-1:WaitingForReply:-:lines=48:title=add-vim-visual-mode-both-panes | user-2:WaitingForReply:-:lines=103:title=implement-strict-selected-agent-slash | user-3:-:-:lines=67:title=review-done-chat-confirmation
[09:34:36] elapsed=390s busy=true user-1:WaitingForReply:-:lines=48:title=add-vim-visual-mode-both-panes | user-2:WaitingForReply:-:lines=105:title=implement-strict-selected-agent-slash | user-3:-:-:lines=67:title=review-done-chat-confirmation
[09:34:56] elapsed=410s busy=true user-1:WaitingForReply:-:lines=48:title=add-vim-visual-mode-both-panes | user-2:WaitingForReply:-:lines=112:title=implement-strict-selected-agent-slash | user-3:-:-:lines=67:title=review-done-chat-confirmation
[09:35:01] elapsed=415s busy=true user-1:WaitingForReply:-:lines=48:title=add-vim-visual-mode-both-panes | user-2:WaitingForReply:-:lines=113:title=implement-strict-selected-agent-slash | user-3:-:-:lines=67:title=review-done-chat-confirmation
[09:35:06] elapsed=420s busy=true user-1:WaitingForReply:-:lines=55:title=add-vim-visual-mode-both-panes | user-2:WaitingForReply:-:lines=113:title=implement-strict-selected-agent-slash | user-3:-:-:lines=67:title=review-done-chat-confirmation
[09:35:11] elapsed=425s busy=true review-user-1:WaitingForReply:-:lines=0:title=review user-agent | user-1:-:-:lines=57:title=add-vim-visual-mode-both-panes | user-2:WaitingForReply:-:lines=113:title=implement-strict-selected-agent-slash | user-3:-:-:lines=67:title=review-done-chat-confirmation
[09:35:16] elapsed=430s busy=true review-user-1:WaitingForReply:-:lines=2:title=review user-agent | user-1:-:-:lines=57:title=vim-visual-mode-pane-selection | user-2:WaitingForReply:-:lines=113:title=implement-strict-selected-agent-slash | user-3:-:-:lines=67:title=review-done-chat-confirmation
[09:35:26] elapsed=440s busy=true review-user-1:WaitingForReply:-:lines=4:title=review user-agent | user-1:-:-:lines=57:title=vim-visual-mode-pane-selection | user-2:WaitingForReply:-:lines=113:title=implement-strict-selected-agent-slash | user-3:-:-:lines=67:title=review-done-chat-confirmation
[09:35:41] elapsed=455s busy=true review-user-1:WaitingForReply:-:lines=5:title=review user-agent | user-1:-:-:lines=57:title=vim-visual-mode-pane-selection | user-2:WaitingForReply:-:lines=113:title=implement-strict-selected-agent-slash | user-3:-:-:lines=67:title=review-done-chat-confirmation
[09:35:47] elapsed=461s busy=true review-user-1:WaitingForReply:-:lines=7:title=review user-agent | user-1:-:-:lines=57:title=vim-visual-mode-pane-selection | user-2:WaitingForReply:-:lines=113:title=implement-strict-selected-agent-slash | user-3:-:-:lines=67:title=review-done-chat-confirmation
[09:35:52] elapsed=466s busy=true review-user-1:WaitingForReply:-:lines=10:title=review user-agent | user-1:-:-:lines=57:title=vim-visual-mode-pane-selection | user-2:WaitingForReply:-:lines=113:title=implement-strict-selected-agent-slash | user-3:-:-:lines=67:title=review-done-chat-confirmation
[09:35:57] elapsed=471s busy=true review-user-1:WaitingForReply:-:lines=12:title=review user-agent | user-1:-:-:lines=57:title=vim-visual-mode-pane-selection | user-2:WaitingForReply:-:lines=113:title=implement-strict-selected-agent-slash | user-3:-:-:lines=67:title=review-done-chat-confirmation
[09:36:02] elapsed=476s busy=true review-user-1:WaitingForReply:-:lines=14:title=review user-agent | user-1:-:-:lines=57:title=vim-visual-mode-pane-selection | user-2:WaitingForReply:-:lines=113:title=implement-strict-selected-agent-slash | user-3:-:-:lines=67:title=review-done-chat-confirmation
[09:36:07] elapsed=481s busy=true review-user-1:WaitingForReply:-:lines=16:title=review user-agent | user-1:-:-:lines=57:title=vim-visual-mode-pane-selection | user-2:WaitingForReply:-:lines=113:title=implement-strict-selected-agent-slash | user-3:-:-:lines=67:title=review-done-chat-confirmation
[09:36:17] elapsed=491s busy=true review-user-1:WaitingForReply:-:lines=17:title=review user-agent | user-1:-:-:lines=57:title=vim-visual-mode-pane-selection | user-2:WaitingForReply:-:lines=115:title=implement-strict-selected-agent-slash | user-3:-:-:lines=67:title=review-done-chat-confirmation
[09:36:22] elapsed=496s busy=true review-user-1:WaitingForReply:-:lines=19:title=review user-agent | user-1:-:-:lines=57:title=vim-visual-mode-pane-selection | user-2:WaitingForReply:-:lines=115:title=implement-strict-selected-agent-slash | user-3:-:-:lines=67:title=review-done-chat-confirmation
[09:36:27] elapsed=501s busy=true review-user-1:WaitingForReply:-:lines=22:title=review user-agent | user-1:-:-:lines=57:title=vim-visual-mode-pane-selection | user-2:WaitingForReply:-:lines=115:title=implement-strict-selected-agent-slash | user-3:-:-:lines=67:title=review-done-chat-confirmation
[09:36:32] elapsed=506s busy=true review-user-1:WaitingForReply:-:lines=23:title=review user-agent | user-1:-:-:lines=57:title=vim-visual-mode-pane-selection | user-2:WaitingForReply:-:lines=122:title=implement-strict-selected-agent-slash | user-3:-:-:lines=67:title=review-done-chat-confirmation
[09:36:37] elapsed=511s busy=true review-user-1:WaitingForReply:-:lines=25:title=review user-agent | user-1:-:-:lines=57:title=vim-visual-mode-pane-selection | user-2:WaitingForReply:-:lines=122:title=implement-strict-selected-agent-slash | user-3:-:-:lines=67:title=review-done-chat-confirmation
[09:36:42] elapsed=516s busy=true review-user-1:WaitingForReply:-:lines=27:title=review user-agent | user-1:-:-:lines=57:title=vim-visual-mode-pane-selection | user-2:WaitingForReply:-:lines=122:title=implement-strict-selected-agent-slash | user-3:-:-:lines=67:title=review-done-chat-confirmation
[09:36:47] elapsed=521s busy=true review-user-1:WaitingForReply:-:lines=29:title=review user-agent | user-1:-:-:lines=57:title=vim-visual-mode-pane-selection | user-2:WaitingForReply:-:lines=122:title=implement-strict-selected-agent-slash | user-3:-:-:lines=67:title=review-done-chat-confirmation
[09:36:52] elapsed=526s busy=true review-user-1:WaitingForReply:-:lines=31:title=review user-agent | user-1:-:-:lines=57:title=vim-visual-mode-pane-selection | user-2:WaitingForReply:-:lines=122:title=implement-strict-selected-agent-slash | user-3:-:-:lines=67:title=review-done-chat-confirmation
[09:37:02] elapsed=536s busy=true review-user-1:WaitingForReply:-:lines=33:title=review user-agent | user-1:-:-:lines=57:title=vim-visual-mode-pane-selection | user-2:WaitingForReply:-:lines=122:title=implement-strict-selected-agent-slash | user-3:-:-:lines=67:title=review-done-chat-confirmation
[09:37:07] elapsed=541s busy=true review-user-1:WaitingForReply:-:lines=35:title=review user-agent | user-1:-:-:lines=57:title=vim-visual-mode-pane-selection | user-2:WaitingForReply:-:lines=122:title=implement-strict-selected-agent-slash | user-3:-:-:lines=67:title=review-done-chat-confirmation
[09:37:12] elapsed=546s busy=true review-user-1:WaitingForReply:-:lines=38:title=review user-agent | user-1:-:-:lines=57:title=vim-visual-mode-pane-selection | user-2:WaitingForReply:-:lines=122:title=implement-strict-selected-agent-slash | user-3:-:-:lines=67:title=review-done-chat-confirmation
[09:37:17] elapsed=551s busy=true review-user-1:WaitingForReply:-:lines=40:title=review user-agent | user-1:-:-:lines=57:title=vim-visual-mode-pane-selection | user-2:WaitingForReply:-:lines=122:title=implement-strict-selected-agent-slash | user-3:-:-:lines=67:title=review-done-chat-confirmation
[09:37:38] elapsed=572s busy=true review-user-1:WaitingForReply:-:lines=40:title=review user-agent | user-1:-:-:lines=57:title=vim-visual-mode-pane-selection | user-2:WaitingForReply:-:lines=124:title=implement-strict-selected-agent-slash | user-3:-:-:lines=67:title=review-done-chat-confirmation
[09:37:53] elapsed=587s busy=true review-user-1:WaitingForReply:-:lines=42:title=review user-agent | user-1:-:-:lines=57:title=vim-visual-mode-pane-selection | user-2:WaitingForReply:-:lines=129:title=implement-strict-selected-agent-slash | user-3:-:-:lines=67:title=review-done-chat-confirmation
[09:38:03] elapsed=597s busy=true review-user-1:WaitingForReply:-:lines=44:title=review user-agent | user-1:-:-:lines=57:title=vim-visual-mode-pane-selection | user-2:WaitingForReply:-:lines=129:title=implement-strict-selected-agent-slash | user-3:-:-:lines=67:title=review-done-chat-confirmation
[09:38:08] elapsed=602s busy=true review-user-1:WaitingForReply:-:lines=46:title=review user-agent | user-1:-:-:lines=57:title=vim-visual-mode-pane-selection | user-2:WaitingForReply:-:lines=132:title=implement-strict-selected-agent-slash | user-3:-:-:lines=67:title=review-done-chat-confirmation
[09:38:13] elapsed=607s busy=true review-user-1:WaitingForReply:-:lines=46:title=review user-agent | review-user-2:WaitingForReply:-:lines=0:title=review user-agent | user-1:-:-:lines=57:title=vim-visual-mode-pane-selection | user-2:-:-:lines=139:title=implement-strict-selected-agent-slash | user-3:-:-:lines=67:title=review-done-chat-confirmation
[09:38:18] elapsed=612s busy=true review-user-1:WaitingForReply:-:lines=46:title=review user-agent | review-user-2:WaitingForReply:-:lines=2:title=review user-agent | user-1:-:-:lines=57:title=vim-visual-mode-pane-selection | user-2:-:-:lines=139:title=strict-agent-slash-commands | user-3:-:-:lines=67:title=review-done-chat-confirmation
[09:38:28] elapsed=622s busy=true review-user-1:WaitingForReply:-:lines=46:title=review user-agent | review-user-2:WaitingForReply:-:lines=4:title=review user-agent | user-1:-:-:lines=57:title=vim-visual-mode-pane-selection | user-2:-:-:lines=139:title=strict-agent-slash-commands | user-3:-:-:lines=67:title=review-done-chat-confirmation
[09:38:49] elapsed=643s busy=true review-user-1:WaitingForReply:-:lines=46:title=review user-agent | review-user-2:WaitingForReply:-:lines=5:title=review user-agent | user-1:-:-:lines=57:title=vim-visual-mode-pane-selection | user-2:-:-:lines=139:title=strict-agent-slash-commands | user-3:-:-:lines=67:title=review-done-chat-confirmation
[09:38:54] elapsed=648s busy=true review-user-1:WaitingForReply:-:lines=46:title=review user-agent | review-user-2:WaitingForReply:-:lines=7:title=review user-agent | user-1:-:-:lines=57:title=vim-visual-mode-pane-selection | user-2:-:-:lines=139:title=strict-agent-slash-commands | user-3:-:-:lines=67:title=review-done-chat-confirmation
[09:39:04] elapsed=658s busy=true review-user-1:WaitingForReply:-:lines=46:title=review user-agent | review-user-2:WaitingForReply:-:lines=16:title=review user-agent | user-1:-:-:lines=57:title=vim-visual-mode-pane-selection | user-2:-:-:lines=139:title=strict-agent-slash-commands | user-3:-:-:lines=67:title=review-done-chat-confirmation
[09:39:14] elapsed=668s busy=true review-user-1:WaitingForReply:-:lines=46:title=review user-agent | review-user-2:WaitingForReply:-:lines=26:title=review user-agent | user-1:-:-:lines=57:title=vim-visual-mode-pane-selection | user-2:-:-:lines=139:title=strict-agent-slash-commands | user-3:-:-:lines=67:title=review-done-chat-confirmation
[09:39:19] elapsed=673s busy=true review-user-1:WaitingForReply:-:lines=48:title=review user-agent | review-user-2:WaitingForReply:-:lines=28:title=review user-agent | user-1:-:-:lines=57:title=vim-visual-mode-pane-selection | user-2:-:-:lines=139:title=strict-agent-slash-commands | user-3:-:-:lines=67:title=review-done-chat-confirmation
[09:39:24] elapsed=678s busy=true review-user-1:WaitingForReply:-:lines=50:title=review user-agent | review-user-2:WaitingForReply:-:lines=28:title=review user-agent | user-1:-:-:lines=57:title=vim-visual-mode-pane-selection | user-2:-:-:lines=139:title=strict-agent-slash-commands | user-3:-:-:lines=67:title=review-done-chat-confirmation
[09:39:29] elapsed=683s busy=true review-user-1:WaitingForReply:-:lines=51:title=review user-agent | review-user-2:WaitingForReply:-:lines=28:title=review user-agent | user-1:WaitingForReply:-:lines=60:title=vim-visual-mode-pane-selection | user-2:-:-:lines=139:title=strict-agent-slash-commands | user-3:-:-:lines=67:title=review-done-chat-confirmation
[09:39:34] elapsed=688s busy=true review-user-1:WaitingForReply:-:lines=51:title=review user-agent | review-user-2:WaitingForReply:-:lines=37:title=review user-agent | user-1:WaitingForReply:-:lines=62:title=vim-visual-mode-pane-selection | user-2:-:-:lines=139:title=strict-agent-slash-commands | user-3:-:-:lines=67:title=review-done-chat-confirmation
[09:39:39] elapsed=693s busy=true review-user-1:WaitingForReply:-:lines=51:title=review user-agent | review-user-2:WaitingForReply:-:lines=40:title=review user-agent | user-1:WaitingForReply:-:lines=62:title=vim-visual-mode-pane-selection | user-2:-:-:lines=139:title=strict-agent-slash-commands | user-3:-:-:lines=67:title=review-done-chat-confirmation
[09:39:44] elapsed=698s busy=true review-user-1:WaitingForReply:-:lines=51:title=review user-agent | review-user-2:WaitingForReply:-:lines=40:title=review user-agent | user-1:WaitingForReply:-:lines=63:title=vim-visual-mode-pane-selection | user-2:-:-:lines=139:title=strict-agent-slash-commands | user-3:-:-:lines=67:title=review-done-chat-confirmation
[09:39:49] elapsed=703s busy=true review-user-1:WaitingForReply:-:lines=51:title=review user-agent | review-user-2:WaitingForReply:-:lines=40:title=review user-agent | user-1:WaitingForReply:-:lines=65:title=vim-visual-mode-pane-selection | user-2:-:-:lines=139:title=strict-agent-slash-commands | user-3:-:-:lines=67:title=review-done-chat-confirmation
[09:40:10] elapsed=724s busy=true review-user-1:WaitingForReply:-:lines=51:title=review user-agent | review-user-2:WaitingForReply:-:lines=41:title=review user-agent | user-1:WaitingForReply:-:lines=66:title=vim-visual-mode-pane-selection | user-2:-:-:lines=139:title=strict-agent-slash-commands | user-3:-:-:lines=67:title=review-done-chat-confirmation
[09:40:15] elapsed=729s busy=true review-user-1:WaitingForReply:-:lines=51:title=review user-agent | review-user-2:WaitingForReply:-:lines=43:title=review user-agent | user-1:WaitingForReply:-:lines=68:title=vim-visual-mode-pane-selection | user-2:-:-:lines=139:title=strict-agent-slash-commands | user-3:-:-:lines=67:title=review-done-chat-confirmation
[09:40:20] elapsed=734s busy=true review-user-1:WaitingForReply:-:lines=51:title=review user-agent | review-user-2:WaitingForReply:-:lines=45:title=review user-agent | user-1:WaitingForReply:-:lines=68:title=vim-visual-mode-pane-selection | user-2:-:-:lines=139:title=strict-agent-slash-commands | user-3:-:-:lines=67:title=review-done-chat-confirmation
[09:40:30] elapsed=744s busy=true review-user-1:WaitingForReply:-:lines=51:title=review user-agent | review-user-2:WaitingForReply:-:lines=45:title=review user-agent | user-1:WaitingForReply:-:lines=69:title=vim-visual-mode-pane-selection | user-2:-:-:lines=139:title=strict-agent-slash-commands | user-3:-:-:lines=67:title=review-done-chat-confirmation
[09:40:35] elapsed=749s busy=true review-user-1:WaitingForReply:-:lines=51:title=review user-agent | review-user-2:WaitingForReply:-:lines=45:title=review user-agent | user-1:WaitingForReply:-:lines=71:title=vim-visual-mode-pane-selection | user-2:-:-:lines=139:title=strict-agent-slash-commands | user-3:-:-:lines=67:title=review-done-chat-confirmation
[09:40:40] elapsed=754s busy=true review-user-1:WaitingForReply:-:lines=51:title=review user-agent | review-user-2:WaitingForReply:-:lines=52:title=review user-agent | user-1:WaitingForReply:-:lines=71:title=vim-visual-mode-pane-selection | user-2:-:-:lines=139:title=strict-agent-slash-commands | user-3:-:-:lines=67:title=review-done-chat-confirmation
[09:40:45] elapsed=759s busy=true review-user-1:WaitingForReply:-:lines=51:title=review user-agent | review-user-2:WaitingForReply:-:lines=53:title=review user-agent | user-1:WaitingForReply:-:lines=71:title=vim-visual-mode-pane-selection | user-2:-:-:lines=139:title=strict-agent-slash-commands | user-3:-:-:lines=67:title=review-done-chat-confirmation
[09:40:50] elapsed=764s busy=true review-user-1:WaitingForReply:-:lines=51:title=review user-agent | review-user-2:WaitingForReply:-:lines=55:title=review user-agent | user-1:WaitingForReply:-:lines=73:title=vim-visual-mode-pane-selection | user-2:-:-:lines=139:title=strict-agent-slash-commands | user-3:-:-:lines=67:title=review-done-chat-confirmation
[09:40:55] elapsed=769s busy=true review-user-1:WaitingForReply:-:lines=51:title=review user-agent | review-user-2:WaitingForReply:-:lines=56:title=review user-agent | user-1:WaitingForReply:-:lines=73:title=vim-visual-mode-pane-selection | user-2:-:-:lines=139:title=strict-agent-slash-commands | user-3:-:-:lines=67:title=review-done-chat-confirmation
[09:41:00] elapsed=774s busy=true review-user-1:WaitingForReply:-:lines=51:title=review user-agent | review-user-2:WaitingForReply:-:lines=58:title=review user-agent | user-1:WaitingForReply:-:lines=75:title=vim-visual-mode-pane-selection | user-2:-:-:lines=139:title=strict-agent-slash-commands | user-3:-:-:lines=67:title=review-done-chat-confirmation
[09:41:05] elapsed=779s busy=true review-user-1:WaitingForReply:-:lines=51:title=review user-agent | review-user-2:WaitingForReply:-:lines=60:title=review user-agent | user-1:WaitingForReply:-:lines=75:title=vim-visual-mode-pane-selection | user-2:-:-:lines=139:title=strict-agent-slash-commands | user-3:-:-:lines=67:title=review-done-chat-confirmation
[09:41:20] elapsed=794s busy=true review-user-1:WaitingForReply:-:lines=51:title=review user-agent | review-user-2:WaitingForReply:-:lines=61:title=review user-agent | user-1:WaitingForReply:-:lines=75:title=vim-visual-mode-pane-selection | user-2:WaitingForReply:-:lines=142:title=strict-agent-slash-commands | user-3:-:-:lines=67:title=review-done-chat-confirmation
[09:41:40] elapsed=814s busy=true review-user-1:WaitingForReply:-:lines=51:title=review user-agent | review-user-2:WaitingForReply:-:lines=61:title=review user-agent | user-1:WaitingForReply:-:lines=77:title=vim-visual-mode-pane-selection | user-2:WaitingForReply:-:lines=145:title=strict-agent-slash-commands | user-3:-:-:lines=67:title=review-done-chat-confirmation
[09:41:51] elapsed=825s busy=true review-user-1:WaitingForReply:-:lines=51:title=review user-agent | review-user-2:WaitingForReply:-:lines=61:title=review user-agent | user-1:WaitingForReply:-:lines=78:title=vim-visual-mode-pane-selection | user-2:WaitingForReply:-:lines=145:title=strict-agent-slash-commands | user-3:-:-:lines=67:title=review-done-chat-confirmation
[09:42:01] elapsed=835s busy=true review-user-1:WaitingForReply:-:lines=51:title=review user-agent | review-user-2:WaitingForReply:-:lines=61:title=review user-agent | user-1:WaitingForReply:-:lines=78:title=vim-visual-mode-pane-selection | user-2:WaitingForReply:-:lines=154:title=strict-agent-slash-commands | user-3:-:-:lines=67:title=review-done-chat-confirmation
[09:42:11] elapsed=845s busy=true review-user-1:WaitingForReply:-:lines=51:title=review user-agent | review-user-2:WaitingForReply:-:lines=61:title=review user-agent | user-1:WaitingForReply:-:lines=78:title=vim-visual-mode-pane-selection | user-2:WaitingForReply:-:lines=163:title=strict-agent-slash-commands | user-3:-:-:lines=67:title=review-done-chat-confirmation
[09:42:41] elapsed=875s busy=true review-user-1:WaitingForReply:-:lines=51:title=review user-agent | review-user-2:WaitingForReply:-:lines=61:title=review user-agent | user-1:WaitingForReply:-:lines=80:title=vim-visual-mode-pane-selection | user-2:WaitingForReply:-:lines=163:title=strict-agent-slash-commands | user-3:-:-:lines=67:title=review-done-chat-confirmation
[09:42:46] elapsed=880s busy=true review-user-1:WaitingForReply:-:lines=51:title=review user-agent | review-user-2:WaitingForReply:-:lines=61:title=review user-agent | user-1:WaitingForReply:-:lines=85:title=vim-visual-mode-pane-selection | user-2:WaitingForReply:-:lines=163:title=strict-agent-slash-commands | user-3:-:-:lines=67:title=review-done-chat-confirmation
[09:42:51] elapsed=885s busy=true review-user-1:WaitingForReply:-:lines=52:title=review user-agent | review-user-2:WaitingForReply:-:lines=61:title=review user-agent | user-1:WaitingForReply:-:lines=86:title=vim-visual-mode-pane-selection | user-2:WaitingForReply:-:lines=163:title=strict-agent-slash-commands | user-3:-:-:lines=67:title=review-done-chat-confirmation
[09:42:56] elapsed=890s busy=true review-user-1:WaitingForReply:-:lines=54:title=review user-agent | review-user-2:WaitingForReply:-:lines=61:title=review user-agent | user-1:WaitingForReply:-:lines=86:title=vim-visual-mode-pane-selection | user-2:WaitingForReply:-:lines=170:title=strict-agent-slash-commands | user-3:-:-:lines=67:title=review-done-chat-confirmation
[09:43:01] elapsed=895s busy=true review-user-1:WaitingForReply:-:lines=54:title=review user-agent | review-user-2:WaitingForReply:-:lines=61:title=review user-agent | user-1:WaitingForReply:-:lines=86:title=vim-visual-mode-pane-selection | user-2:WaitingForReply:-:lines=172:title=strict-agent-slash-commands | user-3:-:-:lines=67:title=review-done-chat-confirmation
[09:43:11] elapsed=905s busy=true review-user-1:WaitingForReply:-:lines=55:title=review user-agent | review-user-2:WaitingForReply:-:lines=61:title=review user-agent | user-1:WaitingForReply:-:lines=86:title=vim-visual-mode-pane-selection | user-2:WaitingForReply:-:lines=172:title=strict-agent-slash-commands | user-3:-:-:lines=67:title=review-done-chat-confirmation
[09:43:16] elapsed=910s busy=true review-user-1:WaitingForReply:-:lines=58:title=review user-agent | review-user-2:WaitingForReply:-:lines=61:title=review user-agent | user-1:WaitingForReply:-:lines=86:title=vim-visual-mode-pane-selection | user-2:WaitingForReply:-:lines=172:title=strict-agent-slash-commands | user-3:-:-:lines=67:title=review-done-chat-confirmation
[09:43:21] elapsed=915s busy=true review-user-1:WaitingForReply:-:lines=60:title=review user-agent | review-user-2:WaitingForReply:-:lines=61:title=review user-agent | user-1:WaitingForReply:-:lines=86:title=vim-visual-mode-pane-selection | user-2:WaitingForReply:-:lines=172:title=strict-agent-slash-commands | user-3:-:-:lines=67:title=review-done-chat-confirmation
[09:43:31] elapsed=925s busy=true review-user-1:WaitingForReply:-:lines=60:title=review user-agent | review-user-2:WaitingForReply:-:lines=61:title=review user-agent | user-1:WaitingForReply:-:lines=86:title=vim-visual-mode-pane-selection | user-2:WaitingForReply:-:lines=174:title=strict-agent-slash-commands | user-3:-:-:lines=67:title=review-done-chat-confirmation
[09:43:37] elapsed=931s busy=true review-user-1:WaitingForReply:-:lines=60:title=review user-agent | review-user-2:WaitingForReply:-:lines=61:title=review user-agent | user-1:WaitingForReply:-:lines=86:title=vim-visual-mode-pane-selection | user-2:WaitingForReply:-:lines=180:title=strict-agent-slash-commands | user-3:-:-:lines=67:title=review-done-chat-confirmation
[09:43:42] elapsed=936s busy=true review-user-1:WaitingForReply:-:lines=61:title=review user-agent | review-user-2:WaitingForReply:-:lines=61:title=review user-agent | user-1:WaitingForReply:-:lines=89:title=vim-visual-mode-pane-selection | user-2:WaitingForReply:-:lines=180:title=strict-agent-slash-commands | user-3:-:-:lines=67:title=review-done-chat-confirmation
[09:43:52] elapsed=946s busy=true review-user-1:WaitingForReply:-:lines=61:title=review user-agent | review-user-2:WaitingForReply:-:lines=61:title=review user-agent | user-1:WaitingForReply:-:lines=89:title=vim-visual-mode-pane-selection | user-2:WaitingForReply:-:lines=183:title=strict-agent-slash-commands | user-3:-:-:lines=67:title=review-done-chat-confirmation
[09:43:57] elapsed=951s busy=true review-user-1:WaitingForReply:-:lines=61:title=review user-agent | review-user-2:WaitingForReply:-:lines=61:title=review user-agent | user-1:WaitingForReply:-:lines=91:title=vim-visual-mode-pane-selection | user-2:WaitingForReply:-:lines=185:title=strict-agent-slash-commands | user-3:-:-:lines=67:title=review-done-chat-confirmation
[09:44:07] elapsed=961s busy=true review-user-1:WaitingForReply:-:lines=61:title=review user-agent | review-user-2:WaitingForReply:-:lines=61:title=review user-agent | user-1:WaitingForReply:-:lines=92:title=vim-visual-mode-pane-selection | user-2:WaitingForReply:-:lines=185:title=strict-agent-slash-commands | user-3:-:-:lines=67:title=review-done-chat-confirmation
[09:44:12] elapsed=966s busy=true review-user-1:WaitingForReply:-:lines=61:title=review user-agent | review-user-2:WaitingForReply:-:lines=61:title=review user-agent | user-1:WaitingForReply:-:lines=94:title=vim-visual-mode-pane-selection | user-2:WaitingForReply:-:lines=185:title=strict-agent-slash-commands | user-3:-:-:lines=67:title=review-done-chat-confirmation
[09:44:17] elapsed=971s busy=true review-user-1:WaitingForReply:-:lines=61:title=review user-agent | review-user-2:WaitingForReply:-:lines=61:title=review user-agent | user-1:WaitingForReply:-:lines=94:title=vim-visual-mode-pane-selection | user-2:WaitingForReply:-:lines=187:title=strict-agent-slash-commands | user-3:-:-:lines=67:title=review-done-chat-confirmation
[09:44:37] elapsed=991s busy=true review-user-1:WaitingForReply:-:lines=61:title=review user-agent | review-user-2:WaitingForReply:-:lines=61:title=review user-agent | user-1:WaitingForReply:-:lines=94:title=vim-visual-mode-pane-selection | user-2:WaitingForReply:-:lines=196:title=strict-agent-slash-commands | user-3:-:-:lines=67:title=review-done-chat-confirmation
[09:45:18] elapsed=1032s busy=true review-user-1:WaitingForReply:-:lines=61:title=review user-agent | review-user-2:WaitingForReply:-:lines=61:title=review user-agent | user-1:WaitingForReply:-:lines=94:title=vim-visual-mode-pane-selection | user-2:WaitingForReply:-:lines=201:title=strict-agent-slash-commands | user-3:-:-:lines=67:title=review-done-chat-confirmation
[09:45:28] elapsed=1042s busy=true review-user-1:WaitingForReply:-:lines=61:title=review user-agent | review-user-2:WaitingForReply:-:lines=61:title=review user-agent | user-1:WaitingForReply:-:lines=95:title=vim-visual-mode-pane-selection | user-2:WaitingForReply:-:lines=201:title=strict-agent-slash-commands | user-3:-:-:lines=67:title=review-done-chat-confirmation
[09:45:33] elapsed=1047s busy=true review-user-1:WaitingForReply:-:lines=61:title=review user-agent | review-user-2:WaitingForReply:-:lines=61:title=review user-agent | user-1:WaitingForReply:-:lines=97:title=vim-visual-mode-pane-selection | user-2:WaitingForReply:-:lines=202:title=strict-agent-slash-commands | user-3:-:-:lines=67:title=review-done-chat-confirmation
[09:45:48] elapsed=1062s busy=true review-user-1:WaitingForReply:-:lines=61:title=review user-agent | review-user-2:WaitingForReply:-:lines=61:title=review user-agent | user-1:WaitingForReply:-:lines=97:title=vim-visual-mode-pane-selection | user-2:WaitingForReply:-:lines=204:title=strict-agent-slash-commands | user-3:-:-:lines=67:title=review-done-chat-confirmation
[09:45:58] elapsed=1072s busy=true review-user-1:WaitingForReply:-:lines=61:title=review user-agent | review-user-2:WaitingForReply:-:lines=61:title=review user-agent | user-1:WaitingForReply:-:lines=97:title=vim-visual-mode-pane-selection | user-2:WaitingForReply:-:lines=205:title=strict-agent-slash-commands | user-3:-:-:lines=67:title=review-done-chat-confirmation
[09:46:03] elapsed=1077s busy=true review-user-1:WaitingForReply:-:lines=61:title=review user-agent | review-user-2:WaitingForReply:-:lines=61:title=review user-agent | user-1:WaitingForReply:-:lines=99:title=vim-visual-mode-pane-selection | user-2:WaitingForReply:-:lines=205:title=strict-agent-slash-commands | user-3:-:-:lines=67:title=review-done-chat-confirmation
[09:46:13] elapsed=1087s busy=true review-user-1:WaitingForReply:-:lines=61:title=review user-agent | review-user-2:WaitingForReply:-:lines=61:title=review user-agent | user-1:WaitingForReply:-:lines=99:title=vim-visual-mode-pane-selection | user-2:WaitingForReply:-:lines=210:title=strict-agent-slash-commands | user-3:-:-:lines=67:title=review-done-chat-confirmation
[09:46:18] elapsed=1092s busy=true review-user-1:WaitingForReply:-:lines=61:title=review user-agent | review-user-2:WaitingForReply:-:lines=61:title=review user-agent | user-1:WaitingForReply:-:lines=100:title=vim-visual-mode-pane-selection | user-2:WaitingForReply:-:lines=210:title=strict-agent-slash-commands | user-3:-:-:lines=67:title=review-done-chat-confirmation
[09:46:23] elapsed=1097s busy=true review-user-1:WaitingForReply:-:lines=61:title=review user-agent | review-user-2:WaitingForReply:-:lines=61:title=review user-agent | user-1:WaitingForReply:-:lines=102:title=vim-visual-mode-pane-selection | user-2:WaitingForReply:-:lines=210:title=strict-agent-slash-commands | user-3:-:-:lines=67:title=review-done-chat-confirmation
[09:46:38] elapsed=1112s busy=true review-user-1:WaitingForReply:-:lines=61:title=review user-agent | review-user-2:WaitingForReply:-:lines=61:title=review user-agent | user-1:WaitingForReply:-:lines=109:title=vim-visual-mode-pane-selection | user-2:WaitingForReply:-:lines=210:title=strict-agent-slash-commands | user-3:-:-:lines=67:title=review-done-chat-confirmation
[09:46:43] elapsed=1117s busy=true review-user-1:WaitingForReply:-:lines=61:title=review user-agent | review-user-2:WaitingForReply:-:lines=61:title=review user-agent | user-1:WaitingForReply:-:lines=109:title=vim-visual-mode-pane-selection | user-2:WaitingForReply:-:lines=213:title=strict-agent-slash-commands | user-3:-:-:lines=67:title=review-done-chat-confirmation
[09:46:53] elapsed=1127s busy=true review-user-1:WaitingForReply:-:lines=62:title=review user-agent | review-user-2:WaitingForReply:-:lines=61:title=review user-agent | user-1:WaitingForReply:-:lines=110:title=vim-visual-mode-pane-selection | user-2:WaitingForReply:-:lines=213:title=strict-agent-slash-commands | user-3:-:-:lines=67:title=review-done-chat-confirmation
[09:46:59] elapsed=1132s busy=true review-user-1:WaitingForReply:-:lines=64:title=review user-agent | review-user-2:WaitingForReply:-:lines=61:title=review user-agent | user-1:WaitingForReply:-:lines=110:title=vim-visual-mode-pane-selection | user-2:WaitingForReply:-:lines=215:title=strict-agent-slash-commands | user-3:-:-:lines=67:title=review-done-chat-confirmation
[09:47:04] elapsed=1138s busy=true review-user-1:WaitingForReply:-:lines=64:title=review user-agent | review-user-2:WaitingForReply:-:lines=62:title=review user-agent | user-1:WaitingForReply:-:lines=110:title=vim-visual-mode-pane-selection | user-2:WaitingForReply:-:lines=216:title=strict-agent-slash-commands | user-3:-:-:lines=67:title=review-done-chat-confirmation
[09:47:14] elapsed=1148s busy=true review-user-1:WaitingForReply:-:lines=65:title=review user-agent | review-user-2:WaitingForReply:-:lines=64:title=review user-agent | user-1:WaitingForReply:-:lines=113:title=vim-visual-mode-pane-selection | user-2:WaitingForReply:-:lines=216:title=strict-agent-slash-commands | user-3:-:-:lines=67:title=review-done-chat-confirmation
[09:47:29] elapsed=1163s busy=true review-user-1:WaitingForReply:-:lines=65:title=review user-agent | review-user-2:WaitingForReply:-:lines=65:title=review user-agent | user-1:WaitingForReply:-:lines=113:title=vim-visual-mode-pane-selection | user-2:WaitingForReply:-:lines=216:title=strict-agent-slash-commands | user-3:-:-:lines=67:title=review-done-chat-confirmation
[09:47:34] elapsed=1168s busy=true review-user-1:WaitingForReply:-:lines=65:title=review user-agent | review-user-2:WaitingForReply:-:lines=68:title=review user-agent | user-1:WaitingForReply:-:lines=115:title=vim-visual-mode-pane-selection | user-2:WaitingForReply:-:lines=216:title=strict-agent-slash-commands | user-3:-:-:lines=67:title=review-done-chat-confirmation
[09:47:39] elapsed=1173s busy=true review-user-1:WaitingForReply:-:lines=65:title=review user-agent | review-user-2:WaitingForReply:-:lines=70:title=review user-agent | user-1:WaitingForReply:-:lines=118:title=vim-visual-mode-pane-selection | user-2:WaitingForReply:-:lines=216:title=strict-agent-slash-commands | user-3:-:-:lines=67:title=review-done-chat-confirmation
[09:47:44] elapsed=1178s busy=true review-user-1:WaitingForReply:-:lines=65:title=review user-agent | review-user-2:WaitingForReply:-:lines=74:title=review user-agent | user-1:WaitingForReply:-:lines=120:title=vim-visual-mode-pane-selection | user-2:WaitingForReply:-:lines=216:title=strict-agent-slash-commands | user-3:-:-:lines=67:title=review-done-chat-confirmation
[09:47:49] elapsed=1183s busy=true review-user-1:WaitingForReply:-:lines=66:title=review user-agent | review-user-2:WaitingForReply:-:lines=75:title=review user-agent | user-1:WaitingForReply:-:lines=121:title=vim-visual-mode-pane-selection | user-2:WaitingForReply:-:lines=216:title=strict-agent-slash-commands | user-3:-:-:lines=67:title=review-done-chat-confirmation
[09:47:54] elapsed=1188s busy=true review-user-1:WaitingForReply:-:lines=66:title=review user-agent | review-user-2:WaitingForReply:-:lines=77:title=review user-agent | user-1:WaitingForReply:-:lines=121:title=vim-visual-mode-pane-selection | user-2:WaitingForReply:-:lines=216:title=strict-agent-slash-commands | user-3:-:-:lines=67:title=review-done-chat-confirmation
[09:47:59] elapsed=1193s busy=true review-user-1:-:-:lines=68:title=review user-agent | review-user-2:WaitingForReply:-:lines=77:title=review user-agent | user-1:-:NeedsDecision:lines=123:title=vim-visual-mode-pane-selection | user-2:WaitingForReply:-:lines=216:title=strict-agent-slash-commands | user-3:-:-:lines=67:title=review-done-chat-confirmation
[09:48:09] elapsed=1203s busy=true review-user-1:-:-:lines=68:title=review user-agent | review-user-2:WaitingForReply:-:lines=78:title=review user-agent | user-1:-:NeedsDecision:lines=123:title=vim-visual-mode-pane-selection | user-2:WaitingForReply:-:lines=216:title=strict-agent-slash-commands | user-3:-:-:lines=67:title=review-done-chat-confirmation
[09:48:35] elapsed=1229s busy=true review-user-1:-:-:lines=68:title=review user-agent | review-user-2:WaitingForReply:-:lines=80:title=review user-agent | user-1:-:NeedsDecision:lines=123:title=vim-visual-mode-pane-selection | user-2:WaitingForReply:-:lines=219:title=strict-agent-slash-commands | user-3:-:-:lines=67:title=review-done-chat-confirmation
[09:48:40] elapsed=1234s busy=true review-user-1:-:-:lines=68:title=review user-agent | review-user-2:WaitingForReply:-:lines=81:title=review user-agent | user-1:-:NeedsDecision:lines=123:title=vim-visual-mode-pane-selection | user-2:WaitingForReply:-:lines=220:title=strict-agent-slash-commands | user-3:-:-:lines=67:title=review-done-chat-confirmation
[09:48:45] elapsed=1239s busy=false review-user-1:-:-:lines=68:title=review user-agent | review-user-2:-:-:lines=83:title=review user-agent | user-1:-:NeedsDecision:lines=123:title=vim-visual-mode-pane-selection | user-2:-:NeedsDecision:lines=222:title=strict-agent-slash-commands | user-3:-:-:lines=67:title=review-done-chat-confirmation
[09:48:45] all patch agents done and 2 patch-agent commit(s) reviewed; launching force-linearize
[09:48:50] elapsed=1244s busy=true linearize:Launching:-:lines=0:title=linearize reviewed patches | review-user-1:-:-:lines=69:title=review user-agent | review-user-2:-:-:lines=84:title=review user-agent | user-1:-:NeedsDecision:lines=124:title=vim-visual-mode-pane-selection | user-2:-:NeedsDecision:lines=223:title=strict-agent-slash-commands | user-3:-:-:lines=68:title=review-done-chat-confirmation
[09:48:55] elapsed=1249s busy=true linearize:WaitingForReply:-:lines=2:title=linearize reviewed patches | review-user-1:-:-:lines=69:title=review user-agent | review-user-2:-:-:lines=84:title=review user-agent | user-1:-:NeedsDecision:lines=124:title=vim-visual-mode-pane-selection | user-2:-:NeedsDecision:lines=223:title=strict-agent-slash-commands | user-3:-:-:lines=68:title=review-done-chat-confirmation
[09:49:05] elapsed=1259s busy=true linearize:WaitingForReply:-:lines=3:title=linearize reviewed patches | review-user-1:-:-:lines=69:title=review user-agent | review-user-2:-:-:lines=84:title=review user-agent | user-1:-:NeedsDecision:lines=124:title=vim-visual-mode-pane-selection | user-2:-:NeedsDecision:lines=223:title=strict-agent-slash-commands | user-3:-:-:lines=68:title=review-done-chat-confirmation
[09:49:15] elapsed=1269s busy=true linearize:WaitingForReply:-:lines=11:title=linearize reviewed patches | review-user-1:-:-:lines=69:title=review user-agent | review-user-2:-:-:lines=84:title=review user-agent | user-1:-:NeedsDecision:lines=124:title=vim-visual-mode-pane-selection | user-2:-:NeedsDecision:lines=223:title=strict-agent-slash-commands | user-3:-:-:lines=68:title=review-done-chat-confirmation
[09:49:35] elapsed=1289s busy=true linearize:WaitingForReply:-:lines=24:title=linearize reviewed patches | review-user-1:-:-:lines=69:title=review user-agent | review-user-2:-:-:lines=84:title=review user-agent | user-1:-:NeedsDecision:lines=124:title=vim-visual-mode-pane-selection | user-2:-:NeedsDecision:lines=223:title=strict-agent-slash-commands | user-3:-:-:lines=68:title=review-done-chat-confirmation
[09:49:51] elapsed=1305s busy=true linearize:WaitingForReply:-:lines=35:title=linearize reviewed patches | review-user-1:-:-:lines=69:title=review user-agent | review-user-2:-:-:lines=84:title=review user-agent | user-1:-:NeedsDecision:lines=124:title=vim-visual-mode-pane-selection | user-2:-:NeedsDecision:lines=223:title=strict-agent-slash-commands | user-3:-:-:lines=68:title=review-done-chat-confirmation
[09:50:11] elapsed=1325s busy=true linearize:WaitingForReply:-:lines=36:title=linearize reviewed patches | review-user-1:-:-:lines=69:title=review user-agent | review-user-2:-:-:lines=84:title=review user-agent | user-1:-:NeedsDecision:lines=124:title=vim-visual-mode-pane-selection | user-2:-:NeedsDecision:lines=223:title=strict-agent-slash-commands | user-3:-:-:lines=68:title=review-done-chat-confirmation
[09:50:41] elapsed=1355s busy=false linearize:-:-:lines=37:title=linearize reviewed patches | review-user-1:-:-:lines=69:title=review user-agent | review-user-2:-:-:lines=84:title=review user-agent | user-1:-:NeedsDecision:lines=124:title=vim-visual-mode-pane-selection | user-2:-:NeedsDecision:lines=223:title=strict-agent-slash-commands | user-3:-:-:lines=68:title=review-done-chat-confirmation
[09:50:41] linearizer ready; accepting plan
[09:50:46] elapsed=1360s busy=true linearize:WaitingForReply:-:lines=39:title=linearize reviewed patches | review-user-1:-:-:lines=69:title=review user-agent | review-user-2:-:-:lines=84:title=review user-agent | user-1:-:NeedsDecision:lines=124:title=vim-visual-mode-pane-selection | user-2:-:NeedsDecision:lines=223:title=strict-agent-slash-commands | user-3:-:-:lines=68:title=review-done-chat-confirmation
[09:50:56] elapsed=1370s busy=true linearize:WaitingForReply:-:lines=40:title=linearize reviewed patches | review-user-1:-:-:lines=69:title=review user-agent | review-user-2:-:-:lines=84:title=review user-agent | user-1:-:NeedsDecision:lines=124:title=vim-visual-mode-pane-selection | user-2:-:NeedsDecision:lines=223:title=strict-agent-slash-commands | user-3:-:-:lines=68:title=review-done-chat-confirmation
[09:51:01] elapsed=1375s busy=true linearize:WaitingForReply:-:lines=42:title=linearize reviewed patches | review-user-1:-:-:lines=69:title=review user-agent | review-user-2:-:-:lines=84:title=review user-agent | user-1:-:NeedsDecision:lines=124:title=vim-visual-mode-pane-selection | user-2:-:NeedsDecision:lines=223:title=strict-agent-slash-commands | user-3:-:-:lines=68:title=review-done-chat-confirmation
[09:51:06] elapsed=1380s busy=true linearize:WaitingForReply:-:lines=47:title=linearize reviewed patches | review-user-1:-:-:lines=69:title=review user-agent | review-user-2:-:-:lines=84:title=review user-agent | user-1:-:NeedsDecision:lines=124:title=vim-visual-mode-pane-selection | user-2:-:NeedsDecision:lines=223:title=strict-agent-slash-commands | user-3:-:-:lines=68:title=review-done-chat-confirmation
[09:51:11] elapsed=1385s busy=true linearize:WaitingForReply:-:lines=50:title=linearize reviewed patches | review-user-1:-:-:lines=69:title=review user-agent | review-user-2:-:-:lines=84:title=review user-agent | user-1:-:NeedsDecision:lines=124:title=vim-visual-mode-pane-selection | user-2:-:NeedsDecision:lines=223:title=strict-agent-slash-commands | user-3:-:-:lines=68:title=review-done-chat-confirmation
[09:51:16] elapsed=1390s busy=true linearize:WaitingForReply:-:lines=53:title=linearize reviewed patches | review-user-1:-:-:lines=69:title=review user-agent | review-user-2:-:-:lines=84:title=review user-agent | user-1:-:NeedsDecision:lines=124:title=vim-visual-mode-pane-selection | user-2:-:NeedsDecision:lines=223:title=strict-agent-slash-commands | user-3:-:-:lines=68:title=review-done-chat-confirmation
[09:51:21] elapsed=1395s busy=true linearize:WaitingForReply:-:lines=59:title=linearize reviewed patches | review-user-1:-:-:lines=69:title=review user-agent | review-user-2:-:-:lines=84:title=review user-agent | user-1:-:NeedsDecision:lines=124:title=vim-visual-mode-pane-selection | user-2:-:NeedsDecision:lines=223:title=strict-agent-slash-commands | user-3:-:-:lines=68:title=review-done-chat-confirmation
[09:51:37] elapsed=1411s busy=true linearize:WaitingForReply:-:lines=62:title=linearize reviewed patches | review-user-1:-:-:lines=69:title=review user-agent | review-user-2:-:-:lines=84:title=review user-agent | user-1:-:NeedsDecision:lines=124:title=vim-visual-mode-pane-selection | user-2:-:NeedsDecision:lines=223:title=strict-agent-slash-commands | user-3:-:-:lines=68:title=review-done-chat-confirmation
[09:51:42] elapsed=1416s busy=true linearize:WaitingForReply:-:lines=67:title=linearize reviewed patches | review-user-1:-:-:lines=69:title=review user-agent | review-user-2:-:-:lines=84:title=review user-agent | user-1:-:NeedsDecision:lines=124:title=vim-visual-mode-pane-selection | user-2:-:NeedsDecision:lines=223:title=strict-agent-slash-commands | user-3:-:-:lines=68:title=review-done-chat-confirmation
[09:51:52] elapsed=1426s busy=true linearize:WaitingForReply:-:lines=68:title=linearize reviewed patches | review-user-1:-:-:lines=69:title=review user-agent | review-user-2:-:-:lines=84:title=review user-agent | user-1:-:NeedsDecision:lines=124:title=vim-visual-mode-pane-selection | user-2:-:NeedsDecision:lines=223:title=strict-agent-slash-commands | user-3:-:-:lines=68:title=review-done-chat-confirmation
[09:51:57] elapsed=1431s busy=true linearize:WaitingForReply:-:lines=70:title=linearize reviewed patches | review-user-1:-:-:lines=69:title=review user-agent | review-user-2:-:-:lines=84:title=review user-agent | user-1:-:NeedsDecision:lines=124:title=vim-visual-mode-pane-selection | user-2:-:NeedsDecision:lines=223:title=strict-agent-slash-commands | user-3:-:-:lines=68:title=review-done-chat-confirmation
[09:52:02] elapsed=1436s busy=true linearize:WaitingForReply:-:lines=73:title=linearize reviewed patches | review-user-1:-:-:lines=69:title=review user-agent | review-user-2:-:-:lines=84:title=review user-agent | user-1:-:NeedsDecision:lines=124:title=vim-visual-mode-pane-selection | user-2:-:NeedsDecision:lines=223:title=strict-agent-slash-commands | user-3:-:-:lines=68:title=review-done-chat-confirmation
[09:52:07] elapsed=1441s busy=true linearize:WaitingForReply:-:lines=75:title=linearize reviewed patches | review-user-1:-:-:lines=69:title=review user-agent | review-user-2:-:-:lines=84:title=review user-agent | user-1:-:NeedsDecision:lines=124:title=vim-visual-mode-pane-selection | user-2:-:NeedsDecision:lines=223:title=strict-agent-slash-commands | user-3:-:-:lines=68:title=review-done-chat-confirmation
[09:52:12] elapsed=1446s busy=true linearize:WaitingForReply:-:lines=76:title=linearize reviewed patches | review-user-1:-:-:lines=69:title=review user-agent | review-user-2:-:-:lines=84:title=review user-agent | user-1:-:NeedsDecision:lines=124:title=vim-visual-mode-pane-selection | user-2:-:NeedsDecision:lines=223:title=strict-agent-slash-commands | user-3:-:-:lines=68:title=review-done-chat-confirmation
[09:52:17] elapsed=1451s busy=true linearize:WaitingForReply:-:lines=78:title=linearize reviewed patches | review-user-1:-:-:lines=69:title=review user-agent | review-user-2:-:-:lines=84:title=review user-agent | user-1:-:NeedsDecision:lines=124:title=vim-visual-mode-pane-selection | user-2:-:NeedsDecision:lines=223:title=strict-agent-slash-commands | user-3:-:-:lines=68:title=review-done-chat-confirmation
[09:52:28] elapsed=1462s busy=true linearize:WaitingForReply:-:lines=79:title=linearize reviewed patches | review-user-1:-:-:lines=69:title=review user-agent | review-user-2:-:-:lines=84:title=review user-agent | user-1:-:NeedsDecision:lines=124:title=vim-visual-mode-pane-selection | user-2:-:NeedsDecision:lines=223:title=strict-agent-slash-commands | user-3:-:-:lines=68:title=review-done-chat-confirmation
[09:52:38] elapsed=1472s busy=true linearize:WaitingForReply:-:lines=86:title=linearize reviewed patches | review-user-1:-:-:lines=69:title=review user-agent | review-user-2:-:-:lines=84:title=review user-agent | user-1:-:NeedsDecision:lines=124:title=vim-visual-mode-pane-selection | user-2:-:NeedsDecision:lines=223:title=strict-agent-slash-commands | user-3:-:-:lines=68:title=review-done-chat-confirmation
[09:52:43] elapsed=1477s busy=true linearize:WaitingForReply:-:lines=88:title=linearize reviewed patches | review-user-1:-:-:lines=69:title=review user-agent | review-user-2:-:-:lines=84:title=review user-agent | user-1:-:NeedsDecision:lines=124:title=vim-visual-mode-pane-selection | user-2:-:NeedsDecision:lines=223:title=strict-agent-slash-commands | user-3:-:-:lines=68:title=review-done-chat-confirmation
[09:52:53] elapsed=1487s busy=true linearize:WaitingForReply:-:lines=95:title=linearize reviewed patches | review-user-1:-:-:lines=69:title=review user-agent | review-user-2:-:-:lines=84:title=review user-agent | user-1:-:NeedsDecision:lines=124:title=vim-visual-mode-pane-selection | user-2:-:NeedsDecision:lines=223:title=strict-agent-slash-commands | user-3:-:-:lines=68:title=review-done-chat-confirmation
[09:52:58] elapsed=1492s busy=true linearize:WaitingForReply:-:lines=98:title=linearize reviewed patches | review-user-1:-:-:lines=69:title=review user-agent | review-user-2:-:-:lines=84:title=review user-agent | user-1:-:NeedsDecision:lines=124:title=vim-visual-mode-pane-selection | user-2:-:NeedsDecision:lines=223:title=strict-agent-slash-commands | user-3:-:-:lines=68:title=review-done-chat-confirmation
[09:53:08] elapsed=1502s busy=true linearize:WaitingForReply:-:lines=101:title=linearize reviewed patches | review-user-1:-:-:lines=69:title=review user-agent | review-user-2:-:-:lines=84:title=review user-agent | user-1:-:NeedsDecision:lines=124:title=vim-visual-mode-pane-selection | user-2:-:NeedsDecision:lines=223:title=strict-agent-slash-commands | user-3:-:-:lines=68:title=review-done-chat-confirmation
[09:53:18] elapsed=1512s busy=true linearize:WaitingForReply:-:lines=102:title=linearize reviewed patches | review-user-1:-:-:lines=69:title=review user-agent | review-user-2:-:-:lines=84:title=review user-agent | user-1:-:NeedsDecision:lines=124:title=vim-visual-mode-pane-selection | user-2:-:NeedsDecision:lines=223:title=strict-agent-slash-commands | user-3:-:-:lines=68:title=review-done-chat-confirmation
[09:53:33] elapsed=1527s busy=true linearize:WaitingForReply:-:lines=104:title=linearize reviewed patches | review-user-1:-:-:lines=69:title=review user-agent | review-user-2:-:-:lines=84:title=review user-agent | user-1:-:NeedsDecision:lines=124:title=vim-visual-mode-pane-selection | user-2:-:NeedsDecision:lines=223:title=strict-agent-slash-commands | user-3:-:-:lines=68:title=review-done-chat-confirmation
[09:53:38] elapsed=1532s busy=true linearize:WaitingForReply:-:lines=105:title=linearize reviewed patches | review-user-1:-:-:lines=69:title=review user-agent | review-user-2:-:-:lines=84:title=review user-agent | user-1:-:NeedsDecision:lines=124:title=vim-visual-mode-pane-selection | user-2:-:NeedsDecision:lines=223:title=strict-agent-slash-commands | user-3:-:-:lines=68:title=review-done-chat-confirmation
[09:53:59] elapsed=1552s busy=true linearize:WaitingForReply:-:lines=107:title=linearize reviewed patches | review-user-1:-:-:lines=69:title=review user-agent | review-user-2:-:-:lines=84:title=review user-agent | user-1:-:NeedsDecision:lines=124:title=vim-visual-mode-pane-selection | user-2:-:NeedsDecision:lines=223:title=strict-agent-slash-commands | user-3:-:-:lines=68:title=review-done-chat-confirmation
[09:54:04] elapsed=1558s busy=true linearize:WaitingForReply:-:lines=110:title=linearize reviewed patches | review-user-1:-:-:lines=69:title=review user-agent | review-user-2:-:-:lines=84:title=review user-agent | user-1:-:NeedsDecision:lines=124:title=vim-visual-mode-pane-selection | user-2:-:NeedsDecision:lines=223:title=strict-agent-slash-commands | user-3:-:-:lines=68:title=review-done-chat-confirmation
[09:54:09] elapsed=1563s busy=true linearize:WaitingForReply:-:lines=112:title=linearize reviewed patches | review-user-1:-:-:lines=69:title=review user-agent | review-user-2:-:-:lines=84:title=review user-agent | user-1:-:NeedsDecision:lines=124:title=vim-visual-mode-pane-selection | user-2:-:NeedsDecision:lines=223:title=strict-agent-slash-commands | user-3:-:-:lines=68:title=review-done-chat-confirmation
[09:54:14] elapsed=1568s busy=true linearize:WaitingForReply:-:lines=114:title=linearize reviewed patches | review-user-1:-:-:lines=69:title=review user-agent | review-user-2:-:-:lines=84:title=review user-agent | user-1:-:NeedsDecision:lines=124:title=vim-visual-mode-pane-selection | user-2:-:NeedsDecision:lines=223:title=strict-agent-slash-commands | user-3:-:-:lines=68:title=review-done-chat-confirmation
[09:54:19] elapsed=1573s busy=true linearize:WaitingForReply:-:lines=117:title=linearize reviewed patches | review-user-1:-:-:lines=69:title=review user-agent | review-user-2:-:-:lines=84:title=review user-agent | user-1:-:NeedsDecision:lines=124:title=vim-visual-mode-pane-selection | user-2:-:NeedsDecision:lines=223:title=strict-agent-slash-commands | user-3:-:-:lines=68:title=review-done-chat-confirmation
[09:54:29] elapsed=1583s busy=true linearize:WaitingForReply:-:lines=126:title=linearize reviewed patches | review-user-1:-:-:lines=69:title=review user-agent | review-user-2:-:-:lines=84:title=review user-agent | user-1:-:NeedsDecision:lines=124:title=vim-visual-mode-pane-selection | user-2:-:NeedsDecision:lines=223:title=strict-agent-slash-commands | user-3:-:-:lines=68:title=review-done-chat-confirmation
[09:54:34] elapsed=1588s busy=true linearize:WaitingForReply:-:lines=130:title=linearize reviewed patches | review-user-1:-:-:lines=69:title=review user-agent | review-user-2:-:-:lines=84:title=review user-agent | user-1:-:NeedsDecision:lines=124:title=vim-visual-mode-pane-selection | user-2:-:NeedsDecision:lines=223:title=strict-agent-slash-commands | user-3:-:-:lines=68:title=review-done-chat-confirmation
[09:54:39] elapsed=1593s busy=true linearize:WaitingForReply:-:lines=132:title=linearize reviewed patches | review-user-1:-:-:lines=69:title=review user-agent | review-user-2:-:-:lines=84:title=review user-agent | user-1:-:NeedsDecision:lines=124:title=vim-visual-mode-pane-selection | user-2:-:NeedsDecision:lines=223:title=strict-agent-slash-commands | user-3:-:-:lines=68:title=review-done-chat-confirmation
[09:54:49] elapsed=1603s busy=true linearize:WaitingForReply:-:lines=133:title=linearize reviewed patches | review-user-1:-:-:lines=69:title=review user-agent | review-user-2:-:-:lines=84:title=review user-agent | user-1:-:NeedsDecision:lines=124:title=vim-visual-mode-pane-selection | user-2:-:NeedsDecision:lines=223:title=strict-agent-slash-commands | user-3:-:-:lines=68:title=review-done-chat-confirmation
[09:54:59] elapsed=1613s busy=true linearize:WaitingForReply:-:lines=140:title=linearize reviewed patches | review-user-1:-:-:lines=69:title=review user-agent | review-user-2:-:-:lines=84:title=review user-agent | user-1:-:NeedsDecision:lines=124:title=vim-visual-mode-pane-selection | user-2:-:NeedsDecision:lines=223:title=strict-agent-slash-commands | user-3:-:-:lines=68:title=review-done-chat-confirmation
[09:55:04] elapsed=1618s busy=true linearize:WaitingForReply:-:lines=142:title=linearize reviewed patches | review-user-1:-:-:lines=69:title=review user-agent | review-user-2:-:-:lines=84:title=review user-agent | user-1:-:NeedsDecision:lines=124:title=vim-visual-mode-pane-selection | user-2:-:NeedsDecision:lines=223:title=strict-agent-slash-commands | user-3:-:-:lines=68:title=review-done-chat-confirmation
[09:55:09] elapsed=1623s busy=true linearize:WaitingForReply:-:lines=146:title=linearize reviewed patches | review-user-1:-:-:lines=69:title=review user-agent | review-user-2:-:-:lines=84:title=review user-agent | user-1:-:NeedsDecision:lines=124:title=vim-visual-mode-pane-selection | user-2:-:NeedsDecision:lines=223:title=strict-agent-slash-commands | user-3:-:-:lines=68:title=review-done-chat-confirmation
[09:55:35] elapsed=1649s busy=true linearize:WaitingForReply:-:lines=148:title=linearize reviewed patches | review-user-1:-:-:lines=69:title=review user-agent | review-user-2:-:-:lines=84:title=review user-agent | user-1:-:NeedsDecision:lines=124:title=vim-visual-mode-pane-selection | user-2:-:NeedsDecision:lines=223:title=strict-agent-slash-commands | user-3:-:-:lines=68:title=review-done-chat-confirmation
[09:55:40] elapsed=1654s busy=true linearize:WaitingForReply:-:lines=149:title=linearize reviewed patches | review-user-1:-:-:lines=69:title=review user-agent | review-user-2:-:-:lines=84:title=review user-agent | user-1:-:NeedsDecision:lines=124:title=vim-visual-mode-pane-selection | user-2:-:NeedsDecision:lines=223:title=strict-agent-slash-commands | user-3:-:-:lines=68:title=review-done-chat-confirmation
[09:55:50] elapsed=1664s busy=true linearize:WaitingForReply:-:lines=151:title=linearize reviewed patches | review-user-1:-:-:lines=69:title=review user-agent | review-user-2:-:-:lines=84:title=review user-agent | user-1:-:NeedsDecision:lines=124:title=vim-visual-mode-pane-selection | user-2:-:NeedsDecision:lines=223:title=strict-agent-slash-commands | user-3:-:-:lines=68:title=review-done-chat-confirmation
[09:55:55] elapsed=1669s busy=true linearize:WaitingForReply:-:lines=154:title=linearize reviewed patches | review-user-1:-:-:lines=69:title=review user-agent | review-user-2:-:-:lines=84:title=review user-agent | user-1:-:NeedsDecision:lines=124:title=vim-visual-mode-pane-selection | user-2:-:NeedsDecision:lines=223:title=strict-agent-slash-commands | user-3:-:-:lines=68:title=review-done-chat-confirmation
[09:56:05] elapsed=1679s busy=true linearize:WaitingForReply:-:lines=155:title=linearize reviewed patches | review-user-1:-:-:lines=69:title=review user-agent | review-user-2:-:-:lines=84:title=review user-agent | user-1:-:NeedsDecision:lines=124:title=vim-visual-mode-pane-selection | user-2:-:NeedsDecision:lines=223:title=strict-agent-slash-commands | user-3:-:-:lines=68:title=review-done-chat-confirmation
[09:56:10] elapsed=1684s busy=true linearize:WaitingForReply:-:lines=157:title=linearize reviewed patches | review-user-1:-:-:lines=69:title=review user-agent | review-user-2:-:-:lines=84:title=review user-agent | user-1:-:NeedsDecision:lines=124:title=vim-visual-mode-pane-selection | user-2:-:NeedsDecision:lines=223:title=strict-agent-slash-commands | user-3:-:-:lines=68:title=review-done-chat-confirmation
[09:56:20] elapsed=1694s busy=true linearize:WaitingForReply:-:lines=162:title=linearize reviewed patches | review-user-1:-:-:lines=69:title=review user-agent | review-user-2:-:-:lines=84:title=review user-agent | user-1:-:NeedsDecision:lines=124:title=vim-visual-mode-pane-selection | user-2:-:NeedsDecision:lines=223:title=strict-agent-slash-commands | user-3:-:-:lines=68:title=review-done-chat-confirmation
[09:56:25] elapsed=1699s busy=true linearize:WaitingForReply:-:lines=165:title=linearize reviewed patches | review-user-1:-:-:lines=69:title=review user-agent | review-user-2:-:-:lines=84:title=review user-agent | user-1:-:NeedsDecision:lines=124:title=vim-visual-mode-pane-selection | user-2:-:NeedsDecision:lines=223:title=strict-agent-slash-commands | user-3:-:-:lines=68:title=review-done-chat-confirmation
[09:56:35] elapsed=1709s busy=true linearize:WaitingForReply:-:lines=168:title=linearize reviewed patches | review-user-1:-:-:lines=69:title=review user-agent | review-user-2:-:-:lines=84:title=review user-agent | user-1:-:NeedsDecision:lines=124:title=vim-visual-mode-pane-selection | user-2:-:NeedsDecision:lines=223:title=strict-agent-slash-commands | user-3:-:-:lines=68:title=review-done-chat-confirmation
[09:56:40] elapsed=1714s busy=true linearize:WaitingForReply:-:lines=170:title=linearize reviewed patches | review-user-1:-:-:lines=69:title=review user-agent | review-user-2:-:-:lines=84:title=review user-agent | user-1:-:NeedsDecision:lines=124:title=vim-visual-mode-pane-selection | user-2:-:NeedsDecision:lines=223:title=strict-agent-slash-commands | user-3:-:-:lines=68:title=review-done-chat-confirmation
[09:56:55] elapsed=1729s busy=true linearize:WaitingForReply:-:lines=171:title=linearize reviewed patches | review-user-1:-:-:lines=69:title=review user-agent | review-user-2:-:-:lines=84:title=review user-agent | user-1:-:NeedsDecision:lines=124:title=vim-visual-mode-pane-selection | user-2:-:NeedsDecision:lines=223:title=strict-agent-slash-commands | user-3:-:-:lines=68:title=review-done-chat-confirmation
[09:57:21] elapsed=1755s busy=true linearize:WaitingForReply:-:lines=180:title=linearize reviewed patches | review-user-1:-:-:lines=69:title=review user-agent | review-user-2:-:-:lines=84:title=review user-agent | user-1:-:NeedsDecision:lines=124:title=vim-visual-mode-pane-selection | user-2:-:NeedsDecision:lines=223:title=strict-agent-slash-commands | user-3:-:-:lines=68:title=review-done-chat-confirmation
[09:57:36] elapsed=1770s busy=true linearize:WaitingForReply:-:lines=190:title=linearize reviewed patches | review-user-1:-:-:lines=69:title=review user-agent | review-user-2:-:-:lines=84:title=review user-agent | user-1:-:NeedsDecision:lines=124:title=vim-visual-mode-pane-selection | user-2:-:NeedsDecision:lines=223:title=strict-agent-slash-commands | user-3:-:-:lines=68:title=review-done-chat-confirmation
[09:57:41] elapsed=1775s busy=true linearize:WaitingForReply:-:lines=192:title=linearize reviewed patches | review-user-1:-:-:lines=69:title=review user-agent | review-user-2:-:-:lines=84:title=review user-agent | user-1:-:NeedsDecision:lines=124:title=vim-visual-mode-pane-selection | user-2:-:NeedsDecision:lines=223:title=strict-agent-slash-commands | user-3:-:-:lines=68:title=review-done-chat-confirmation
[09:57:46] elapsed=1780s busy=true linearize:WaitingForReply:-:lines=193:title=linearize reviewed patches | review-user-1:-:-:lines=69:title=review user-agent | review-user-2:-:-:lines=84:title=review user-agent | user-1:-:NeedsDecision:lines=124:title=vim-visual-mode-pane-selection | user-2:-:NeedsDecision:lines=223:title=strict-agent-slash-commands | user-3:-:-:lines=68:title=review-done-chat-confirmation
[09:57:56] elapsed=1790s busy=true linearize:WaitingForReply:-:lines=195:title=linearize reviewed patches | review-user-1:-:-:lines=69:title=review user-agent | review-user-2:-:-:lines=84:title=review user-agent | user-1:-:NeedsDecision:lines=124:title=vim-visual-mode-pane-selection | user-2:-:NeedsDecision:lines=223:title=strict-agent-slash-commands | user-3:-:-:lines=68:title=review-done-chat-confirmation
[09:58:01] elapsed=1795s busy=true linearize:WaitingForReply:-:lines=196:title=linearize reviewed patches | review-user-1:-:-:lines=69:title=review user-agent | review-user-2:-:-:lines=84:title=review user-agent | user-1:-:NeedsDecision:lines=124:title=vim-visual-mode-pane-selection | user-2:-:NeedsDecision:lines=223:title=strict-agent-slash-commands | user-3:-:-:lines=68:title=review-done-chat-confirmation
[09:58:11] elapsed=1805s busy=true linearize:WaitingForReply:-:lines=205:title=linearize reviewed patches | review-user-1:-:-:lines=69:title=review user-agent | review-user-2:-:-:lines=84:title=review user-agent | user-1:-:NeedsDecision:lines=124:title=vim-visual-mode-pane-selection | user-2:-:NeedsDecision:lines=223:title=strict-agent-slash-commands | user-3:-:-:lines=68:title=review-done-chat-confirmation
[09:58:42] elapsed=1836s busy=false linearize:-:-:lines=206:title=linearize reviewed patches | review-user-1:-:-:lines=69:title=review user-agent | review-user-2:-:-:lines=84:title=review user-agent | user-1:-:NeedsDecision:lines=124:title=vim-visual-mode-pane-selection | user-2:-:NeedsDecision:lines=223:title=strict-agent-slash-commands | user-3:-:-:lines=68:title=review-done-chat-confirmation
[09:58:42] running final code quality checks
[09:58:55] bench report: /home/user/src/work-leaf/bench-results/parallel-baseline-9-20260623T083811+0200/remaining-6/run-8/20260623T083811+0200-remaining6-r8-three-feature-bench.md
