[13:59:39] WORK_LEAF_BENCH_TEMP=/tmp/work-leaf-3feature-bench.geJxAD
[13:59:39] WORK_LEAF_BENCH_SOURCE_HEAD=7014e00d15ecb242e3848478da86f5b8dcbbf114
Cloning into '/tmp/work-leaf-3feature-bench.geJxAD/repo'...
done.
HEAD is now at 7014e00 v0.1.1
[13:59:40] WORK_LEAF_BENCH_BASE=3e343a14a57d5170aacc2b1d3abb5dc1123c8b4b
[13:59:40] daemon URL: http://127.0.0.1:38183
[13:59:40] web UI URL: http://127.0.0.1:41523
[13:59:40] started 3 patch agents
[13:59:40] elapsed=1s busy=true user-1:Launching:-:lines=0:title=add-vim-visual-mode-both-panes | user-2:Launching:-:lines=0:title=implement-strict-selected-agent-slash | user-3:Launching:-:lines=0:title=when-review-process-done-patch-agent
[13:59:45] elapsed=6s busy=true user-1:WaitingForReply:-:lines=2:title=add-vim-visual-mode-both-panes | user-2:Launching:-:lines=0:title=implement-strict-selected-agent-slash | user-3:Launching:-:lines=0:title=when-review-process-done-patch-agent
[13:59:50] elapsed=11s busy=true user-1:WaitingForReply:-:lines=4:title=add-vim-visual-mode-both-panes | user-2:WaitingForReply:-:lines=2:title=implement-strict-selected-agent-slash | user-3:Launching:-:lines=0:title=when-review-process-done-patch-agent
[13:59:55] elapsed=16s busy=true user-1:WaitingForReply:-:lines=4:title=add-vim-visual-mode-both-panes | user-2:WaitingForReply:-:lines=2:title=implement-strict-selected-agent-slash | user-3:WaitingForReply:-:lines=2:title=when-review-process-done-patch-agent
[14:00:00] elapsed=21s busy=true user-1:WaitingForReply:-:lines=4:title=add-vim-visual-mode-both-panes | user-2:WaitingForReply:-:lines=4:title=implement-strict-selected-agent-slash | user-3:WaitingForReply:-:lines=2:title=when-review-process-done-patch-agent
[14:00:05] elapsed=26s busy=true user-1:WaitingForReply:-:lines=7:title=add-vim-visual-mode-both-panes | user-2:WaitingForReply:-:lines=4:title=implement-strict-selected-agent-slash | user-3:WaitingForReply:-:lines=4:title=when-review-process-done-patch-agent
[14:00:10] elapsed=31s busy=true user-1:WaitingForReply:-:lines=7:title=add-vim-visual-mode-both-panes | user-2:WaitingForReply:-:lines=5:title=implement-strict-selected-agent-slash | user-3:WaitingForReply:-:lines=4:title=when-review-process-done-patch-agent
[14:00:15] elapsed=36s busy=true user-1:WaitingForReply:-:lines=13:title=add-vim-visual-mode-both-panes | user-2:WaitingForReply:-:lines=7:title=implement-strict-selected-agent-slash | user-3:WaitingForReply:-:lines=5:title=when-review-process-done-patch-agent
[14:00:20] elapsed=41s busy=true user-1:WaitingForReply:-:lines=13:title=add-vim-visual-mode-both-panes | user-2:WaitingForReply:-:lines=9:title=implement-strict-selected-agent-slash | user-3:WaitingForReply:-:lines=7:title=when-review-process-done-patch-agent
[14:00:25] elapsed=46s busy=true user-1:WaitingForReply:-:lines=22:title=add-vim-visual-mode-both-panes | user-2:WaitingForReply:-:lines=9:title=implement-strict-selected-agent-slash | user-3:WaitingForReply:-:lines=10:title=when-review-process-done-patch-agent
[14:00:31] elapsed=52s busy=true user-1:WaitingForReply:-:lines=22:title=add-vim-visual-mode-both-panes | user-2:WaitingForReply:-:lines=18:title=implement-strict-selected-agent-slash | user-3:WaitingForReply:-:lines=11:title=when-review-process-done-patch-agent
[14:00:36] elapsed=57s busy=true user-1:WaitingForReply:-:lines=22:title=add-vim-visual-mode-both-panes | user-2:WaitingForReply:-:lines=20:title=implement-strict-selected-agent-slash | user-3:WaitingForReply:-:lines=14:title=when-review-process-done-patch-agent
[14:00:41] elapsed=62s busy=true user-1:WaitingForReply:-:lines=22:title=add-vim-visual-mode-both-panes | user-2:WaitingForReply:-:lines=21:title=implement-strict-selected-agent-slash | user-3:WaitingForReply:-:lines=16:title=when-review-process-done-patch-agent
[14:00:46] elapsed=67s busy=true user-1:WaitingForReply:-:lines=22:title=add-vim-visual-mode-both-panes | user-2:WaitingForReply:-:lines=23:title=implement-strict-selected-agent-slash | user-3:WaitingForReply:-:lines=19:title=when-review-process-done-patch-agent
[14:00:51] elapsed=72s busy=true user-1:WaitingForReply:-:lines=31:title=add-vim-visual-mode-both-panes | user-2:WaitingForReply:-:lines=23:title=implement-strict-selected-agent-slash | user-3:WaitingForReply:-:lines=22:title=when-review-process-done-patch-agent
[14:00:56] elapsed=77s busy=true user-1:WaitingForReply:-:lines=31:title=add-vim-visual-mode-both-panes | user-2:WaitingForReply:-:lines=33:title=implement-strict-selected-agent-slash | user-3:WaitingForReply:-:lines=24:title=when-review-process-done-patch-agent
[14:01:01] elapsed=82s busy=true user-1:WaitingForReply:-:lines=40:title=add-vim-visual-mode-both-panes | user-2:WaitingForReply:-:lines=33:title=implement-strict-selected-agent-slash | user-3:WaitingForReply:-:lines=24:title=when-review-process-done-patch-agent
[14:01:06] elapsed=87s busy=true user-1:WaitingForReply:-:lines=40:title=add-vim-visual-mode-both-panes | user-2:WaitingForReply:-:lines=36:title=implement-strict-selected-agent-slash | user-3:WaitingForReply:-:lines=26:title=when-review-process-done-patch-agent
[14:01:11] elapsed=92s busy=true user-1:WaitingForReply:-:lines=40:title=add-vim-visual-mode-both-panes | user-2:WaitingForReply:-:lines=39:title=implement-strict-selected-agent-slash | user-3:WaitingForReply:-:lines=26:title=when-review-process-done-patch-agent
[14:01:16] elapsed=97s busy=true user-1:WaitingForReply:-:lines=40:title=add-vim-visual-mode-both-panes | user-2:WaitingForReply:-:lines=41:title=implement-strict-selected-agent-slash | user-3:WaitingForReply:-:lines=27:title=when-review-process-done-patch-agent
[14:01:21] elapsed=102s busy=true user-1:WaitingForReply:-:lines=40:title=add-vim-visual-mode-both-panes | user-2:WaitingForReply:-:lines=41:title=implement-strict-selected-agent-slash | user-3:WaitingForReply:-:lines=29:title=when-review-process-done-patch-agent
[14:01:26] elapsed=107s busy=true user-1:WaitingForReply:-:lines=40:title=add-vim-visual-mode-both-panes | user-2:WaitingForReply:-:lines=41:title=implement-strict-selected-agent-slash | user-3:WaitingForReply:-:lines=32:title=when-review-process-done-patch-agent
[14:01:31] elapsed=112s busy=true user-1:WaitingForReply:-:lines=40:title=add-vim-visual-mode-both-panes | user-2:WaitingForReply:-:lines=43:title=implement-strict-selected-agent-slash | user-3:WaitingForReply:-:lines=32:title=when-review-process-done-patch-agent
[14:01:36] elapsed=117s busy=true user-1:WaitingForReply:-:lines=40:title=add-vim-visual-mode-both-panes | user-2:WaitingForReply:-:lines=45:title=implement-strict-selected-agent-slash | user-3:WaitingForReply:-:lines=32:title=when-review-process-done-patch-agent
[14:01:41] elapsed=122s busy=true user-1:WaitingForReply:-:lines=40:title=add-vim-visual-mode-both-panes | user-2:WaitingForReply:-:lines=47:title=implement-strict-selected-agent-slash | user-3:WaitingForReply:-:lines=35:title=when-review-process-done-patch-agent
[14:01:51] elapsed=132s busy=true user-1:WaitingForReply:-:lines=40:title=add-vim-visual-mode-both-panes | user-2:WaitingForReply:-:lines=47:title=implement-strict-selected-agent-slash | user-3:WaitingForReply:-:lines=37:title=when-review-process-done-patch-agent
[14:02:02] elapsed=143s busy=true user-1:WaitingForReply:-:lines=40:title=add-vim-visual-mode-both-panes | user-2:WaitingForReply:-:lines=50:title=implement-strict-selected-agent-slash | user-3:WaitingForReply:-:lines=40:title=when-review-process-done-patch-agent
[14:02:07] elapsed=148s busy=true user-1:WaitingForReply:-:lines=40:title=add-vim-visual-mode-both-panes | user-2:WaitingForReply:-:lines=52:title=implement-strict-selected-agent-slash | user-3:WaitingForReply:-:lines=42:title=when-review-process-done-patch-agent
[14:02:17] elapsed=158s busy=true user-1:WaitingForReply:-:lines=40:title=add-vim-visual-mode-both-panes | user-2:WaitingForReply:-:lines=52:title=implement-strict-selected-agent-slash | user-3:-:-:lines=44:title=when-review-process-done-patch-agent
[14:02:22] elapsed=163s busy=true user-1:WaitingForReply:-:lines=41:title=add-vim-visual-mode-both-panes | user-2:WaitingForReply:-:lines=52:title=implement-strict-selected-agent-slash | user-3:-:-:lines=44:title=when-review-process-done-patch-agent
[14:02:27] elapsed=168s busy=true user-1:WaitingForReply:-:lines=41:title=add-vim-visual-mode-both-panes | user-2:WaitingForReply:-:lines=52:title=implement-strict-selected-agent-slash | user-3:-:-:lines=44:title=review-done-feature-confirmation
[14:02:37] elapsed=178s busy=true user-1:WaitingForReply:-:lines=43:title=add-vim-visual-mode-both-panes | user-2:WaitingForReply:-:lines=52:title=implement-strict-selected-agent-slash | user-3:-:-:lines=44:title=review-done-feature-confirmation
[14:02:47] elapsed=188s busy=true user-1:WaitingForReply:-:lines=48:title=add-vim-visual-mode-both-panes | user-2:WaitingForReply:-:lines=52:title=implement-strict-selected-agent-slash | user-3:-:-:lines=44:title=review-done-feature-confirmation
[14:02:52] elapsed=193s busy=true user-1:WaitingForReply:-:lines=50:title=add-vim-visual-mode-both-panes | user-2:WaitingForReply:-:lines=54:title=implement-strict-selected-agent-slash | user-3:-:-:lines=44:title=review-done-feature-confirmation
[14:02:57] elapsed=198s busy=true user-1:WaitingForReply:-:lines=50:title=add-vim-visual-mode-both-panes | user-2:WaitingForReply:-:lines=56:title=implement-strict-selected-agent-slash | user-3:-:-:lines=44:title=review-done-feature-confirmation
[14:03:02] elapsed=203s busy=true user-1:WaitingForReply:-:lines=50:title=add-vim-visual-mode-both-panes | user-2:WaitingForReply:-:lines=58:title=implement-strict-selected-agent-slash | user-3:-:-:lines=44:title=review-done-feature-confirmation
[14:03:07] elapsed=208s busy=true user-1:WaitingForReply:-:lines=59:title=add-vim-visual-mode-both-panes | user-2:WaitingForReply:-:lines=58:title=implement-strict-selected-agent-slash | user-3:-:-:lines=44:title=review-done-feature-confirmation
[14:03:18] elapsed=219s busy=true user-1:WaitingForReply:-:lines=59:title=add-vim-visual-mode-both-panes | user-2:WaitingForReply:-:lines=60:title=implement-strict-selected-agent-slash | user-3:-:-:lines=44:title=review-done-feature-confirmation
[14:03:23] elapsed=224s busy=true user-1:WaitingForReply:-:lines=68:title=add-vim-visual-mode-both-panes | user-2:WaitingForReply:-:lines=62:title=implement-strict-selected-agent-slash | user-3:-:-:lines=44:title=review-done-feature-confirmation
[14:03:33] elapsed=234s busy=true user-1:WaitingForReply:-:lines=77:title=add-vim-visual-mode-both-panes | user-2:WaitingForReply:-:lines=62:title=implement-strict-selected-agent-slash | user-3:-:-:lines=44:title=review-done-feature-confirmation
[14:04:24] elapsed=284s busy=true user-1:WaitingForReply:-:lines=79:title=add-vim-visual-mode-both-panes | user-2:WaitingForReply:-:lines=62:title=implement-strict-selected-agent-slash | user-3:-:-:lines=44:title=review-done-feature-confirmation
[14:04:29] elapsed=290s busy=true user-1:WaitingForReply:-:lines=81:title=add-vim-visual-mode-both-panes | user-2:WaitingForReply:-:lines=62:title=implement-strict-selected-agent-slash | user-3:-:-:lines=44:title=review-done-feature-confirmation
[14:04:49] elapsed=310s busy=true user-1:WaitingForReply:-:lines=85:title=add-vim-visual-mode-both-panes | user-2:WaitingForReply:-:lines=62:title=implement-strict-selected-agent-slash | user-3:-:-:lines=44:title=review-done-feature-confirmation
[14:04:59] elapsed=320s busy=true user-1:WaitingForReply:-:lines=85:title=add-vim-visual-mode-both-panes | user-2:WaitingForReply:-:lines=64:title=implement-strict-selected-agent-slash | user-3:-:-:lines=44:title=review-done-feature-confirmation
[14:05:09] elapsed=330s busy=true user-1:WaitingForReply:-:lines=85:title=add-vim-visual-mode-both-panes | user-2:WaitingForReply:-:lines=67:title=implement-strict-selected-agent-slash | user-3:-:-:lines=44:title=review-done-feature-confirmation
[14:05:14] elapsed=335s busy=true user-1:WaitingForReply:-:lines=87:title=add-vim-visual-mode-both-panes | user-2:WaitingForReply:-:lines=69:title=implement-strict-selected-agent-slash | user-3:-:-:lines=44:title=review-done-feature-confirmation
[14:05:19] elapsed=340s busy=true review-user-1:WaitingForReply:-:lines=0:title=review user-agent | user-1:-:-:lines=94:title=add-vim-visual-mode-both-panes | user-2:WaitingForReply:-:lines=69:title=implement-strict-selected-agent-slash | user-3:-:-:lines=44:title=review-done-feature-confirmation
[14:05:24] elapsed=345s busy=true review-user-1:WaitingForReply:-:lines=2:title=review user-agent | user-1:-:-:lines=94:title=add-vim-visual-mode-both-panes | user-2:WaitingForReply:-:lines=74:title=implement-strict-selected-agent-slash | user-3:-:-:lines=44:title=review-done-feature-confirmation
[14:05:29] elapsed=350s busy=true review-user-1:WaitingForReply:-:lines=2:title=review user-agent | user-1:-:-:lines=94:title=add-vim-visual-mode-both-panes | user-2:WaitingForReply:-:lines=76:title=implement-strict-selected-agent-slash | user-3:-:-:lines=44:title=review-done-feature-confirmation
[14:05:35] elapsed=355s busy=true review-user-1:WaitingForReply:-:lines=4:title=review user-agent | review-user-2:WaitingForReply:-:lines=0:title=review user-agent | user-1:-:-:lines=94:title=add-vim-visual-mode-both-panes | user-2:-:-:lines=78:title=implement-strict-selected-agent-slash | user-3:-:-:lines=44:title=review-done-feature-confirmation
[14:05:40] elapsed=361s busy=true review-user-1:WaitingForReply:-:lines=4:title=review user-agent | review-user-2:WaitingForReply:-:lines=2:title=review user-agent | user-1:-:-:lines=94:title=vim-visual-select-panes | user-2:-:-:lines=78:title=strict-agent-slash-commands | user-3:-:-:lines=44:title=review-done-feature-confirmation
[14:05:45] elapsed=366s busy=true review-user-1:WaitingForReply:-:lines=5:title=review user-agent | review-user-2:WaitingForReply:-:lines=2:title=review user-agent | user-1:-:-:lines=94:title=vim-visual-select-panes | user-2:-:-:lines=78:title=strict-agent-slash-commands | user-3:-:-:lines=44:title=review-done-feature-confirmation
[14:05:50] elapsed=371s busy=true review-user-1:WaitingForReply:-:lines=9:title=review user-agent | review-user-2:WaitingForReply:-:lines=4:title=review user-agent | user-1:-:-:lines=94:title=vim-visual-select-panes | user-2:-:-:lines=78:title=strict-agent-slash-commands | user-3:-:-:lines=44:title=review-done-feature-confirmation
[14:05:55] elapsed=376s busy=true review-user-1:WaitingForReply:-:lines=11:title=review user-agent | review-user-2:WaitingForReply:-:lines=4:title=review user-agent | user-1:-:-:lines=94:title=vim-visual-select-panes | user-2:-:-:lines=78:title=strict-agent-slash-commands | user-3:-:-:lines=44:title=review-done-feature-confirmation
[14:06:00] elapsed=381s busy=true review-user-1:WaitingForReply:-:lines=13:title=review user-agent | review-user-2:WaitingForReply:-:lines=4:title=review user-agent | user-1:-:-:lines=94:title=vim-visual-select-panes | user-2:-:-:lines=78:title=strict-agent-slash-commands | user-3:-:-:lines=44:title=review-done-feature-confirmation
[14:06:05] elapsed=386s busy=true review-user-1:WaitingForReply:-:lines=14:title=review user-agent | review-user-2:WaitingForReply:-:lines=4:title=review user-agent | user-1:-:-:lines=94:title=vim-visual-select-panes | user-2:-:-:lines=78:title=strict-agent-slash-commands | user-3:-:-:lines=44:title=review-done-feature-confirmation
[14:06:10] elapsed=391s busy=true review-user-1:WaitingForReply:-:lines=16:title=review user-agent | review-user-2:WaitingForReply:-:lines=7:title=review user-agent | user-1:-:-:lines=94:title=vim-visual-select-panes | user-2:-:-:lines=78:title=strict-agent-slash-commands | user-3:-:-:lines=44:title=review-done-feature-confirmation
[14:06:15] elapsed=396s busy=true review-user-1:WaitingForReply:-:lines=17:title=review user-agent | review-user-2:WaitingForReply:-:lines=10:title=review user-agent | user-1:-:-:lines=94:title=vim-visual-select-panes | user-2:-:-:lines=78:title=strict-agent-slash-commands | user-3:-:-:lines=44:title=review-done-feature-confirmation
[14:06:25] elapsed=406s busy=true review-user-1:WaitingForReply:-:lines=18:title=review user-agent | review-user-2:WaitingForReply:-:lines=12:title=review user-agent | user-1:-:-:lines=94:title=vim-visual-select-panes | user-2:-:-:lines=78:title=strict-agent-slash-commands | user-3:-:-:lines=44:title=review-done-feature-confirmation
[14:06:30] elapsed=411s busy=true review-user-1:WaitingForReply:-:lines=20:title=review user-agent | review-user-2:WaitingForReply:-:lines=14:title=review user-agent | user-1:-:-:lines=94:title=vim-visual-select-panes | user-2:-:-:lines=78:title=strict-agent-slash-commands | user-3:-:-:lines=44:title=review-done-feature-confirmation
[14:06:35] elapsed=416s busy=true review-user-1:WaitingForReply:-:lines=22:title=review user-agent | review-user-2:WaitingForReply:-:lines=16:title=review user-agent | user-1:-:-:lines=94:title=vim-visual-select-panes | user-2:-:-:lines=78:title=strict-agent-slash-commands | user-3:-:-:lines=44:title=review-done-feature-confirmation
[14:06:40] elapsed=421s busy=true review-user-1:WaitingForReply:-:lines=24:title=review user-agent | review-user-2:WaitingForReply:-:lines=16:title=review user-agent | user-1:-:-:lines=94:title=vim-visual-select-panes | user-2:-:-:lines=78:title=strict-agent-slash-commands | user-3:-:-:lines=44:title=review-done-feature-confirmation
[14:06:45] elapsed=426s busy=true review-user-1:WaitingForReply:-:lines=26:title=review user-agent | review-user-2:WaitingForReply:-:lines=18:title=review user-agent | user-1:-:-:lines=94:title=vim-visual-select-panes | user-2:-:-:lines=78:title=strict-agent-slash-commands | user-3:-:-:lines=44:title=review-done-feature-confirmation
[14:06:50] elapsed=431s busy=true review-user-1:WaitingForReply:-:lines=26:title=review user-agent | review-user-2:WaitingForReply:-:lines=20:title=review user-agent | user-1:-:-:lines=94:title=vim-visual-select-panes | user-2:-:-:lines=78:title=strict-agent-slash-commands | user-3:-:-:lines=44:title=review-done-feature-confirmation
[14:06:55] elapsed=436s busy=true review-user-1:WaitingForReply:-:lines=28:title=review user-agent | review-user-2:WaitingForReply:-:lines=22:title=review user-agent | user-1:-:-:lines=94:title=vim-visual-select-panes | user-2:-:-:lines=78:title=strict-agent-slash-commands | user-3:-:-:lines=44:title=review-done-feature-confirmation
[14:07:01] elapsed=442s busy=true review-user-1:WaitingForReply:-:lines=28:title=review user-agent | review-user-2:WaitingForReply:-:lines=24:title=review user-agent | user-1:-:-:lines=94:title=vim-visual-select-panes | user-2:-:-:lines=78:title=strict-agent-slash-commands | user-3:-:-:lines=44:title=review-done-feature-confirmation
[14:07:06] elapsed=447s busy=true review-user-1:WaitingForReply:-:lines=30:title=review user-agent | review-user-2:WaitingForReply:-:lines=28:title=review user-agent | user-1:-:-:lines=94:title=vim-visual-select-panes | user-2:-:-:lines=78:title=strict-agent-slash-commands | user-3:-:-:lines=44:title=review-done-feature-confirmation
[14:07:11] elapsed=452s busy=true review-user-1:WaitingForReply:-:lines=32:title=review user-agent | review-user-2:WaitingForReply:-:lines=28:title=review user-agent | user-1:-:-:lines=94:title=vim-visual-select-panes | user-2:-:-:lines=78:title=strict-agent-slash-commands | user-3:-:-:lines=44:title=review-done-feature-confirmation
[14:07:16] elapsed=457s busy=true review-user-1:WaitingForReply:-:lines=34:title=review user-agent | review-user-2:WaitingForReply:-:lines=32:title=review user-agent | user-1:-:-:lines=94:title=vim-visual-select-panes | user-2:-:-:lines=78:title=strict-agent-slash-commands | user-3:-:-:lines=44:title=review-done-feature-confirmation
[14:07:21] elapsed=462s busy=true review-user-1:WaitingForReply:-:lines=34:title=review user-agent | review-user-2:WaitingForReply:-:lines=34:title=review user-agent | user-1:-:-:lines=94:title=vim-visual-select-panes | user-2:-:-:lines=78:title=strict-agent-slash-commands | user-3:-:-:lines=44:title=review-done-feature-confirmation
[14:07:26] elapsed=467s busy=true review-user-1:WaitingForReply:-:lines=36:title=review user-agent | review-user-2:WaitingForReply:-:lines=34:title=review user-agent | user-1:-:-:lines=94:title=vim-visual-select-panes | user-2:-:-:lines=78:title=strict-agent-slash-commands | user-3:-:-:lines=44:title=review-done-feature-confirmation
[14:07:31] elapsed=472s busy=true review-user-1:WaitingForReply:-:lines=36:title=review user-agent | review-user-2:WaitingForReply:-:lines=36:title=review user-agent | user-1:-:-:lines=94:title=vim-visual-select-panes | user-2:-:-:lines=78:title=strict-agent-slash-commands | user-3:-:-:lines=44:title=review-done-feature-confirmation
[14:07:36] elapsed=477s busy=true review-user-1:WaitingForReply:-:lines=38:title=review user-agent | review-user-2:WaitingForReply:-:lines=38:title=review user-agent | user-1:-:-:lines=94:title=vim-visual-select-panes | user-2:-:-:lines=78:title=strict-agent-slash-commands | user-3:-:-:lines=44:title=review-done-feature-confirmation
[14:07:41] elapsed=482s busy=true review-user-1:WaitingForReply:-:lines=40:title=review user-agent | review-user-2:WaitingForReply:-:lines=40:title=review user-agent | user-1:-:-:lines=94:title=vim-visual-select-panes | user-2:-:-:lines=78:title=strict-agent-slash-commands | user-3:-:-:lines=44:title=review-done-feature-confirmation
[14:07:46] elapsed=487s busy=true review-user-1:WaitingForReply:-:lines=40:title=review user-agent | review-user-2:WaitingForReply:-:lines=44:title=review user-agent | user-1:-:-:lines=94:title=vim-visual-select-panes | user-2:-:-:lines=78:title=strict-agent-slash-commands | user-3:-:-:lines=44:title=review-done-feature-confirmation
[14:07:51] elapsed=492s busy=true review-user-1:WaitingForReply:-:lines=42:title=review user-agent | review-user-2:WaitingForReply:-:lines=44:title=review user-agent | user-1:-:-:lines=94:title=vim-visual-select-panes | user-2:-:-:lines=78:title=strict-agent-slash-commands | user-3:-:-:lines=44:title=review-done-feature-confirmation
[14:07:56] elapsed=497s busy=true review-user-1:WaitingForReply:-:lines=45:title=review user-agent | review-user-2:WaitingForReply:-:lines=48:title=review user-agent | user-1:-:-:lines=94:title=vim-visual-select-panes | user-2:-:-:lines=78:title=strict-agent-slash-commands | user-3:-:-:lines=44:title=review-done-feature-confirmation
[14:08:16] elapsed=517s busy=true review-user-1:WaitingForReply:-:lines=45:title=review user-agent | review-user-2:WaitingForReply:-:lines=49:title=review user-agent | user-1:-:-:lines=94:title=vim-visual-select-panes | user-2:-:-:lines=78:title=strict-agent-slash-commands | user-3:-:-:lines=44:title=review-done-feature-confirmation
[14:08:21] elapsed=522s busy=true review-user-1:WaitingForReply:-:lines=45:title=review user-agent | review-user-2:WaitingForReply:-:lines=51:title=review user-agent | user-1:-:-:lines=94:title=vim-visual-select-panes | user-2:-:-:lines=78:title=strict-agent-slash-commands | user-3:-:-:lines=44:title=review-done-feature-confirmation
[14:08:26] elapsed=527s busy=true review-user-1:WaitingForReply:-:lines=45:title=review user-agent | review-user-2:WaitingForReply:-:lines=55:title=review user-agent | user-1:-:-:lines=94:title=vim-visual-select-panes | user-2:-:-:lines=78:title=strict-agent-slash-commands | user-3:-:-:lines=44:title=review-done-feature-confirmation
[14:08:37] elapsed=538s busy=true review-user-1:WaitingForReply:-:lines=46:title=review user-agent | review-user-2:WaitingForReply:-:lines=57:title=review user-agent | user-1:-:-:lines=94:title=vim-visual-select-panes | user-2:-:-:lines=78:title=strict-agent-slash-commands | user-3:-:-:lines=44:title=review-done-feature-confirmation
[14:08:42] elapsed=543s busy=true review-user-1:WaitingForReply:-:lines=46:title=review user-agent | review-user-2:WaitingForReply:-:lines=57:title=review user-agent | user-1:WaitingForReply:-:lines=97:title=vim-visual-select-panes | user-2:-:-:lines=78:title=strict-agent-slash-commands | user-3:-:-:lines=44:title=review-done-feature-confirmation
[14:08:52] elapsed=553s busy=true review-user-1:WaitingForReply:-:lines=46:title=review user-agent | review-user-2:WaitingForReply:-:lines=57:title=review user-agent | user-1:WaitingForReply:-:lines=98:title=vim-visual-select-panes | user-2:-:-:lines=78:title=strict-agent-slash-commands | user-3:-:-:lines=44:title=review-done-feature-confirmation
[14:08:57] elapsed=558s busy=true review-user-1:WaitingForReply:-:lines=46:title=review user-agent | review-user-2:WaitingForReply:-:lines=57:title=review user-agent | user-1:WaitingForReply:-:lines=100:title=vim-visual-select-panes | user-2:-:-:lines=78:title=strict-agent-slash-commands | user-3:-:-:lines=44:title=review-done-feature-confirmation
[14:09:17] elapsed=578s busy=true review-user-1:WaitingForReply:-:lines=46:title=review user-agent | review-user-2:WaitingForReply:-:lines=58:title=review user-agent | user-1:WaitingForReply:-:lines=100:title=vim-visual-select-panes | user-2:WaitingForReply:-:lines=81:title=strict-agent-slash-commands | user-3:-:-:lines=44:title=review-done-feature-confirmation
[14:09:32] elapsed=593s busy=true review-user-1:WaitingForReply:-:lines=46:title=review user-agent | review-user-2:WaitingForReply:-:lines=58:title=review user-agent | user-1:WaitingForReply:-:lines=100:title=vim-visual-select-panes | user-2:WaitingForReply:-:lines=84:title=strict-agent-slash-commands | user-3:-:-:lines=44:title=review-done-feature-confirmation
[14:09:37] elapsed=598s busy=true review-user-1:WaitingForReply:-:lines=46:title=review user-agent | review-user-2:WaitingForReply:-:lines=58:title=review user-agent | user-1:WaitingForReply:-:lines=100:title=vim-visual-select-panes | user-2:WaitingForReply:-:lines=86:title=strict-agent-slash-commands | user-3:-:-:lines=44:title=review-done-feature-confirmation
[14:09:47] elapsed=608s busy=true review-user-1:WaitingForReply:-:lines=46:title=review user-agent | review-user-2:WaitingForReply:-:lines=58:title=review user-agent | user-1:WaitingForReply:-:lines=100:title=vim-visual-select-panes | user-2:WaitingForReply:-:lines=89:title=strict-agent-slash-commands | user-3:-:-:lines=44:title=review-done-feature-confirmation
[14:09:52] elapsed=613s busy=true review-user-1:WaitingForReply:-:lines=46:title=review user-agent | review-user-2:WaitingForReply:-:lines=58:title=review user-agent | user-1:WaitingForReply:-:lines=100:title=vim-visual-select-panes | user-2:WaitingForReply:-:lines=92:title=strict-agent-slash-commands | user-3:-:-:lines=44:title=review-done-feature-confirmation
[14:09:57] elapsed=618s busy=true review-user-1:WaitingForReply:-:lines=46:title=review user-agent | review-user-2:WaitingForReply:-:lines=58:title=review user-agent | user-1:WaitingForReply:-:lines=100:title=vim-visual-select-panes | user-2:WaitingForReply:-:lines=94:title=strict-agent-slash-commands | user-3:-:-:lines=44:title=review-done-feature-confirmation
[14:10:02] elapsed=623s busy=true review-user-1:WaitingForReply:-:lines=46:title=review user-agent | review-user-2:WaitingForReply:-:lines=58:title=review user-agent | user-1:WaitingForReply:-:lines=102:title=vim-visual-select-panes | user-2:WaitingForReply:-:lines=94:title=strict-agent-slash-commands | user-3:-:-:lines=44:title=review-done-feature-confirmation
[14:10:08] elapsed=629s busy=true review-user-1:WaitingForReply:-:lines=46:title=review user-agent | review-user-2:WaitingForReply:-:lines=58:title=review user-agent | user-1:WaitingForReply:-:lines=102:title=vim-visual-select-panes | user-2:WaitingForReply:-:lines=104:title=strict-agent-slash-commands | user-3:-:-:lines=44:title=review-done-feature-confirmation
[14:10:18] elapsed=639s busy=true review-user-1:WaitingForReply:-:lines=46:title=review user-agent | review-user-2:WaitingForReply:-:lines=58:title=review user-agent | user-1:WaitingForReply:-:lines=102:title=vim-visual-select-panes | user-2:WaitingForReply:-:lines=106:title=strict-agent-slash-commands | user-3:-:-:lines=44:title=review-done-feature-confirmation
[14:10:23] elapsed=644s busy=true review-user-1:WaitingForReply:-:lines=46:title=review user-agent | review-user-2:WaitingForReply:-:lines=58:title=review user-agent | user-1:WaitingForReply:-:lines=105:title=vim-visual-select-panes | user-2:WaitingForReply:-:lines=109:title=strict-agent-slash-commands | user-3:-:-:lines=44:title=review-done-feature-confirmation
[14:10:28] elapsed=649s busy=true review-user-1:WaitingForReply:-:lines=46:title=review user-agent | review-user-2:WaitingForReply:-:lines=58:title=review user-agent | user-1:WaitingForReply:-:lines=107:title=vim-visual-select-panes | user-2:WaitingForReply:-:lines=109:title=strict-agent-slash-commands | user-3:-:-:lines=44:title=review-done-feature-confirmation
[14:10:38] elapsed=659s busy=true review-user-1:WaitingForReply:-:lines=47:title=review user-agent | review-user-2:WaitingForReply:-:lines=58:title=review user-agent | user-1:WaitingForReply:-:lines=108:title=vim-visual-select-panes | user-2:WaitingForReply:-:lines=109:title=strict-agent-slash-commands | user-3:-:-:lines=44:title=review-done-feature-confirmation
[14:10:43] elapsed=664s busy=true review-user-1:WaitingForReply:-:lines=49:title=review user-agent | review-user-2:WaitingForReply:-:lines=58:title=review user-agent | user-1:WaitingForReply:-:lines=108:title=vim-visual-select-panes | user-2:WaitingForReply:-:lines=110:title=strict-agent-slash-commands | user-3:-:-:lines=44:title=review-done-feature-confirmation
[14:10:53] elapsed=674s busy=true review-user-1:WaitingForReply:-:lines=49:title=review user-agent | review-user-2:WaitingForReply:-:lines=58:title=review user-agent | user-1:WaitingForReply:-:lines=108:title=vim-visual-select-panes | user-2:WaitingForReply:-:lines=115:title=strict-agent-slash-commands | user-3:-:-:lines=44:title=review-done-feature-confirmation
[14:11:18] elapsed=699s busy=true review-user-1:WaitingForReply:-:lines=50:title=review user-agent | review-user-2:WaitingForReply:-:lines=58:title=review user-agent | user-1:WaitingForReply:-:lines=111:title=vim-visual-select-panes | user-2:WaitingForReply:-:lines=117:title=strict-agent-slash-commands | user-3:-:-:lines=44:title=review-done-feature-confirmation
[14:11:33] elapsed=714s busy=true review-user-1:WaitingForReply:-:lines=51:title=review user-agent | review-user-2:WaitingForReply:-:lines=58:title=review user-agent | user-1:WaitingForReply:-:lines=112:title=vim-visual-select-panes | user-2:WaitingForReply:-:lines=117:title=strict-agent-slash-commands | user-3:-:-:lines=44:title=review-done-feature-confirmation
[14:11:44] elapsed=725s busy=true review-user-1:WaitingForReply:-:lines=51:title=review user-agent | review-user-2:WaitingForReply:-:lines=58:title=review user-agent | user-1:WaitingForReply:-:lines=112:title=vim-visual-select-panes | user-2:WaitingForReply:-:lines=122:title=strict-agent-slash-commands | user-3:-:-:lines=44:title=review-done-feature-confirmation
[14:11:59] elapsed=740s busy=true review-user-1:-:-:lines=53:title=review user-agent | review-user-2:WaitingForReply:-:lines=58:title=review user-agent | user-1:-:NeedsDecision:lines=114:title=vim-visual-select-panes | user-2:WaitingForReply:-:lines=122:title=strict-agent-slash-commands | user-3:-:-:lines=44:title=review-done-feature-confirmation
[14:12:44] elapsed=785s busy=true review-user-1:-:-:lines=53:title=review user-agent | review-user-2:WaitingForReply:-:lines=58:title=review user-agent | user-1:-:NeedsDecision:lines=114:title=vim-visual-select-panes | user-2:WaitingForReply:-:lines=125:title=strict-agent-slash-commands | user-3:-:-:lines=44:title=review-done-feature-confirmation
[14:12:59] elapsed=800s busy=true review-user-1:-:-:lines=53:title=review user-agent | review-user-2:WaitingForReply:-:lines=58:title=review user-agent | user-1:-:NeedsDecision:lines=114:title=vim-visual-select-panes | user-2:WaitingForReply:-:lines=127:title=strict-agent-slash-commands | user-3:-:-:lines=44:title=review-done-feature-confirmation
[14:13:15] elapsed=816s busy=true review-user-1:-:-:lines=53:title=review user-agent | review-user-2:WaitingForReply:-:lines=59:title=review user-agent | user-1:-:NeedsDecision:lines=114:title=vim-visual-select-panes | user-2:WaitingForReply:-:lines=128:title=strict-agent-slash-commands | user-3:-:-:lines=44:title=review-done-feature-confirmation
[14:13:20] elapsed=821s busy=false review-user-1:-:-:lines=53:title=review user-agent | review-user-2:-:-:lines=61:title=review user-agent | user-1:-:NeedsDecision:lines=114:title=vim-visual-select-panes | user-2:-:NeedsDecision:lines=130:title=strict-agent-slash-commands | user-3:-:-:lines=44:title=review-done-feature-confirmation
[14:13:20] all patch agents done and 2 patch-agent commit(s) reviewed; launching force-linearize
[14:13:25] elapsed=826s busy=true linearize:Launching:-:lines=0:title=linearize reviewed patches | review-user-1:-:-:lines=54:title=review user-agent | review-user-2:-:-:lines=62:title=review user-agent | user-1:-:NeedsDecision:lines=115:title=vim-visual-select-panes | user-2:-:NeedsDecision:lines=131:title=strict-agent-slash-commands | user-3:-:-:lines=45:title=review-done-feature-confirmation
[14:13:30] elapsed=831s busy=true linearize:WaitingForReply:-:lines=2:title=linearize reviewed patches | review-user-1:-:-:lines=54:title=review user-agent | review-user-2:-:-:lines=62:title=review user-agent | user-1:-:NeedsDecision:lines=115:title=vim-visual-select-panes | user-2:-:NeedsDecision:lines=131:title=strict-agent-slash-commands | user-3:-:-:lines=45:title=review-done-feature-confirmation
[14:13:40] elapsed=841s busy=true linearize:WaitingForReply:-:lines=11:title=linearize reviewed patches | review-user-1:-:-:lines=54:title=review user-agent | review-user-2:-:-:lines=62:title=review user-agent | user-1:-:NeedsDecision:lines=115:title=vim-visual-select-panes | user-2:-:NeedsDecision:lines=131:title=strict-agent-slash-commands | user-3:-:-:lines=45:title=review-done-feature-confirmation
[14:13:55] elapsed=856s busy=true linearize:WaitingForReply:-:lines=20:title=linearize reviewed patches | review-user-1:-:-:lines=54:title=review user-agent | review-user-2:-:-:lines=62:title=review user-agent | user-1:-:NeedsDecision:lines=115:title=vim-visual-select-panes | user-2:-:NeedsDecision:lines=131:title=strict-agent-slash-commands | user-3:-:-:lines=45:title=review-done-feature-confirmation
[14:14:05] elapsed=866s busy=true linearize:WaitingForReply:-:lines=29:title=linearize reviewed patches | review-user-1:-:-:lines=54:title=review user-agent | review-user-2:-:-:lines=62:title=review user-agent | user-1:-:NeedsDecision:lines=115:title=vim-visual-select-panes | user-2:-:NeedsDecision:lines=131:title=strict-agent-slash-commands | user-3:-:-:lines=45:title=review-done-feature-confirmation
[14:14:20] elapsed=881s busy=true linearize:WaitingForReply:-:lines=38:title=linearize reviewed patches | review-user-1:-:-:lines=54:title=review user-agent | review-user-2:-:-:lines=62:title=review user-agent | user-1:-:NeedsDecision:lines=115:title=vim-visual-select-panes | user-2:-:NeedsDecision:lines=131:title=strict-agent-slash-commands | user-3:-:-:lines=45:title=review-done-feature-confirmation
[14:14:41] elapsed=902s busy=true linearize:WaitingForReply:-:lines=47:title=linearize reviewed patches | review-user-1:-:-:lines=54:title=review user-agent | review-user-2:-:-:lines=62:title=review user-agent | user-1:-:NeedsDecision:lines=115:title=vim-visual-select-panes | user-2:-:NeedsDecision:lines=131:title=strict-agent-slash-commands | user-3:-:-:lines=45:title=review-done-feature-confirmation
[14:15:11] elapsed=932s busy=false linearize:-:-:lines=48:title=linearize reviewed patches | review-user-1:-:-:lines=54:title=review user-agent | review-user-2:-:-:lines=62:title=review user-agent | user-1:-:NeedsDecision:lines=115:title=vim-visual-select-panes | user-2:-:NeedsDecision:lines=131:title=strict-agent-slash-commands | user-3:-:-:lines=45:title=review-done-feature-confirmation
[14:15:11] linearizer ready; accepting plan
[14:15:16] elapsed=937s busy=true linearize:WaitingForReply:-:lines=50:title=linearize reviewed patches | review-user-1:-:-:lines=54:title=review user-agent | review-user-2:-:-:lines=62:title=review user-agent | user-1:-:NeedsDecision:lines=115:title=vim-visual-select-panes | user-2:-:NeedsDecision:lines=131:title=strict-agent-slash-commands | user-3:-:-:lines=45:title=review-done-feature-confirmation
[14:15:26] elapsed=947s busy=true linearize:WaitingForReply:-:lines=51:title=linearize reviewed patches | review-user-1:-:-:lines=54:title=review user-agent | review-user-2:-:-:lines=62:title=review user-agent | user-1:-:NeedsDecision:lines=115:title=vim-visual-select-panes | user-2:-:NeedsDecision:lines=131:title=strict-agent-slash-commands | user-3:-:-:lines=45:title=review-done-feature-confirmation
[14:15:36] elapsed=957s busy=true linearize:WaitingForReply:-:lines=60:title=linearize reviewed patches | review-user-1:-:-:lines=54:title=review user-agent | review-user-2:-:-:lines=62:title=review user-agent | user-1:-:NeedsDecision:lines=115:title=vim-visual-select-panes | user-2:-:NeedsDecision:lines=131:title=strict-agent-slash-commands | user-3:-:-:lines=45:title=review-done-feature-confirmation
[14:15:41] elapsed=962s busy=true linearize:WaitingForReply:-:lines=63:title=linearize reviewed patches | review-user-1:-:-:lines=54:title=review user-agent | review-user-2:-:-:lines=62:title=review user-agent | user-1:-:NeedsDecision:lines=115:title=vim-visual-select-panes | user-2:-:NeedsDecision:lines=131:title=strict-agent-slash-commands | user-3:-:-:lines=45:title=review-done-feature-confirmation
[14:15:46] elapsed=967s busy=true linearize:WaitingForReply:-:lines=68:title=linearize reviewed patches | review-user-1:-:-:lines=54:title=review user-agent | review-user-2:-:-:lines=62:title=review user-agent | user-1:-:NeedsDecision:lines=115:title=vim-visual-select-panes | user-2:-:NeedsDecision:lines=131:title=strict-agent-slash-commands | user-3:-:-:lines=45:title=review-done-feature-confirmation
[14:15:51] elapsed=972s busy=true linearize:WaitingForReply:-:lines=73:title=linearize reviewed patches | review-user-1:-:-:lines=54:title=review user-agent | review-user-2:-:-:lines=62:title=review user-agent | user-1:-:NeedsDecision:lines=115:title=vim-visual-select-panes | user-2:-:NeedsDecision:lines=131:title=strict-agent-slash-commands | user-3:-:-:lines=45:title=review-done-feature-confirmation
[14:15:56] elapsed=977s busy=true linearize:WaitingForReply:-:lines=77:title=linearize reviewed patches | review-user-1:-:-:lines=54:title=review user-agent | review-user-2:-:-:lines=62:title=review user-agent | user-1:-:NeedsDecision:lines=115:title=vim-visual-select-panes | user-2:-:NeedsDecision:lines=131:title=strict-agent-slash-commands | user-3:-:-:lines=45:title=review-done-feature-confirmation
[14:16:01] elapsed=982s busy=true linearize:WaitingForReply:-:lines=80:title=linearize reviewed patches | review-user-1:-:-:lines=54:title=review user-agent | review-user-2:-:-:lines=62:title=review user-agent | user-1:-:NeedsDecision:lines=115:title=vim-visual-select-panes | user-2:-:NeedsDecision:lines=131:title=strict-agent-slash-commands | user-3:-:-:lines=45:title=review-done-feature-confirmation
[14:16:07] elapsed=988s busy=true linearize:WaitingForReply:-:lines=81:title=linearize reviewed patches | review-user-1:-:-:lines=54:title=review user-agent | review-user-2:-:-:lines=62:title=review user-agent | user-1:-:NeedsDecision:lines=115:title=vim-visual-select-panes | user-2:-:NeedsDecision:lines=131:title=strict-agent-slash-commands | user-3:-:-:lines=45:title=review-done-feature-confirmation
[14:16:12] elapsed=993s busy=true linearize:WaitingForReply:-:lines=83:title=linearize reviewed patches | review-user-1:-:-:lines=54:title=review user-agent | review-user-2:-:-:lines=62:title=review user-agent | user-1:-:NeedsDecision:lines=115:title=vim-visual-select-panes | user-2:-:NeedsDecision:lines=131:title=strict-agent-slash-commands | user-3:-:-:lines=45:title=review-done-feature-confirmation
[14:16:17] elapsed=998s busy=true linearize:WaitingForReply:-:lines=91:title=linearize reviewed patches | review-user-1:-:-:lines=54:title=review user-agent | review-user-2:-:-:lines=62:title=review user-agent | user-1:-:NeedsDecision:lines=115:title=vim-visual-select-panes | user-2:-:NeedsDecision:lines=131:title=strict-agent-slash-commands | user-3:-:-:lines=45:title=review-done-feature-confirmation
[14:16:22] elapsed=1003s busy=true linearize:WaitingForReply:-:lines=94:title=linearize reviewed patches | review-user-1:-:-:lines=54:title=review user-agent | review-user-2:-:-:lines=62:title=review user-agent | user-1:-:NeedsDecision:lines=115:title=vim-visual-select-panes | user-2:-:NeedsDecision:lines=131:title=strict-agent-slash-commands | user-3:-:-:lines=45:title=review-done-feature-confirmation
[14:16:32] elapsed=1013s busy=true linearize:WaitingForReply:-:lines=103:title=linearize reviewed patches | review-user-1:-:-:lines=54:title=review user-agent | review-user-2:-:-:lines=62:title=review user-agent | user-1:-:NeedsDecision:lines=115:title=vim-visual-select-panes | user-2:-:NeedsDecision:lines=131:title=strict-agent-slash-commands | user-3:-:-:lines=45:title=review-done-feature-confirmation
[14:16:37] elapsed=1018s busy=true linearize:WaitingForReply:-:lines=109:title=linearize reviewed patches | review-user-1:-:-:lines=54:title=review user-agent | review-user-2:-:-:lines=62:title=review user-agent | user-1:-:NeedsDecision:lines=115:title=vim-visual-select-panes | user-2:-:NeedsDecision:lines=131:title=strict-agent-slash-commands | user-3:-:-:lines=45:title=review-done-feature-confirmation
[14:16:42] elapsed=1023s busy=true linearize:WaitingForReply:-:lines=114:title=linearize reviewed patches | review-user-1:-:-:lines=54:title=review user-agent | review-user-2:-:-:lines=62:title=review user-agent | user-1:-:NeedsDecision:lines=115:title=vim-visual-select-panes | user-2:-:NeedsDecision:lines=131:title=strict-agent-slash-commands | user-3:-:-:lines=45:title=review-done-feature-confirmation
[14:17:02] elapsed=1043s busy=true linearize:WaitingForReply:-:lines=117:title=linearize reviewed patches | review-user-1:-:-:lines=54:title=review user-agent | review-user-2:-:-:lines=62:title=review user-agent | user-1:-:NeedsDecision:lines=115:title=vim-visual-select-panes | user-2:-:NeedsDecision:lines=131:title=strict-agent-slash-commands | user-3:-:-:lines=45:title=review-done-feature-confirmation
[14:17:07] elapsed=1048s busy=true linearize:WaitingForReply:-:lines=122:title=linearize reviewed patches | review-user-1:-:-:lines=54:title=review user-agent | review-user-2:-:-:lines=62:title=review user-agent | user-1:-:NeedsDecision:lines=115:title=vim-visual-select-panes | user-2:-:NeedsDecision:lines=131:title=strict-agent-slash-commands | user-3:-:-:lines=45:title=review-done-feature-confirmation
[14:17:12] elapsed=1053s busy=true linearize:WaitingForReply:-:lines=125:title=linearize reviewed patches | review-user-1:-:-:lines=54:title=review user-agent | review-user-2:-:-:lines=62:title=review user-agent | user-1:-:NeedsDecision:lines=115:title=vim-visual-select-panes | user-2:-:NeedsDecision:lines=131:title=strict-agent-slash-commands | user-3:-:-:lines=45:title=review-done-feature-confirmation
[14:17:17] elapsed=1058s busy=true linearize:WaitingForReply:-:lines=132:title=linearize reviewed patches | review-user-1:-:-:lines=54:title=review user-agent | review-user-2:-:-:lines=62:title=review user-agent | user-1:-:NeedsDecision:lines=115:title=vim-visual-select-panes | user-2:-:NeedsDecision:lines=131:title=strict-agent-slash-commands | user-3:-:-:lines=45:title=review-done-feature-confirmation
[14:17:22] elapsed=1063s busy=true linearize:WaitingForReply:-:lines=135:title=linearize reviewed patches | review-user-1:-:-:lines=54:title=review user-agent | review-user-2:-:-:lines=62:title=review user-agent | user-1:-:NeedsDecision:lines=115:title=vim-visual-select-panes | user-2:-:NeedsDecision:lines=131:title=strict-agent-slash-commands | user-3:-:-:lines=45:title=review-done-feature-confirmation
[14:17:33] elapsed=1073s busy=true linearize:WaitingForReply:-:lines=142:title=linearize reviewed patches | review-user-1:-:-:lines=54:title=review user-agent | review-user-2:-:-:lines=62:title=review user-agent | user-1:-:NeedsDecision:lines=115:title=vim-visual-select-panes | user-2:-:NeedsDecision:lines=131:title=strict-agent-slash-commands | user-3:-:-:lines=45:title=review-done-feature-confirmation
[14:17:38] elapsed=1079s busy=true linearize:WaitingForReply:-:lines=146:title=linearize reviewed patches | review-user-1:-:-:lines=54:title=review user-agent | review-user-2:-:-:lines=62:title=review user-agent | user-1:-:NeedsDecision:lines=115:title=vim-visual-select-panes | user-2:-:NeedsDecision:lines=131:title=strict-agent-slash-commands | user-3:-:-:lines=45:title=review-done-feature-confirmation
[14:17:43] elapsed=1084s busy=true linearize:WaitingForReply:-:lines=149:title=linearize reviewed patches | review-user-1:-:-:lines=54:title=review user-agent | review-user-2:-:-:lines=62:title=review user-agent | user-1:-:NeedsDecision:lines=115:title=vim-visual-select-panes | user-2:-:NeedsDecision:lines=131:title=strict-agent-slash-commands | user-3:-:-:lines=45:title=review-done-feature-confirmation
[14:17:53] elapsed=1094s busy=true linearize:WaitingForReply:-:lines=150:title=linearize reviewed patches | review-user-1:-:-:lines=54:title=review user-agent | review-user-2:-:-:lines=62:title=review user-agent | user-1:-:NeedsDecision:lines=115:title=vim-visual-select-panes | user-2:-:NeedsDecision:lines=131:title=strict-agent-slash-commands | user-3:-:-:lines=45:title=review-done-feature-confirmation
[14:18:03] elapsed=1104s busy=true linearize:WaitingForReply:-:lines=159:title=linearize reviewed patches | review-user-1:-:-:lines=54:title=review user-agent | review-user-2:-:-:lines=62:title=review user-agent | user-1:-:NeedsDecision:lines=115:title=vim-visual-select-panes | user-2:-:NeedsDecision:lines=131:title=strict-agent-slash-commands | user-3:-:-:lines=45:title=review-done-feature-confirmation
[14:18:08] elapsed=1109s busy=true linearize:WaitingForReply:-:lines=166:title=linearize reviewed patches | review-user-1:-:-:lines=54:title=review user-agent | review-user-2:-:-:lines=62:title=review user-agent | user-1:-:NeedsDecision:lines=115:title=vim-visual-select-panes | user-2:-:NeedsDecision:lines=131:title=strict-agent-slash-commands | user-3:-:-:lines=45:title=review-done-feature-confirmation
[14:18:13] elapsed=1114s busy=true linearize:WaitingForReply:-:lines=169:title=linearize reviewed patches | review-user-1:-:-:lines=54:title=review user-agent | review-user-2:-:-:lines=62:title=review user-agent | user-1:-:NeedsDecision:lines=115:title=vim-visual-select-panes | user-2:-:NeedsDecision:lines=131:title=strict-agent-slash-commands | user-3:-:-:lines=45:title=review-done-feature-confirmation
[14:18:18] elapsed=1119s busy=true linearize:WaitingForReply:-:lines=170:title=linearize reviewed patches | review-user-1:-:-:lines=54:title=review user-agent | review-user-2:-:-:lines=62:title=review user-agent | user-1:-:NeedsDecision:lines=115:title=vim-visual-select-panes | user-2:-:NeedsDecision:lines=131:title=strict-agent-slash-commands | user-3:-:-:lines=45:title=review-done-feature-confirmation
[14:18:24] elapsed=1124s busy=true linearize:WaitingForReply:-:lines=173:title=linearize reviewed patches | review-user-1:-:-:lines=54:title=review user-agent | review-user-2:-:-:lines=62:title=review user-agent | user-1:-:NeedsDecision:lines=115:title=vim-visual-select-panes | user-2:-:NeedsDecision:lines=131:title=strict-agent-slash-commands | user-3:-:-:lines=45:title=review-done-feature-confirmation
[14:18:44] elapsed=1145s busy=true linearize:WaitingForReply:-:lines=175:title=linearize reviewed patches | review-user-1:-:-:lines=54:title=review user-agent | review-user-2:-:-:lines=62:title=review user-agent | user-1:-:NeedsDecision:lines=115:title=vim-visual-select-panes | user-2:-:NeedsDecision:lines=131:title=strict-agent-slash-commands | user-3:-:-:lines=45:title=review-done-feature-confirmation
[14:18:49] elapsed=1150s busy=true linearize:WaitingForReply:-:lines=180:title=linearize reviewed patches | review-user-1:-:-:lines=54:title=review user-agent | review-user-2:-:-:lines=62:title=review user-agent | user-1:-:NeedsDecision:lines=115:title=vim-visual-select-panes | user-2:-:NeedsDecision:lines=131:title=strict-agent-slash-commands | user-3:-:-:lines=45:title=review-done-feature-confirmation
[14:18:54] elapsed=1155s busy=true linearize:WaitingForReply:-:lines=183:title=linearize reviewed patches | review-user-1:-:-:lines=54:title=review user-agent | review-user-2:-:-:lines=62:title=review user-agent | user-1:-:NeedsDecision:lines=115:title=vim-visual-select-panes | user-2:-:NeedsDecision:lines=131:title=strict-agent-slash-commands | user-3:-:-:lines=45:title=review-done-feature-confirmation
[14:18:59] elapsed=1160s busy=true linearize:WaitingForReply:-:lines=185:title=linearize reviewed patches | review-user-1:-:-:lines=54:title=review user-agent | review-user-2:-:-:lines=62:title=review user-agent | user-1:-:NeedsDecision:lines=115:title=vim-visual-select-panes | user-2:-:NeedsDecision:lines=131:title=strict-agent-slash-commands | user-3:-:-:lines=45:title=review-done-feature-confirmation
[14:19:04] elapsed=1165s busy=true linearize:WaitingForReply:-:lines=193:title=linearize reviewed patches | review-user-1:-:-:lines=54:title=review user-agent | review-user-2:-:-:lines=62:title=review user-agent | user-1:-:NeedsDecision:lines=115:title=vim-visual-select-panes | user-2:-:NeedsDecision:lines=131:title=strict-agent-slash-commands | user-3:-:-:lines=45:title=review-done-feature-confirmation
[14:19:14] elapsed=1175s busy=true linearize:WaitingForReply:-:lines=200:title=linearize reviewed patches | review-user-1:-:-:lines=54:title=review user-agent | review-user-2:-:-:lines=62:title=review user-agent | user-1:-:NeedsDecision:lines=115:title=vim-visual-select-panes | user-2:-:NeedsDecision:lines=131:title=strict-agent-slash-commands | user-3:-:-:lines=45:title=review-done-feature-confirmation
[14:19:19] elapsed=1180s busy=true linearize:WaitingForReply:-:lines=207:title=linearize reviewed patches | review-user-1:-:-:lines=54:title=review user-agent | review-user-2:-:-:lines=62:title=review user-agent | user-1:-:NeedsDecision:lines=115:title=vim-visual-select-panes | user-2:-:NeedsDecision:lines=131:title=strict-agent-slash-commands | user-3:-:-:lines=45:title=review-done-feature-confirmation
[14:19:34] elapsed=1195s busy=true linearize:WaitingForReply:-:lines=208:title=linearize reviewed patches | review-user-1:-:-:lines=54:title=review user-agent | review-user-2:-:-:lines=62:title=review user-agent | user-1:-:NeedsDecision:lines=115:title=vim-visual-select-panes | user-2:-:NeedsDecision:lines=131:title=strict-agent-slash-commands | user-3:-:-:lines=45:title=review-done-feature-confirmation
[14:19:40] elapsed=1201s busy=true linearize:WaitingForReply:-:lines=215:title=linearize reviewed patches | review-user-1:-:-:lines=54:title=review user-agent | review-user-2:-:-:lines=62:title=review user-agent | user-1:-:NeedsDecision:lines=115:title=vim-visual-select-panes | user-2:-:NeedsDecision:lines=131:title=strict-agent-slash-commands | user-3:-:-:lines=45:title=review-done-feature-confirmation
[14:19:45] elapsed=1206s busy=true linearize:WaitingForReply:-:lines=217:title=linearize reviewed patches | review-user-1:-:-:lines=54:title=review user-agent | review-user-2:-:-:lines=62:title=review user-agent | user-1:-:NeedsDecision:lines=115:title=vim-visual-select-panes | user-2:-:NeedsDecision:lines=131:title=strict-agent-slash-commands | user-3:-:-:lines=45:title=review-done-feature-confirmation
[14:20:15] elapsed=1236s busy=true linearize:WaitingForReply:-:lines=218:title=linearize reviewed patches | review-user-1:-:-:lines=54:title=review user-agent | review-user-2:-:-:lines=62:title=review user-agent | user-1:-:NeedsDecision:lines=115:title=vim-visual-select-panes | user-2:-:NeedsDecision:lines=131:title=strict-agent-slash-commands | user-3:-:-:lines=45:title=review-done-feature-confirmation
[14:20:20] elapsed=1241s busy=true linearize:WaitingForReply:-:lines=220:title=linearize reviewed patches | review-user-1:-:-:lines=54:title=review user-agent | review-user-2:-:-:lines=62:title=review user-agent | user-1:-:NeedsDecision:lines=115:title=vim-visual-select-panes | user-2:-:NeedsDecision:lines=131:title=strict-agent-slash-commands | user-3:-:-:lines=45:title=review-done-feature-confirmation
[14:20:30] elapsed=1251s busy=true linearize:WaitingForReply:-:lines=225:title=linearize reviewed patches | review-user-1:-:-:lines=54:title=review user-agent | review-user-2:-:-:lines=62:title=review user-agent | user-1:-:NeedsDecision:lines=115:title=vim-visual-select-panes | user-2:-:NeedsDecision:lines=131:title=strict-agent-slash-commands | user-3:-:-:lines=45:title=review-done-feature-confirmation
[14:20:50] elapsed=1271s busy=true linearize:WaitingForReply:-:lines=228:title=linearize reviewed patches | review-user-1:-:-:lines=54:title=review user-agent | review-user-2:-:-:lines=62:title=review user-agent | user-1:-:NeedsDecision:lines=115:title=vim-visual-select-panes | user-2:-:NeedsDecision:lines=131:title=strict-agent-slash-commands | user-3:-:-:lines=45:title=review-done-feature-confirmation
[14:20:55] elapsed=1276s busy=true linearize:WaitingForReply:-:lines=233:title=linearize reviewed patches | review-user-1:-:-:lines=54:title=review user-agent | review-user-2:-:-:lines=62:title=review user-agent | user-1:-:NeedsDecision:lines=115:title=vim-visual-select-panes | user-2:-:NeedsDecision:lines=131:title=strict-agent-slash-commands | user-3:-:-:lines=45:title=review-done-feature-confirmation
[14:21:00] elapsed=1281s busy=true linearize:WaitingForReply:-:lines=236:title=linearize reviewed patches | review-user-1:-:-:lines=54:title=review user-agent | review-user-2:-:-:lines=62:title=review user-agent | user-1:-:NeedsDecision:lines=115:title=vim-visual-select-panes | user-2:-:NeedsDecision:lines=131:title=strict-agent-slash-commands | user-3:-:-:lines=45:title=review-done-feature-confirmation
[14:21:11] elapsed=1292s busy=true linearize:WaitingForReply:-:lines=241:title=linearize reviewed patches | review-user-1:-:-:lines=54:title=review user-agent | review-user-2:-:-:lines=62:title=review user-agent | user-1:-:NeedsDecision:lines=115:title=vim-visual-select-panes | user-2:-:NeedsDecision:lines=131:title=strict-agent-slash-commands | user-3:-:-:lines=45:title=review-done-feature-confirmation
[14:21:16] elapsed=1297s busy=true linearize:WaitingForReply:-:lines=244:title=linearize reviewed patches | review-user-1:-:-:lines=54:title=review user-agent | review-user-2:-:-:lines=62:title=review user-agent | user-1:-:NeedsDecision:lines=115:title=vim-visual-select-panes | user-2:-:NeedsDecision:lines=131:title=strict-agent-slash-commands | user-3:-:-:lines=45:title=review-done-feature-confirmation
[14:21:26] elapsed=1307s busy=true linearize:WaitingForReply:-:lines=251:title=linearize reviewed patches | review-user-1:-:-:lines=54:title=review user-agent | review-user-2:-:-:lines=62:title=review user-agent | user-1:-:NeedsDecision:lines=115:title=vim-visual-select-panes | user-2:-:NeedsDecision:lines=131:title=strict-agent-slash-commands | user-3:-:-:lines=45:title=review-done-feature-confirmation
[14:21:41] elapsed=1322s busy=true linearize:WaitingForReply:-:lines=256:title=linearize reviewed patches | review-user-1:-:-:lines=54:title=review user-agent | review-user-2:-:-:lines=62:title=review user-agent | user-1:-:NeedsDecision:lines=115:title=vim-visual-select-panes | user-2:-:NeedsDecision:lines=131:title=strict-agent-slash-commands | user-3:-:-:lines=45:title=review-done-feature-confirmation
[14:21:51] elapsed=1332s busy=true linearize:WaitingForReply:-:lines=258:title=linearize reviewed patches | review-user-1:-:-:lines=54:title=review user-agent | review-user-2:-:-:lines=62:title=review user-agent | user-1:-:NeedsDecision:lines=115:title=vim-visual-select-panes | user-2:-:NeedsDecision:lines=131:title=strict-agent-slash-commands | user-3:-:-:lines=45:title=review-done-feature-confirmation
[14:22:06] elapsed=1347s busy=true linearize:WaitingForReply:-:lines=259:title=linearize reviewed patches | review-user-1:-:-:lines=54:title=review user-agent | review-user-2:-:-:lines=62:title=review user-agent | user-1:-:NeedsDecision:lines=115:title=vim-visual-select-panes | user-2:-:NeedsDecision:lines=131:title=strict-agent-slash-commands | user-3:-:-:lines=45:title=review-done-feature-confirmation
[14:22:21] elapsed=1362s busy=true linearize:WaitingForReply:-:lines=268:title=linearize reviewed patches | review-user-1:-:-:lines=54:title=review user-agent | review-user-2:-:-:lines=62:title=review user-agent | user-1:-:NeedsDecision:lines=115:title=vim-visual-select-panes | user-2:-:NeedsDecision:lines=131:title=strict-agent-slash-commands | user-3:-:-:lines=45:title=review-done-feature-confirmation
[14:22:32] elapsed=1373s busy=true linearize:WaitingForReply:-:lines=271:title=linearize reviewed patches | review-user-1:-:-:lines=54:title=review user-agent | review-user-2:-:-:lines=62:title=review user-agent | user-1:-:NeedsDecision:lines=115:title=vim-visual-select-panes | user-2:-:NeedsDecision:lines=131:title=strict-agent-slash-commands | user-3:-:-:lines=45:title=review-done-feature-confirmation
[14:22:37] elapsed=1378s busy=true linearize:WaitingForReply:-:lines=276:title=linearize reviewed patches | review-user-1:-:-:lines=54:title=review user-agent | review-user-2:-:-:lines=62:title=review user-agent | user-1:-:NeedsDecision:lines=115:title=vim-visual-select-panes | user-2:-:NeedsDecision:lines=131:title=strict-agent-slash-commands | user-3:-:-:lines=45:title=review-done-feature-confirmation
[14:22:47] elapsed=1388s busy=true linearize:WaitingForReply:-:lines=277:title=linearize reviewed patches | review-user-1:-:-:lines=54:title=review user-agent | review-user-2:-:-:lines=62:title=review user-agent | user-1:-:NeedsDecision:lines=115:title=vim-visual-select-panes | user-2:-:NeedsDecision:lines=131:title=strict-agent-slash-commands | user-3:-:-:lines=45:title=review-done-feature-confirmation
[14:23:07] elapsed=1408s busy=true linearize:WaitingForReply:-:lines=279:title=linearize reviewed patches | review-user-1:-:-:lines=54:title=review user-agent | review-user-2:-:-:lines=62:title=review user-agent | user-1:-:NeedsDecision:lines=115:title=vim-visual-select-panes | user-2:-:NeedsDecision:lines=131:title=strict-agent-slash-commands | user-3:-:-:lines=45:title=review-done-feature-confirmation
[14:23:12] elapsed=1413s busy=true linearize:WaitingForReply:-:lines=285:title=linearize reviewed patches | review-user-1:-:-:lines=54:title=review user-agent | review-user-2:-:-:lines=62:title=review user-agent | user-1:-:NeedsDecision:lines=115:title=vim-visual-select-panes | user-2:-:NeedsDecision:lines=131:title=strict-agent-slash-commands | user-3:-:-:lines=45:title=review-done-feature-confirmation
[14:23:17] elapsed=1418s busy=true linearize:WaitingForReply:-:lines=288:title=linearize reviewed patches | review-user-1:-:-:lines=54:title=review user-agent | review-user-2:-:-:lines=62:title=review user-agent | user-1:-:NeedsDecision:lines=115:title=vim-visual-select-panes | user-2:-:NeedsDecision:lines=131:title=strict-agent-slash-commands | user-3:-:-:lines=45:title=review-done-feature-confirmation
[14:23:22] elapsed=1423s busy=true linearize:WaitingForReply:-:lines=293:title=linearize reviewed patches | review-user-1:-:-:lines=54:title=review user-agent | review-user-2:-:-:lines=62:title=review user-agent | user-1:-:NeedsDecision:lines=115:title=vim-visual-select-panes | user-2:-:NeedsDecision:lines=131:title=strict-agent-slash-commands | user-3:-:-:lines=45:title=review-done-feature-confirmation
[14:23:27] elapsed=1428s busy=true linearize:WaitingForReply:-:lines=296:title=linearize reviewed patches | review-user-1:-:-:lines=54:title=review user-agent | review-user-2:-:-:lines=62:title=review user-agent | user-1:-:NeedsDecision:lines=115:title=vim-visual-select-panes | user-2:-:NeedsDecision:lines=131:title=strict-agent-slash-commands | user-3:-:-:lines=45:title=review-done-feature-confirmation
[14:23:32] elapsed=1433s busy=true linearize:WaitingForReply:-:lines=303:title=linearize reviewed patches | review-user-1:-:-:lines=54:title=review user-agent | review-user-2:-:-:lines=62:title=review user-agent | user-1:-:NeedsDecision:lines=115:title=vim-visual-select-panes | user-2:-:NeedsDecision:lines=131:title=strict-agent-slash-commands | user-3:-:-:lines=45:title=review-done-feature-confirmation
[14:23:37] elapsed=1438s busy=true linearize:WaitingForReply:-:lines=308:title=linearize reviewed patches | review-user-1:-:-:lines=54:title=review user-agent | review-user-2:-:-:lines=62:title=review user-agent | user-1:-:NeedsDecision:lines=115:title=vim-visual-select-panes | user-2:-:NeedsDecision:lines=131:title=strict-agent-slash-commands | user-3:-:-:lines=45:title=review-done-feature-confirmation
[14:23:42] elapsed=1443s busy=true linearize:WaitingForReply:-:lines=310:title=linearize reviewed patches | review-user-1:-:-:lines=54:title=review user-agent | review-user-2:-:-:lines=62:title=review user-agent | user-1:-:NeedsDecision:lines=115:title=vim-visual-select-panes | user-2:-:NeedsDecision:lines=131:title=strict-agent-slash-commands | user-3:-:-:lines=45:title=review-done-feature-confirmation
[14:23:58] elapsed=1459s busy=true linearize:WaitingForReply:-:lines=311:title=linearize reviewed patches | review-user-1:-:-:lines=54:title=review user-agent | review-user-2:-:-:lines=62:title=review user-agent | user-1:-:NeedsDecision:lines=115:title=vim-visual-select-panes | user-2:-:NeedsDecision:lines=131:title=strict-agent-slash-commands | user-3:-:-:lines=45:title=review-done-feature-confirmation
[14:24:18] elapsed=1479s busy=true linearize:WaitingForReply:-:lines=313:title=linearize reviewed patches | review-user-1:-:-:lines=54:title=review user-agent | review-user-2:-:-:lines=62:title=review user-agent | user-1:-:NeedsDecision:lines=115:title=vim-visual-select-panes | user-2:-:NeedsDecision:lines=131:title=strict-agent-slash-commands | user-3:-:-:lines=45:title=review-done-feature-confirmation
[14:24:23] elapsed=1484s busy=true linearize:WaitingForReply:-:lines=314:title=linearize reviewed patches | review-user-1:-:-:lines=54:title=review user-agent | review-user-2:-:-:lines=62:title=review user-agent | user-1:-:NeedsDecision:lines=115:title=vim-visual-select-panes | user-2:-:NeedsDecision:lines=131:title=strict-agent-slash-commands | user-3:-:-:lines=45:title=review-done-feature-confirmation
[14:24:28] elapsed=1489s busy=true linearize:WaitingForReply:-:lines=315:title=linearize reviewed patches | review-user-1:-:-:lines=54:title=review user-agent | review-user-2:-:-:lines=62:title=review user-agent | user-1:-:NeedsDecision:lines=115:title=vim-visual-select-panes | user-2:-:NeedsDecision:lines=131:title=strict-agent-slash-commands | user-3:-:-:lines=45:title=review-done-feature-confirmation
[14:24:33] elapsed=1494s busy=true linearize:WaitingForReply:-:lines=317:title=linearize reviewed patches | review-user-1:-:-:lines=54:title=review user-agent | review-user-2:-:-:lines=62:title=review user-agent | user-1:-:NeedsDecision:lines=115:title=vim-visual-select-panes | user-2:-:NeedsDecision:lines=131:title=strict-agent-slash-commands | user-3:-:-:lines=45:title=review-done-feature-confirmation
[14:24:43] elapsed=1504s busy=true linearize:WaitingForReply:-:lines=326:title=linearize reviewed patches | review-user-1:-:-:lines=54:title=review user-agent | review-user-2:-:-:lines=62:title=review user-agent | user-1:-:NeedsDecision:lines=115:title=vim-visual-select-panes | user-2:-:NeedsDecision:lines=131:title=strict-agent-slash-commands | user-3:-:-:lines=45:title=review-done-feature-confirmation
[14:25:04] elapsed=1525s busy=false linearize:-:-:lines=327:title=linearize reviewed patches | review-user-1:-:-:lines=54:title=review user-agent | review-user-2:-:-:lines=62:title=review user-agent | user-1:-:NeedsDecision:lines=115:title=vim-visual-select-panes | user-2:-:NeedsDecision:lines=131:title=strict-agent-slash-commands | user-3:-:-:lines=45:title=review-done-feature-confirmation
[14:25:04] running final code quality checks
[14:25:18] bench report: /home/user/src/work-leaf/bench-results/parallel-baseline-6-20260623T135939+0200/runs/run-5/20260623T135939+0200-baseline6-r5-three-feature-bench.md
