test_auth_strip_homes_preserved_and_no_wl_factor (__main__.CompletionTests.test_auth_strip_homes_preserved_and_no_wl_factor) ... ok
test_common_copy_hash_cannot_be_rebased_away_from_source (__main__.CompletionTests.test_common_copy_hash_cannot_be_rebased_away_from_source) ... ok
test_common_source_original_and_private_copy_all_frozen (__main__.CompletionTests.test_common_source_original_and_private_copy_all_frozen) ... ok
test_disarmed_rejected_before_marker_or_call (__main__.CompletionTests.test_disarmed_rejected_before_marker_or_call) ... ok
test_engine_supervisor_unchanged_except_single_admission_count (__main__.CompletionTests.test_engine_supervisor_unchanged_except_single_admission_count) ... ok
test_every_adapter_change_has_exact_inverse (__main__.CompletionTests.test_every_adapter_change_has_exact_inverse) ... ok
test_every_engine_override_has_exact_inverse (__main__.CompletionTests.test_every_engine_override_has_exact_inverse) ... ok
test_existing_output_or_attempt_rejected (__main__.CompletionTests.test_existing_output_or_attempt_rejected) ... ok
test_live_engine_is_in_postrun_source_population (__main__.CompletionTests.test_live_engine_is_in_postrun_source_population) ... ok
test_loaded_engine_drift_and_dirty_source_are_rejected (__main__.CompletionTests.test_loaded_engine_drift_and_dirty_source_are_rejected) ... ok
test_missing_or_symlinked_private_common_rejected (__main__.CompletionTests.test_missing_or_symlinked_private_common_rejected) ... ok
test_no_other_schedule_or_phase_or_wall_is_admitted (__main__.CompletionTests.test_no_other_schedule_or_phase_or_wall_is_admitted) ... ok
test_one_launch_one_admission_and_no_retry_after_failure (__main__.CompletionTests.test_one_launch_one_admission_and_no_retry_after_failure) ... ok
test_postrun_manifest_change_is_retained (__main__.CompletionTests.test_postrun_manifest_change_is_retained) ... ok
test_private_common_cannot_copy_global_configuration (__main__.CompletionTests.test_private_common_cannot_copy_global_configuration) ... ok
test_private_common_drift_or_missing_identity_rejected (__main__.CompletionTests.test_private_common_drift_or_missing_identity_rejected) ... ok
test_real_nonprovider_child_wall_stop_reaps_after_unchanged_grace (__main__.CompletionTests.test_real_nonprovider_child_wall_stop_reaps_after_unchanged_grace) ... ok
test_single_disarmed_full_workflow_with_exact_budgets (__main__.CompletionTests.test_single_disarmed_full_workflow_with_exact_budgets) ... ok
test_source_config_and_adapter_drift_rejected_before_launch (__main__.CompletionTests.test_source_config_and_adapter_drift_rejected_before_launch) ... ok
test_fresh_global_identity_and_single_schedule (__main__.GlobalIdentityTests.test_fresh_global_identity_and_single_schedule) ... ok
test_identity_only_inverse_restores_entire_original_runner (__main__.GlobalIdentityTests.test_identity_only_inverse_restores_entire_original_runner) ... ok
test_previous_pilot_schedule_cannot_be_reused (__main__.GlobalIdentityTests.test_previous_pilot_schedule_cannot_be_reused) ... ok

----------------------------------------------------------------------
Ran 22 tests in 0.405s

OK
