test_fresh_global_identity_and_single_schedule (__main__.GlobalIdentityTests.test_fresh_global_identity_and_single_schedule) ... FAIL
test_identity_only_inverse_restores_entire_original_runner (__main__.GlobalIdentityTests.test_identity_only_inverse_restores_entire_original_runner) ... FAIL
test_previous_pilot_schedule_cannot_be_reused (__main__.GlobalIdentityTests.test_previous_pilot_schedule_cannot_be_reused) ... FAIL

======================================================================
FAIL: test_fresh_global_identity_and_single_schedule (__main__.GlobalIdentityTests.test_fresh_global_identity_and_single_schedule)
----------------------------------------------------------------------
Traceback (most recent call last):
  File "/home/user/src/work-leaf/bench-results/efficiency-mechanism-isolation-20260906T214448Z/preflight/standalone-global-hunk-pilot-20260913/test_runner_global_hunk.py", line 336, in test_fresh_global_identity_and_single_schedule
    self.assertEqual(m.IDS, ['standalone-global-hunk-pilot-001'])
    ~~~~~~~~~~~~~~~~^^^^^^^^^^^^^^^^^^^^^^^^^^^^^^^^^^^^^^^^^^^^^
AssertionError: Lists differ: ['standalone-completion-pilot-001'] != ['standalone-global-hunk-pilot-001']

First differing element 0:
'standalone-completion-pilot-001'
'standalone-global-hunk-pilot-001'

- ['standalone-completion-pilot-001']
?              ^ ^^ ^^^^

+ ['standalone-global-hunk-pilot-001']
?              ^^ ^^ ^^^ +


======================================================================
FAIL: test_identity_only_inverse_restores_entire_original_runner (__main__.GlobalIdentityTests.test_identity_only_inverse_restores_entire_original_runner)
----------------------------------------------------------------------
Traceback (most recent call last):
  File "/home/user/src/work-leaf/bench-results/efficiency-mechanism-isolation-20260906T214448Z/preflight/standalone-global-hunk-pilot-20260913/test_runner_global_hunk.py", line 362, in test_identity_only_inverse_restores_entire_original_runner
    self.assertEqual(restored.count(after), 1)
    ~~~~~~~~~~~~~~~~^^^^^^^^^^^^^^^^^^^^^^^^^^
AssertionError: 0 != 1

======================================================================
FAIL: test_previous_pilot_schedule_cannot_be_reused (__main__.GlobalIdentityTests.test_previous_pilot_schedule_cannot_be_reused)
----------------------------------------------------------------------
Traceback (most recent call last):
  File "/home/user/src/work-leaf/bench-results/efficiency-mechanism-isolation-20260906T214448Z/preflight/standalone-global-hunk-pilot-20260913/test_runner_global_hunk.py", line 351, in test_previous_pilot_schedule_cannot_be_reused
    with self.assertRaises(ValueError):
         ~~~~~~~~~~~~~~~~~^^^^^^^^^^^^
AssertionError: ValueError not raised

----------------------------------------------------------------------
Ran 3 tests in 0.002s

FAILED (failures=3)
