[09:28:06] WORK_LEAF_BENCH_TEMP=/tmp/work-leaf-3feature-bench.rpvk1X
[09:28:06] WORK_LEAF_BENCH_SOURCE_HEAD=7014e00d15ecb242e3848478da86f5b8dcbbf114
Cloning into '/tmp/work-leaf-3feature-bench.rpvk1X/repo'...
done.
HEAD is now at 7014e00 v0.1.1
[09:28:07] WORK_LEAF_BENCH_BASE=69f1bd7d02bf4f406db9a86d1e5fdec28ee5c5c3
[09:28:07] daemon URL: http://127.0.0.1:42575
[09:28:07] web UI URL: http://127.0.0.1:36253
[09:28:07] started 3 patch agents
[09:28:07] elapsed=1s busy=true user-1:Launching:-:lines=0:title=add-vim-visual-mode-both-panes | user-2:Launching:-:lines=0:title=implement-strict-selected-agent-slash | user-3:Launching:-:lines=0:title=when-review-process-done-patch-agent
[09:28:12] elapsed=6s busy=true user-1:WaitingForReply:-:lines=2:title=add-vim-visual-mode-both-panes | user-2:Launching:-:lines=0:title=implement-strict-selected-agent-slash | user-3:Launching:-:lines=0:title=when-review-process-done-patch-agent
[09:28:17] elapsed=11s busy=true user-1:WaitingForReply:-:lines=2:title=add-vim-visual-mode-both-panes | user-2:WaitingForReply:-:lines=2:title=implement-strict-selected-agent-slash | user-3:Launching:-:lines=0:title=when-review-process-done-patch-agent
[09:28:22] elapsed=16s busy=true user-1:WaitingForReply:-:lines=2:title=add-vim-visual-mode-both-panes | user-2:WaitingForReply:-:lines=2:title=implement-strict-selected-agent-slash | user-3:WaitingForReply:-:lines=2:title=when-review-process-done-patch-agent
[09:28:27] elapsed=21s busy=true user-1:WaitingForReply:-:lines=2:title=add-vim-visual-mode-both-panes | user-2:WaitingForReply:-:lines=4:title=implement-strict-selected-agent-slash | user-3:WaitingForReply:-:lines=4:title=when-review-process-done-patch-agent
[09:28:32] elapsed=26s busy=true user-1:WaitingForReply:-:lines=4:title=add-vim-visual-mode-both-panes | user-2:WaitingForReply:-:lines=4:title=implement-strict-selected-agent-slash | user-3:WaitingForReply:-:lines=4:title=when-review-process-done-patch-agent
[09:28:37] elapsed=31s busy=true user-1:WaitingForReply:-:lines=4:title=add-vim-visual-mode-both-panes | user-2:WaitingForReply:-:lines=5:title=implement-strict-selected-agent-slash | user-3:WaitingForReply:-:lines=5:title=when-review-process-done-patch-agent
[09:28:42] elapsed=36s busy=true user-1:WaitingForReply:-:lines=4:title=add-vim-visual-mode-both-panes | user-2:WaitingForReply:-:lines=7:title=implement-strict-selected-agent-slash | user-3:WaitingForReply:-:lines=7:title=when-review-process-done-patch-agent
[09:28:47] elapsed=41s busy=true user-1:WaitingForReply:-:lines=4:title=add-vim-visual-mode-both-panes | user-2:WaitingForReply:-:lines=7:title=implement-strict-selected-agent-slash | user-3:WaitingForReply:-:lines=10:title=when-review-process-done-patch-agent
[09:28:52] elapsed=46s busy=true user-1:WaitingForReply:-:lines=5:title=add-vim-visual-mode-both-panes | user-2:WaitingForReply:-:lines=7:title=implement-strict-selected-agent-slash | user-3:WaitingForReply:-:lines=13:title=when-review-process-done-patch-agent
[09:28:57] elapsed=51s busy=true user-1:WaitingForReply:-:lines=7:title=add-vim-visual-mode-both-panes | user-2:WaitingForReply:-:lines=9:title=implement-strict-selected-agent-slash | user-3:WaitingForReply:-:lines=15:title=when-review-process-done-patch-agent
[09:29:02] elapsed=56s busy=true user-1:WaitingForReply:-:lines=9:title=add-vim-visual-mode-both-panes | user-2:WaitingForReply:-:lines=10:title=implement-strict-selected-agent-slash | user-3:WaitingForReply:-:lines=18:title=when-review-process-done-patch-agent
[09:29:08] elapsed=61s busy=true user-1:WaitingForReply:-:lines=9:title=add-vim-visual-mode-both-panes | user-2:WaitingForReply:-:lines=13:title=implement-strict-selected-agent-slash | user-3:WaitingForReply:-:lines=20:title=when-review-process-done-patch-agent
[09:29:13] elapsed=67s busy=true user-1:WaitingForReply:-:lines=12:title=add-vim-visual-mode-both-panes | user-2:WaitingForReply:-:lines=15:title=implement-strict-selected-agent-slash | user-3:WaitingForReply:-:lines=23:title=when-review-process-done-patch-agent
[09:29:18] elapsed=72s busy=true user-1:WaitingForReply:-:lines=14:title=add-vim-visual-mode-both-panes | user-2:WaitingForReply:-:lines=15:title=implement-strict-selected-agent-slash | user-3:WaitingForReply:-:lines=26:title=when-review-process-done-patch-agent
[09:29:23] elapsed=77s busy=true user-1:WaitingForReply:-:lines=16:title=add-vim-visual-mode-both-panes | user-2:WaitingForReply:-:lines=17:title=implement-strict-selected-agent-slash | user-3:WaitingForReply:-:lines=26:title=when-review-process-done-patch-agent
[09:29:28] elapsed=82s busy=true user-1:WaitingForReply:-:lines=16:title=add-vim-visual-mode-both-panes | user-2:WaitingForReply:-:lines=20:title=implement-strict-selected-agent-slash | user-3:WaitingForReply:-:lines=30:title=when-review-process-done-patch-agent
[09:29:38] elapsed=92s busy=true user-1:WaitingForReply:-:lines=16:title=add-vim-visual-mode-both-panes | user-2:WaitingForReply:-:lines=22:title=implement-strict-selected-agent-slash | user-3:WaitingForReply:-:lines=32:title=when-review-process-done-patch-agent
[09:29:43] elapsed=97s busy=true user-1:WaitingForReply:-:lines=19:title=add-vim-visual-mode-both-panes | user-2:WaitingForReply:-:lines=22:title=implement-strict-selected-agent-slash | user-3:WaitingForReply:-:lines=32:title=when-review-process-done-patch-agent
[09:29:48] elapsed=102s busy=true user-1:WaitingForReply:-:lines=20:title=add-vim-visual-mode-both-panes | user-2:WaitingForReply:-:lines=22:title=implement-strict-selected-agent-slash | user-3:WaitingForReply:-:lines=35:title=when-review-process-done-patch-agent
[09:29:53] elapsed=107s busy=true user-1:WaitingForReply:-:lines=22:title=add-vim-visual-mode-both-panes | user-2:WaitingForReply:-:lines=22:title=implement-strict-selected-agent-slash | user-3:WaitingForReply:-:lines=38:title=when-review-process-done-patch-agent
[09:29:58] elapsed=112s busy=true user-1:WaitingForReply:-:lines=25:title=add-vim-visual-mode-both-panes | user-2:WaitingForReply:-:lines=22:title=implement-strict-selected-agent-slash | user-3:WaitingForReply:-:lines=39:title=when-review-process-done-patch-agent
[09:30:03] elapsed=117s busy=true user-1:WaitingForReply:-:lines=25:title=add-vim-visual-mode-both-panes | user-2:WaitingForReply:-:lines=22:title=implement-strict-selected-agent-slash | user-3:WaitingForReply:-:lines=41:title=when-review-process-done-patch-agent
[09:30:08] elapsed=122s busy=true user-1:WaitingForReply:-:lines=25:title=add-vim-visual-mode-both-panes | user-2:WaitingForReply:-:lines=25:title=implement-strict-selected-agent-slash | user-3:WaitingForReply:-:lines=41:title=when-review-process-done-patch-agent
[09:30:13] elapsed=127s busy=true user-1:WaitingForReply:-:lines=25:title=add-vim-visual-mode-both-panes | user-2:WaitingForReply:-:lines=26:title=implement-strict-selected-agent-slash | user-3:WaitingForReply:-:lines=41:title=when-review-process-done-patch-agent
[09:30:23] elapsed=137s busy=true user-1:WaitingForReply:-:lines=25:title=add-vim-visual-mode-both-panes | user-2:WaitingForReply:-:lines=28:title=implement-strict-selected-agent-slash | user-3:WaitingForReply:-:lines=41:title=when-review-process-done-patch-agent
[09:30:28] elapsed=142s busy=true user-1:WaitingForReply:-:lines=25:title=add-vim-visual-mode-both-panes | user-2:WaitingForReply:-:lines=29:title=implement-strict-selected-agent-slash | user-3:WaitingForReply:-:lines=41:title=when-review-process-done-patch-agent
[09:30:33] elapsed=147s busy=true user-1:WaitingForReply:-:lines=25:title=add-vim-visual-mode-both-panes | user-2:WaitingForReply:-:lines=31:title=implement-strict-selected-agent-slash | user-3:WaitingForReply:-:lines=44:title=when-review-process-done-patch-agent
[09:30:43] elapsed=157s busy=true user-1:WaitingForReply:-:lines=25:title=add-vim-visual-mode-both-panes | user-2:WaitingForReply:-:lines=34:title=implement-strict-selected-agent-slash | user-3:WaitingForReply:-:lines=44:title=when-review-process-done-patch-agent
[09:30:48] elapsed=162s busy=true user-1:WaitingForReply:-:lines=25:title=add-vim-visual-mode-both-panes | user-2:WaitingForReply:-:lines=37:title=implement-strict-selected-agent-slash | user-3:WaitingForReply:-:lines=44:title=when-review-process-done-patch-agent
[09:30:53] elapsed=167s busy=true user-1:WaitingForReply:-:lines=25:title=add-vim-visual-mode-both-panes | user-2:WaitingForReply:-:lines=39:title=implement-strict-selected-agent-slash | user-3:WaitingForReply:-:lines=44:title=when-review-process-done-patch-agent
[09:30:59] elapsed=172s busy=true user-1:WaitingForReply:-:lines=25:title=add-vim-visual-mode-both-panes | user-2:WaitingForReply:-:lines=41:title=implement-strict-selected-agent-slash | user-3:WaitingForReply:-:lines=47:title=when-review-process-done-patch-agent
[09:31:14] elapsed=188s busy=true user-1:WaitingForReply:-:lines=25:title=add-vim-visual-mode-both-panes | user-2:WaitingForReply:-:lines=43:title=implement-strict-selected-agent-slash | user-3:WaitingForReply:-:lines=47:title=when-review-process-done-patch-agent
[09:31:19] elapsed=193s busy=true user-1:WaitingForReply:-:lines=25:title=add-vim-visual-mode-both-panes | user-2:WaitingForReply:-:lines=44:title=implement-strict-selected-agent-slash | user-3:WaitingForReply:-:lines=47:title=when-review-process-done-patch-agent
[09:31:24] elapsed=198s busy=true user-1:WaitingForReply:-:lines=25:title=add-vim-visual-mode-both-panes | user-2:WaitingForReply:-:lines=46:title=implement-strict-selected-agent-slash | user-3:WaitingForReply:-:lines=47:title=when-review-process-done-patch-agent
[09:31:29] elapsed=203s busy=true user-1:WaitingForReply:-:lines=25:title=add-vim-visual-mode-both-panes | user-2:WaitingForReply:-:lines=48:title=implement-strict-selected-agent-slash | user-3:WaitingForReply:-:lines=47:title=when-review-process-done-patch-agent
[09:31:34] elapsed=208s busy=true user-1:WaitingForReply:-:lines=25:title=add-vim-visual-mode-both-panes | user-2:WaitingForReply:-:lines=51:title=implement-strict-selected-agent-slash | user-3:WaitingForReply:-:lines=47:title=when-review-process-done-patch-agent
[09:31:39] elapsed=213s busy=true user-1:WaitingForReply:-:lines=25:title=add-vim-visual-mode-both-panes | user-2:WaitingForReply:-:lines=51:title=implement-strict-selected-agent-slash | user-3:WaitingForReply:-:lines=49:title=when-review-process-done-patch-agent
[09:31:44] elapsed=218s busy=true user-1:WaitingForReply:-:lines=27:title=add-vim-visual-mode-both-panes | user-2:WaitingForReply:-:lines=51:title=implement-strict-selected-agent-slash | user-3:WaitingForReply:-:lines=50:title=when-review-process-done-patch-agent
[09:31:49] elapsed=223s busy=true user-1:WaitingForReply:-:lines=30:title=add-vim-visual-mode-both-panes | user-2:WaitingForReply:-:lines=51:title=implement-strict-selected-agent-slash | user-3:WaitingForReply:-:lines=52:title=when-review-process-done-patch-agent
[09:31:54] elapsed=228s busy=true user-1:WaitingForReply:-:lines=30:title=add-vim-visual-mode-both-panes | user-2:WaitingForReply:-:lines=51:title=implement-strict-selected-agent-slash | user-3:WaitingForReply:-:lines=54:title=when-review-process-done-patch-agent
[09:31:59] elapsed=233s busy=true user-1:WaitingForReply:-:lines=32:title=add-vim-visual-mode-both-panes | user-2:WaitingForReply:-:lines=51:title=implement-strict-selected-agent-slash | user-3:WaitingForReply:-:lines=57:title=when-review-process-done-patch-agent
[09:32:09] elapsed=243s busy=true user-1:WaitingForReply:-:lines=33:title=add-vim-visual-mode-both-panes | user-2:WaitingForReply:-:lines=51:title=implement-strict-selected-agent-slash | user-3:WaitingForReply:-:lines=57:title=when-review-process-done-patch-agent
[09:32:24] elapsed=258s busy=true user-1:WaitingForReply:-:lines=35:title=add-vim-visual-mode-both-panes | user-2:WaitingForReply:-:lines=51:title=implement-strict-selected-agent-slash | user-3:WaitingForReply:-:lines=57:title=when-review-process-done-patch-agent
[09:32:39] elapsed=273s busy=true user-1:WaitingForReply:-:lines=38:title=add-vim-visual-mode-both-panes | user-2:WaitingForReply:-:lines=51:title=implement-strict-selected-agent-slash | user-3:WaitingForReply:-:lines=57:title=when-review-process-done-patch-agent
[09:32:45] elapsed=279s busy=true user-1:WaitingForReply:-:lines=40:title=add-vim-visual-mode-both-panes | user-2:WaitingForReply:-:lines=51:title=implement-strict-selected-agent-slash | user-3:WaitingForReply:-:lines=57:title=when-review-process-done-patch-agent
[09:32:50] elapsed=284s busy=true user-1:WaitingForReply:-:lines=42:title=add-vim-visual-mode-both-panes | user-2:WaitingForReply:-:lines=51:title=implement-strict-selected-agent-slash | user-3:WaitingForReply:-:lines=59:title=when-review-process-done-patch-agent
[09:33:00] elapsed=294s busy=true user-1:WaitingForReply:-:lines=42:title=add-vim-visual-mode-both-panes | user-2:WaitingForReply:-:lines=51:title=implement-strict-selected-agent-slash | user-3:WaitingForReply:-:lines=62:title=when-review-process-done-patch-agent
[09:33:05] elapsed=299s busy=true user-1:WaitingForReply:-:lines=42:title=add-vim-visual-mode-both-panes | user-2:WaitingForReply:-:lines=51:title=implement-strict-selected-agent-slash | user-3:WaitingForReply:-:lines=64:title=when-review-process-done-patch-agent
[09:33:20] elapsed=314s busy=true user-1:WaitingForReply:-:lines=42:title=add-vim-visual-mode-both-panes | user-2:WaitingForReply:-:lines=51:title=implement-strict-selected-agent-slash | user-3:WaitingForReply:-:lines=67:title=when-review-process-done-patch-agent
[09:33:25] elapsed=319s busy=true user-1:WaitingForReply:-:lines=42:title=add-vim-visual-mode-both-panes | user-2:WaitingForReply:-:lines=51:title=implement-strict-selected-agent-slash | user-3:WaitingForReply:-:lines=70:title=when-review-process-done-patch-agent
[09:33:30] elapsed=324s busy=true user-1:WaitingForReply:-:lines=42:title=add-vim-visual-mode-both-panes | user-2:WaitingForReply:-:lines=51:title=implement-strict-selected-agent-slash | user-3:WaitingForReply:-:lines=71:title=when-review-process-done-patch-agent
[09:33:35] elapsed=329s busy=true user-1:WaitingForReply:-:lines=44:title=add-vim-visual-mode-both-panes | user-2:WaitingForReply:-:lines=51:title=implement-strict-selected-agent-slash | user-3:WaitingForReply:-:lines=75:title=when-review-process-done-patch-agent
[09:33:40] elapsed=334s busy=true user-1:WaitingForReply:-:lines=49:title=add-vim-visual-mode-both-panes | user-2:WaitingForReply:-:lines=51:title=implement-strict-selected-agent-slash | user-3:WaitingForReply:-:lines=75:title=when-review-process-done-patch-agent
[09:33:45] elapsed=339s busy=true user-1:WaitingForReply:-:lines=51:title=add-vim-visual-mode-both-panes | user-2:WaitingForReply:-:lines=51:title=implement-strict-selected-agent-slash | user-3:WaitingForReply:-:lines=78:title=when-review-process-done-patch-agent
[09:33:50] elapsed=344s busy=true user-1:WaitingForReply:-:lines=51:title=add-vim-visual-mode-both-panes | user-2:WaitingForReply:-:lines=51:title=implement-strict-selected-agent-slash | user-3:WaitingForReply:-:lines=81:title=when-review-process-done-patch-agent
[09:33:55] elapsed=349s busy=true user-1:WaitingForReply:-:lines=51:title=add-vim-visual-mode-both-panes | user-2:WaitingForReply:-:lines=53:title=implement-strict-selected-agent-slash | user-3:WaitingForReply:-:lines=84:title=when-review-process-done-patch-agent
[09:34:00] elapsed=354s busy=true user-1:WaitingForReply:-:lines=52:title=add-vim-visual-mode-both-panes | user-2:WaitingForReply:-:lines=53:title=implement-strict-selected-agent-slash | user-3:WaitingForReply:-:lines=86:title=when-review-process-done-patch-agent
[09:34:05] elapsed=359s busy=true user-1:WaitingForReply:-:lines=55:title=add-vim-visual-mode-both-panes | user-2:WaitingForReply:-:lines=53:title=implement-strict-selected-agent-slash | user-3:WaitingForReply:-:lines=91:title=when-review-process-done-patch-agent
[09:34:10] elapsed=364s busy=true user-1:WaitingForReply:-:lines=57:title=add-vim-visual-mode-both-panes | user-2:WaitingForReply:-:lines=54:title=implement-strict-selected-agent-slash | user-3:WaitingForReply:-:lines=91:title=when-review-process-done-patch-agent
[09:34:16] elapsed=370s busy=true user-1:WaitingForReply:-:lines=60:title=add-vim-visual-mode-both-panes | user-2:WaitingForReply:-:lines=54:title=implement-strict-selected-agent-slash | user-3:WaitingForReply:-:lines=91:title=when-review-process-done-patch-agent
[09:34:21] elapsed=375s busy=true user-1:WaitingForReply:-:lines=61:title=add-vim-visual-mode-both-panes | user-2:WaitingForReply:-:lines=54:title=implement-strict-selected-agent-slash | user-3:WaitingForReply:-:lines=93:title=when-review-process-done-patch-agent
[09:34:26] elapsed=380s busy=true user-1:WaitingForReply:-:lines=63:title=add-vim-visual-mode-both-panes | user-2:WaitingForReply:-:lines=54:title=implement-strict-selected-agent-slash | user-3:WaitingForReply:-:lines=93:title=when-review-process-done-patch-agent
[09:34:31] elapsed=385s busy=true user-1:WaitingForReply:-:lines=68:title=add-vim-visual-mode-both-panes | user-2:WaitingForReply:-:lines=54:title=implement-strict-selected-agent-slash | user-3:WaitingForReply:-:lines=96:title=when-review-process-done-patch-agent
[09:34:36] elapsed=390s busy=true review-user-1:WaitingForReply:-:lines=0:title=review user-agent | user-1:-:-:lines=70:title=add-vim-visual-mode-both-panes | user-2:WaitingForReply:-:lines=54:title=implement-strict-selected-agent-slash | user-3:WaitingForReply:-:lines=99:title=when-review-process-done-patch-agent
[09:34:41] elapsed=395s busy=true review-user-1:WaitingForReply:-:lines=2:title=review user-agent | user-1:-:-:lines=70:title=add-vim-visual-mode-both-panes | user-2:WaitingForReply:-:lines=54:title=implement-strict-selected-agent-slash | user-3:WaitingForReply:-:lines=101:title=when-review-process-done-patch-agent
[09:34:46] elapsed=400s busy=true review-user-1:WaitingForReply:-:lines=2:title=review user-agent | user-1:-:-:lines=70:title=vim-visual-mode-for-panes | user-2:WaitingForReply:-:lines=54:title=implement-strict-selected-agent-slash | user-3:WaitingForReply:-:lines=104:title=when-review-process-done-patch-agent
[09:34:51] elapsed=405s busy=true review-user-1:WaitingForReply:-:lines=4:title=review user-agent | review-user-3:WaitingForReply:-:lines=0:title=review user-agent | user-1:-:-:lines=70:title=vim-visual-mode-for-panes | user-2:WaitingForReply:-:lines=54:title=implement-strict-selected-agent-slash | user-3:-:-:lines=108:title=when-review-process-done-patch-agent
[09:34:56] elapsed=410s busy=true review-user-1:WaitingForReply:-:lines=4:title=review user-agent | review-user-3:WaitingForReply:-:lines=2:title=review user-agent | user-1:-:-:lines=70:title=vim-visual-mode-for-panes | user-2:WaitingForReply:-:lines=54:title=implement-strict-selected-agent-slash | user-3:-:-:lines=108:title=when-review-process-done-patch-agent
[09:35:01] elapsed=415s busy=true review-user-1:WaitingForReply:-:lines=4:title=review user-agent | review-user-3:WaitingForReply:-:lines=2:title=review user-agent | user-1:-:-:lines=70:title=vim-visual-mode-for-panes | user-2:WaitingForReply:-:lines=54:title=implement-strict-selected-agent-slash | user-3:-:-:lines=108:title=review-done-chat-confirmation
[09:35:06] elapsed=420s busy=true review-user-1:WaitingForReply:-:lines=4:title=review user-agent | review-user-3:WaitingForReply:-:lines=4:title=review user-agent | user-1:-:-:lines=70:title=vim-visual-mode-for-panes | user-2:WaitingForReply:-:lines=54:title=implement-strict-selected-agent-slash | user-3:-:-:lines=108:title=review-done-chat-confirmation
[09:35:21] elapsed=435s busy=true review-user-1:WaitingForReply:-:lines=4:title=review user-agent | review-user-3:WaitingForReply:-:lines=5:title=review user-agent | user-1:-:-:lines=70:title=vim-visual-mode-for-panes | user-2:WaitingForReply:-:lines=54:title=implement-strict-selected-agent-slash | user-3:-:-:lines=108:title=review-done-chat-confirmation
[09:35:31] elapsed=445s busy=true review-user-1:WaitingForReply:-:lines=4:title=review user-agent | review-user-3:WaitingForReply:-:lines=7:title=review user-agent | user-1:-:-:lines=70:title=vim-visual-mode-for-panes | user-2:WaitingForReply:-:lines=54:title=implement-strict-selected-agent-slash | user-3:-:-:lines=108:title=review-done-chat-confirmation
[09:35:36] elapsed=450s busy=true review-user-1:WaitingForReply:-:lines=4:title=review user-agent | review-user-3:WaitingForReply:-:lines=7:title=review user-agent | user-1:-:-:lines=70:title=vim-visual-mode-for-panes | user-2:WaitingForReply:-:lines=56:title=implement-strict-selected-agent-slash | user-3:-:-:lines=108:title=review-done-chat-confirmation
[09:35:47] elapsed=461s busy=true review-user-1:WaitingForReply:-:lines=4:title=review user-agent | review-user-3:WaitingForReply:-:lines=8:title=review user-agent | user-1:-:-:lines=70:title=vim-visual-mode-for-panes | user-2:WaitingForReply:-:lines=56:title=implement-strict-selected-agent-slash | user-3:-:-:lines=108:title=review-done-chat-confirmation
[09:35:52] elapsed=466s busy=true review-user-1:WaitingForReply:-:lines=7:title=review user-agent | review-user-3:WaitingForReply:-:lines=10:title=review user-agent | user-1:-:-:lines=70:title=vim-visual-mode-for-panes | user-2:WaitingForReply:-:lines=56:title=implement-strict-selected-agent-slash | user-3:-:-:lines=108:title=review-done-chat-confirmation
[09:35:57] elapsed=471s busy=true review-user-1:WaitingForReply:-:lines=8:title=review user-agent | review-user-3:WaitingForReply:-:lines=12:title=review user-agent | user-1:-:-:lines=70:title=vim-visual-mode-for-panes | user-2:WaitingForReply:-:lines=57:title=implement-strict-selected-agent-slash | user-3:-:-:lines=108:title=review-done-chat-confirmation
[09:36:02] elapsed=476s busy=true review-user-1:WaitingForReply:-:lines=10:title=review user-agent | review-user-3:WaitingForReply:-:lines=12:title=review user-agent | user-1:-:-:lines=70:title=vim-visual-mode-for-panes | user-2:WaitingForReply:-:lines=57:title=implement-strict-selected-agent-slash | user-3:-:-:lines=108:title=review-done-chat-confirmation
[09:36:07] elapsed=481s busy=true review-user-1:WaitingForReply:-:lines=13:title=review user-agent | review-user-3:WaitingForReply:-:lines=12:title=review user-agent | user-1:-:-:lines=70:title=vim-visual-mode-for-panes | user-2:WaitingForReply:-:lines=57:title=implement-strict-selected-agent-slash | user-3:-:-:lines=108:title=review-done-chat-confirmation
[09:36:12] elapsed=486s busy=true review-user-1:WaitingForReply:-:lines=15:title=review user-agent | review-user-3:WaitingForReply:-:lines=12:title=review user-agent | user-1:-:-:lines=70:title=vim-visual-mode-for-panes | user-2:WaitingForReply:-:lines=57:title=implement-strict-selected-agent-slash | user-3:-:-:lines=108:title=review-done-chat-confirmation
[09:36:17] elapsed=491s busy=true review-user-1:WaitingForReply:-:lines=18:title=review user-agent | review-user-3:WaitingForReply:-:lines=12:title=review user-agent | user-1:-:-:lines=70:title=vim-visual-mode-for-panes | user-2:WaitingForReply:-:lines=57:title=implement-strict-selected-agent-slash | user-3:-:-:lines=108:title=review-done-chat-confirmation
[09:36:22] elapsed=496s busy=true review-user-1:WaitingForReply:-:lines=18:title=review user-agent | review-user-3:WaitingForReply:-:lines=15:title=review user-agent | user-1:-:-:lines=70:title=vim-visual-mode-for-panes | user-2:WaitingForReply:-:lines=57:title=implement-strict-selected-agent-slash | user-3:-:-:lines=108:title=review-done-chat-confirmation
[09:36:27] elapsed=501s busy=true review-user-1:WaitingForReply:-:lines=18:title=review user-agent | review-user-3:WaitingForReply:-:lines=16:title=review user-agent | user-1:-:-:lines=70:title=vim-visual-mode-for-panes | user-2:WaitingForReply:-:lines=57:title=implement-strict-selected-agent-slash | user-3:-:-:lines=108:title=review-done-chat-confirmation
[09:36:42] elapsed=516s busy=true review-user-1:WaitingForReply:-:lines=18:title=review user-agent | review-user-3:WaitingForReply:-:lines=17:title=review user-agent | user-1:-:-:lines=70:title=vim-visual-mode-for-panes | user-2:WaitingForReply:-:lines=57:title=implement-strict-selected-agent-slash | user-3:WaitingForReply:-:lines=111:title=review-done-chat-confirmation
[09:36:52] elapsed=526s busy=true review-user-1:WaitingForReply:-:lines=18:title=review user-agent | review-user-3:WaitingForReply:-:lines=18:title=review user-agent | user-1:-:-:lines=70:title=vim-visual-mode-for-panes | user-2:WaitingForReply:-:lines=59:title=implement-strict-selected-agent-slash | user-3:WaitingForReply:-:lines=112:title=review-done-chat-confirmation
[09:37:02] elapsed=536s busy=true review-user-1:WaitingForReply:-:lines=18:title=review user-agent | review-user-3:-:-:lines=20:title=review user-agent | user-1:-:-:lines=70:title=vim-visual-mode-for-panes | user-2:WaitingForReply:-:lines=59:title=implement-strict-selected-agent-slash | user-3:-:NeedsDecision:lines=114:title=review-done-chat-confirmation
[09:37:07] elapsed=541s busy=true review-user-1:WaitingForReply:-:lines=18:title=review user-agent | review-user-3:-:-:lines=20:title=review user-agent | user-1:-:-:lines=70:title=vim-visual-mode-for-panes | user-2:WaitingForReply:-:lines=62:title=implement-strict-selected-agent-slash | user-3:-:NeedsDecision:lines=114:title=review-done-chat-confirmation
[09:37:12] elapsed=546s busy=true review-user-1:WaitingForReply:-:lines=18:title=review user-agent | review-user-3:-:-:lines=20:title=review user-agent | user-1:-:-:lines=70:title=vim-visual-mode-for-panes | user-2:WaitingForReply:-:lines=64:title=implement-strict-selected-agent-slash | user-3:-:NeedsDecision:lines=114:title=review-done-chat-confirmation
[09:37:18] elapsed=552s busy=true review-user-1:WaitingForReply:-:lines=26:title=review user-agent | review-user-3:-:-:lines=20:title=review user-agent | user-1:-:-:lines=70:title=vim-visual-mode-for-panes | user-2:WaitingForReply:-:lines=64:title=implement-strict-selected-agent-slash | user-3:-:NeedsDecision:lines=114:title=review-done-chat-confirmation
[09:37:23] elapsed=557s busy=true review-user-1:WaitingForReply:-:lines=26:title=review user-agent | review-user-3:-:-:lines=20:title=review user-agent | user-1:-:-:lines=70:title=vim-visual-mode-for-panes | user-2:WaitingForReply:-:lines=66:title=implement-strict-selected-agent-slash | user-3:-:NeedsDecision:lines=114:title=review-done-chat-confirmation
[09:37:33] elapsed=567s busy=true review-user-1:WaitingForReply:-:lines=26:title=review user-agent | review-user-3:-:-:lines=20:title=review user-agent | user-1:-:-:lines=70:title=vim-visual-mode-for-panes | user-2:WaitingForReply:-:lines=67:title=implement-strict-selected-agent-slash | user-3:-:NeedsDecision:lines=114:title=review-done-chat-confirmation
[09:37:38] elapsed=572s busy=true review-user-1:WaitingForReply:-:lines=26:title=review user-agent | review-user-3:-:-:lines=20:title=review user-agent | user-1:-:-:lines=70:title=vim-visual-mode-for-panes | user-2:WaitingForReply:-:lines=71:title=implement-strict-selected-agent-slash | user-3:-:NeedsDecision:lines=114:title=review-done-chat-confirmation
[09:37:48] elapsed=582s busy=true review-user-1:WaitingForReply:-:lines=27:title=review user-agent | review-user-3:-:-:lines=20:title=review user-agent | user-1:-:-:lines=70:title=vim-visual-mode-for-panes | user-2:WaitingForReply:-:lines=71:title=implement-strict-selected-agent-slash | user-3:-:NeedsDecision:lines=114:title=review-done-chat-confirmation
[09:37:53] elapsed=587s busy=true review-user-1:WaitingForReply:-:lines=29:title=review user-agent | review-user-3:-:-:lines=20:title=review user-agent | user-1:-:-:lines=70:title=vim-visual-mode-for-panes | user-2:WaitingForReply:-:lines=71:title=implement-strict-selected-agent-slash | user-3:-:NeedsDecision:lines=114:title=review-done-chat-confirmation
[09:37:58] elapsed=592s busy=true review-user-1:WaitingForReply:-:lines=31:title=review user-agent | review-user-3:-:-:lines=20:title=review user-agent | user-1:-:-:lines=70:title=vim-visual-mode-for-panes | user-2:WaitingForReply:-:lines=71:title=implement-strict-selected-agent-slash | user-3:-:NeedsDecision:lines=114:title=review-done-chat-confirmation
[09:38:03] elapsed=597s busy=true review-user-1:WaitingForReply:-:lines=31:title=review user-agent | review-user-3:-:-:lines=20:title=review user-agent | user-1:-:-:lines=70:title=vim-visual-mode-for-panes | user-2:WaitingForReply:-:lines=76:title=implement-strict-selected-agent-slash | user-3:-:NeedsDecision:lines=114:title=review-done-chat-confirmation
[09:38:08] elapsed=602s busy=true review-user-1:WaitingForReply:-:lines=33:title=review user-agent | review-user-2:WaitingForReply:-:lines=0:title=review user-agent | review-user-3:-:-:lines=20:title=review user-agent | user-1:-:-:lines=70:title=vim-visual-mode-for-panes | user-2:-:-:lines=80:title=implement-strict-selected-agent-slash | user-3:-:NeedsDecision:lines=114:title=review-done-chat-confirmation
[09:38:13] elapsed=607s busy=true review-user-1:WaitingForReply:-:lines=34:title=review user-agent | review-user-2:WaitingForReply:-:lines=2:title=review user-agent | review-user-3:-:-:lines=20:title=review user-agent | user-1:WaitingForReply:-:lines=73:title=vim-visual-mode-for-panes | user-2:-:-:lines=80:title=strict-agent-slash-commands | user-3:-:NeedsDecision:lines=114:title=review-done-chat-confirmation
[09:38:23] elapsed=617s busy=true review-user-1:WaitingForReply:-:lines=34:title=review user-agent | review-user-2:WaitingForReply:-:lines=4:title=review user-agent | review-user-3:-:-:lines=20:title=review user-agent | user-1:WaitingForReply:-:lines=75:title=vim-visual-mode-for-panes | user-2:-:-:lines=80:title=strict-agent-slash-commands | user-3:-:NeedsDecision:lines=114:title=review-done-chat-confirmation
[09:38:33] elapsed=627s busy=true review-user-1:WaitingForReply:-:lines=34:title=review user-agent | review-user-2:WaitingForReply:-:lines=5:title=review user-agent | review-user-3:-:-:lines=20:title=review user-agent | user-1:WaitingForReply:-:lines=76:title=vim-visual-mode-for-panes | user-2:-:-:lines=80:title=strict-agent-slash-commands | user-3:-:NeedsDecision:lines=114:title=review-done-chat-confirmation
[09:38:39] elapsed=633s busy=true review-user-1:WaitingForReply:-:lines=34:title=review user-agent | review-user-2:WaitingForReply:-:lines=7:title=review user-agent | review-user-3:-:-:lines=20:title=review user-agent | user-1:WaitingForReply:-:lines=79:title=vim-visual-mode-for-panes | user-2:-:-:lines=80:title=strict-agent-slash-commands | user-3:-:NeedsDecision:lines=114:title=review-done-chat-confirmation
[09:38:44] elapsed=638s busy=true review-user-1:WaitingForReply:-:lines=34:title=review user-agent | review-user-2:WaitingForReply:-:lines=15:title=review user-agent | review-user-3:-:-:lines=20:title=review user-agent | user-1:WaitingForReply:-:lines=81:title=vim-visual-mode-for-panes | user-2:-:-:lines=80:title=strict-agent-slash-commands | user-3:-:NeedsDecision:lines=114:title=review-done-chat-confirmation
[09:38:54] elapsed=648s busy=true review-user-1:WaitingForReply:-:lines=34:title=review user-agent | review-user-2:WaitingForReply:-:lines=24:title=review user-agent | review-user-3:-:-:lines=20:title=review user-agent | user-1:WaitingForReply:-:lines=81:title=vim-visual-mode-for-panes | user-2:-:-:lines=80:title=strict-agent-slash-commands | user-3:-:NeedsDecision:lines=114:title=review-done-chat-confirmation
[09:38:59] elapsed=653s busy=true review-user-1:WaitingForReply:-:lines=34:title=review user-agent | review-user-2:WaitingForReply:-:lines=24:title=review user-agent | review-user-3:-:-:lines=20:title=review user-agent | user-1:WaitingForReply:-:lines=86:title=vim-visual-mode-for-panes | user-2:-:-:lines=80:title=strict-agent-slash-commands | user-3:-:NeedsDecision:lines=114:title=review-done-chat-confirmation
[09:39:04] elapsed=658s busy=true review-user-1:WaitingForReply:-:lines=35:title=review user-agent | review-user-2:WaitingForReply:-:lines=33:title=review user-agent | review-user-3:-:-:lines=20:title=review user-agent | user-1:WaitingForReply:-:lines=89:title=vim-visual-mode-for-panes | user-2:-:-:lines=80:title=strict-agent-slash-commands | user-3:-:NeedsDecision:lines=114:title=review-done-chat-confirmation
[09:39:09] elapsed=663s busy=true review-user-1:WaitingForReply:-:lines=37:title=review user-agent | review-user-2:WaitingForReply:-:lines=35:title=review user-agent | review-user-3:-:-:lines=20:title=review user-agent | user-1:WaitingForReply:-:lines=89:title=vim-visual-mode-for-panes | user-2:-:-:lines=80:title=strict-agent-slash-commands | user-3:-:NeedsDecision:lines=114:title=review-done-chat-confirmation
[09:39:19] elapsed=673s busy=true review-user-1:WaitingForReply:-:lines=37:title=review user-agent | review-user-2:WaitingForReply:-:lines=38:title=review user-agent | review-user-3:-:-:lines=20:title=review user-agent | user-1:WaitingForReply:-:lines=89:title=vim-visual-mode-for-panes | user-2:-:-:lines=80:title=strict-agent-slash-commands | user-3:-:NeedsDecision:lines=114:title=review-done-chat-confirmation
[09:39:24] elapsed=678s busy=true review-user-1:WaitingForReply:-:lines=38:title=review user-agent | review-user-2:WaitingForReply:-:lines=40:title=review user-agent | review-user-3:-:-:lines=20:title=review user-agent | user-1:WaitingForReply:-:lines=89:title=vim-visual-mode-for-panes | user-2:-:-:lines=80:title=strict-agent-slash-commands | user-3:-:NeedsDecision:lines=114:title=review-done-chat-confirmation
[09:39:34] elapsed=688s busy=true review-user-1:WaitingForReply:-:lines=40:title=review user-agent | review-user-2:WaitingForReply:-:lines=40:title=review user-agent | review-user-3:-:-:lines=20:title=review user-agent | user-1:WaitingForReply:-:lines=89:title=vim-visual-mode-for-panes | user-2:-:-:lines=80:title=strict-agent-slash-commands | user-3:-:NeedsDecision:lines=114:title=review-done-chat-confirmation
[09:39:54] elapsed=708s busy=true review-user-1:WaitingForReply:-:lines=40:title=review user-agent | review-user-2:WaitingForReply:-:lines=41:title=review user-agent | review-user-3:-:-:lines=20:title=review user-agent | user-1:WaitingForReply:-:lines=89:title=vim-visual-mode-for-panes | user-2:WaitingForReply:-:lines=83:title=strict-agent-slash-commands | user-3:-:NeedsDecision:lines=114:title=review-done-chat-confirmation
[09:40:10] elapsed=724s busy=true review-user-1:WaitingForReply:-:lines=40:title=review user-agent | review-user-2:WaitingForReply:-:lines=41:title=review user-agent | review-user-3:-:-:lines=20:title=review user-agent | user-1:WaitingForReply:-:lines=89:title=vim-visual-mode-for-panes | user-2:WaitingForReply:-:lines=84:title=strict-agent-slash-commands | user-3:-:NeedsDecision:lines=114:title=review-done-chat-confirmation
[09:40:15] elapsed=729s busy=true review-user-1:WaitingForReply:-:lines=41:title=review user-agent | review-user-2:WaitingForReply:-:lines=41:title=review user-agent | review-user-3:-:-:lines=20:title=review user-agent | user-1:WaitingForReply:-:lines=92:title=vim-visual-mode-for-panes | user-2:WaitingForReply:-:lines=84:title=strict-agent-slash-commands | user-3:-:NeedsDecision:lines=114:title=review-done-chat-confirmation
[09:40:20] elapsed=734s busy=true review-user-1:WaitingForReply:-:lines=41:title=review user-agent | review-user-2:WaitingForReply:-:lines=41:title=review user-agent | review-user-3:-:-:lines=20:title=review user-agent | user-1:WaitingForReply:-:lines=92:title=vim-visual-mode-for-panes | user-2:WaitingForReply:-:lines=86:title=strict-agent-slash-commands | user-3:-:NeedsDecision:lines=114:title=review-done-chat-confirmation
[09:40:30] elapsed=744s busy=true review-user-1:WaitingForReply:-:lines=41:title=review user-agent | review-user-2:WaitingForReply:-:lines=41:title=review user-agent | review-user-3:-:-:lines=20:title=review user-agent | user-1:WaitingForReply:-:lines=97:title=vim-visual-mode-for-panes | user-2:WaitingForReply:-:lines=89:title=strict-agent-slash-commands | user-3:-:NeedsDecision:lines=114:title=review-done-chat-confirmation
[09:40:35] elapsed=749s busy=true review-user-1:WaitingForReply:-:lines=41:title=review user-agent | review-user-2:WaitingForReply:-:lines=41:title=review user-agent | review-user-3:-:-:lines=20:title=review user-agent | user-1:WaitingForReply:-:lines=99:title=vim-visual-mode-for-panes | user-2:WaitingForReply:-:lines=89:title=strict-agent-slash-commands | user-3:-:NeedsDecision:lines=114:title=review-done-chat-confirmation
[09:40:40] elapsed=754s busy=true review-user-1:WaitingForReply:-:lines=42:title=review user-agent | review-user-2:WaitingForReply:-:lines=41:title=review user-agent | review-user-3:-:-:lines=20:title=review user-agent | user-1:WaitingForReply:-:lines=100:title=vim-visual-mode-for-panes | user-2:WaitingForReply:-:lines=89:title=strict-agent-slash-commands | user-3:-:NeedsDecision:lines=114:title=review-done-chat-confirmation
[09:40:50] elapsed=764s busy=true review-user-1:-:-:lines=44:title=review user-agent | review-user-2:WaitingForReply:-:lines=41:title=review user-agent | review-user-3:-:-:lines=20:title=review user-agent | user-1:-:NeedsDecision:lines=102:title=vim-visual-mode-for-panes | user-2:WaitingForReply:-:lines=89:title=strict-agent-slash-commands | user-3:-:NeedsDecision:lines=114:title=review-done-chat-confirmation
[09:41:35] elapsed=809s busy=true review-user-1:-:-:lines=44:title=review user-agent | review-user-2:WaitingForReply:-:lines=41:title=review user-agent | review-user-3:-:-:lines=20:title=review user-agent | user-1:-:NeedsDecision:lines=102:title=vim-visual-mode-for-panes | user-2:WaitingForReply:-:lines=94:title=strict-agent-slash-commands | user-3:-:NeedsDecision:lines=114:title=review-done-chat-confirmation
[09:43:16] elapsed=910s busy=true review-user-1:-:-:lines=44:title=review user-agent | review-user-2:WaitingForReply:-:lines=41:title=review user-agent | review-user-3:-:-:lines=20:title=review user-agent | user-1:-:NeedsDecision:lines=102:title=vim-visual-mode-for-panes | user-2:WaitingForReply:-:lines=96:title=strict-agent-slash-commands | user-3:-:NeedsDecision:lines=114:title=review-done-chat-confirmation
[09:43:42] elapsed=936s busy=true review-user-1:-:-:lines=44:title=review user-agent | review-user-2:WaitingForReply:-:lines=41:title=review user-agent | review-user-3:-:-:lines=20:title=review user-agent | user-1:-:NeedsDecision:lines=102:title=vim-visual-mode-for-panes | user-2:WaitingForReply:-:lines=99:title=strict-agent-slash-commands | user-3:-:NeedsDecision:lines=114:title=review-done-chat-confirmation
[09:43:57] elapsed=951s busy=true review-user-1:-:-:lines=44:title=review user-agent | review-user-2:WaitingForReply:-:lines=41:title=review user-agent | review-user-3:-:-:lines=20:title=review user-agent | user-1:-:NeedsDecision:lines=102:title=vim-visual-mode-for-panes | user-2:WaitingForReply:-:lines=101:title=strict-agent-slash-commands | user-3:-:NeedsDecision:lines=114:title=review-done-chat-confirmation
[09:44:12] elapsed=966s busy=true review-user-1:-:-:lines=44:title=review user-agent | review-user-2:WaitingForReply:-:lines=42:title=review user-agent | review-user-3:-:-:lines=20:title=review user-agent | user-1:-:NeedsDecision:lines=102:title=vim-visual-mode-for-panes | user-2:WaitingForReply:-:lines=102:title=strict-agent-slash-commands | user-3:-:NeedsDecision:lines=114:title=review-done-chat-confirmation
[09:44:22] elapsed=976s busy=false review-user-1:-:-:lines=44:title=review user-agent | review-user-2:-:-:lines=44:title=review user-agent | review-user-3:-:-:lines=20:title=review user-agent | user-1:-:NeedsDecision:lines=102:title=vim-visual-mode-for-panes | user-2:-:NeedsDecision:lines=104:title=strict-agent-slash-commands | user-3:-:NeedsDecision:lines=114:title=review-done-chat-confirmation
[09:44:22] all patch agents done and 3 patch-agent commit(s) reviewed; launching force-linearize
[09:44:27] elapsed=981s busy=true linearize:Launching:-:lines=0:title=linearize reviewed patches | review-user-1:-:-:lines=45:title=review user-agent | review-user-2:-:-:lines=45:title=review user-agent | review-user-3:-:-:lines=21:title=review user-agent | user-1:-:NeedsDecision:lines=103:title=vim-visual-mode-for-panes | user-2:-:NeedsDecision:lines=105:title=strict-agent-slash-commands | user-3:-:NeedsDecision:lines=115:title=review-done-chat-confirmation
[09:44:32] elapsed=986s busy=true linearize:WaitingForReply:-:lines=2:title=linearize reviewed patches | review-user-1:-:-:lines=45:title=review user-agent | review-user-2:-:-:lines=45:title=review user-agent | review-user-3:-:-:lines=21:title=review user-agent | user-1:-:NeedsDecision:lines=103:title=vim-visual-mode-for-panes | user-2:-:NeedsDecision:lines=105:title=strict-agent-slash-commands | user-3:-:NeedsDecision:lines=115:title=review-done-chat-confirmation
[09:44:42] elapsed=996s busy=true linearize:WaitingForReply:-:lines=9:title=linearize reviewed patches | review-user-1:-:-:lines=45:title=review user-agent | review-user-2:-:-:lines=45:title=review user-agent | review-user-3:-:-:lines=21:title=review user-agent | user-1:-:NeedsDecision:lines=103:title=vim-visual-mode-for-panes | user-2:-:NeedsDecision:lines=105:title=strict-agent-slash-commands | user-3:-:NeedsDecision:lines=115:title=review-done-chat-confirmation
[09:45:07] elapsed=1021s busy=true linearize:WaitingForReply:-:lines=20:title=linearize reviewed patches | review-user-1:-:-:lines=45:title=review user-agent | review-user-2:-:-:lines=45:title=review user-agent | review-user-3:-:-:lines=21:title=review user-agent | user-1:-:NeedsDecision:lines=103:title=vim-visual-mode-for-panes | user-2:-:NeedsDecision:lines=105:title=strict-agent-slash-commands | user-3:-:NeedsDecision:lines=115:title=review-done-chat-confirmation
[09:45:33] elapsed=1047s busy=true linearize:WaitingForReply:-:lines=29:title=linearize reviewed patches | review-user-1:-:-:lines=45:title=review user-agent | review-user-2:-:-:lines=45:title=review user-agent | review-user-3:-:-:lines=21:title=review user-agent | user-1:-:NeedsDecision:lines=103:title=vim-visual-mode-for-panes | user-2:-:NeedsDecision:lines=105:title=strict-agent-slash-commands | user-3:-:NeedsDecision:lines=115:title=review-done-chat-confirmation
[09:45:53] elapsed=1067s busy=true linearize:WaitingForReply:-:lines=40:title=linearize reviewed patches | review-user-1:-:-:lines=45:title=review user-agent | review-user-2:-:-:lines=45:title=review user-agent | review-user-3:-:-:lines=21:title=review user-agent | user-1:-:NeedsDecision:lines=103:title=vim-visual-mode-for-panes | user-2:-:NeedsDecision:lines=105:title=strict-agent-slash-commands | user-3:-:NeedsDecision:lines=115:title=review-done-chat-confirmation
[09:46:03] elapsed=1077s busy=true linearize:WaitingForReply:-:lines=47:title=linearize reviewed patches | review-user-1:-:-:lines=45:title=review user-agent | review-user-2:-:-:lines=45:title=review user-agent | review-user-3:-:-:lines=21:title=review user-agent | user-1:-:NeedsDecision:lines=103:title=vim-visual-mode-for-panes | user-2:-:NeedsDecision:lines=105:title=strict-agent-slash-commands | user-3:-:NeedsDecision:lines=115:title=review-done-chat-confirmation
[09:46:13] elapsed=1087s busy=true linearize:WaitingForReply:-:lines=54:title=linearize reviewed patches | review-user-1:-:-:lines=45:title=review user-agent | review-user-2:-:-:lines=45:title=review user-agent | review-user-3:-:-:lines=21:title=review user-agent | user-1:-:NeedsDecision:lines=103:title=vim-visual-mode-for-panes | user-2:-:NeedsDecision:lines=105:title=strict-agent-slash-commands | user-3:-:NeedsDecision:lines=115:title=review-done-chat-confirmation
[09:46:43] elapsed=1117s busy=true linearize:WaitingForReply:-:lines=59:title=linearize reviewed patches | review-user-1:-:-:lines=45:title=review user-agent | review-user-2:-:-:lines=45:title=review user-agent | review-user-3:-:-:lines=21:title=review user-agent | user-1:-:NeedsDecision:lines=103:title=vim-visual-mode-for-panes | user-2:-:NeedsDecision:lines=105:title=strict-agent-slash-commands | user-3:-:NeedsDecision:lines=115:title=review-done-chat-confirmation
[09:46:48] elapsed=1122s busy=true linearize:WaitingForReply:-:lines=60:title=linearize reviewed patches | review-user-1:-:-:lines=45:title=review user-agent | review-user-2:-:-:lines=45:title=review user-agent | review-user-3:-:-:lines=21:title=review user-agent | user-1:-:NeedsDecision:lines=103:title=vim-visual-mode-for-panes | user-2:-:NeedsDecision:lines=105:title=strict-agent-slash-commands | user-3:-:NeedsDecision:lines=115:title=review-done-chat-confirmation
[09:46:53] elapsed=1127s busy=true linearize:WaitingForReply:-:lines=68:title=linearize reviewed patches | review-user-1:-:-:lines=45:title=review user-agent | review-user-2:-:-:lines=45:title=review user-agent | review-user-3:-:-:lines=21:title=review user-agent | user-1:-:NeedsDecision:lines=103:title=vim-visual-mode-for-panes | user-2:-:NeedsDecision:lines=105:title=strict-agent-slash-commands | user-3:-:NeedsDecision:lines=115:title=review-done-chat-confirmation
[09:47:19] elapsed=1153s busy=true linearize:WaitingForReply:-:lines=69:title=linearize reviewed patches | review-user-1:-:-:lines=45:title=review user-agent | review-user-2:-:-:lines=45:title=review user-agent | review-user-3:-:-:lines=21:title=review user-agent | user-1:-:NeedsDecision:lines=103:title=vim-visual-mode-for-panes | user-2:-:NeedsDecision:lines=105:title=strict-agent-slash-commands | user-3:-:NeedsDecision:lines=115:title=review-done-chat-confirmation
[09:47:34] elapsed=1168s busy=false linearize:-:-:lines=71:title=linearize reviewed patches | review-user-1:-:-:lines=45:title=review user-agent | review-user-2:-:-:lines=45:title=review user-agent | review-user-3:-:-:lines=21:title=review user-agent | user-1:-:NeedsDecision:lines=103:title=vim-visual-mode-for-panes | user-2:-:NeedsDecision:lines=105:title=strict-agent-slash-commands | user-3:-:NeedsDecision:lines=115:title=review-done-chat-confirmation
[09:47:34] linearizer ready; accepting plan
[09:47:39] elapsed=1173s busy=true linearize:WaitingForReply:-:lines=73:title=linearize reviewed patches | review-user-1:-:-:lines=45:title=review user-agent | review-user-2:-:-:lines=45:title=review user-agent | review-user-3:-:-:lines=21:title=review user-agent | user-1:-:NeedsDecision:lines=103:title=vim-visual-mode-for-panes | user-2:-:NeedsDecision:lines=105:title=strict-agent-slash-commands | user-3:-:NeedsDecision:lines=115:title=review-done-chat-confirmation
[09:47:49] elapsed=1183s busy=true linearize:WaitingForReply:-:lines=74:title=linearize reviewed patches | review-user-1:-:-:lines=45:title=review user-agent | review-user-2:-:-:lines=45:title=review user-agent | review-user-3:-:-:lines=21:title=review user-agent | user-1:-:NeedsDecision:lines=103:title=vim-visual-mode-for-panes | user-2:-:NeedsDecision:lines=105:title=strict-agent-slash-commands | user-3:-:NeedsDecision:lines=115:title=review-done-chat-confirmation
[09:48:04] elapsed=1198s busy=true linearize:WaitingForReply:-:lines=82:title=linearize reviewed patches | review-user-1:-:-:lines=45:title=review user-agent | review-user-2:-:-:lines=45:title=review user-agent | review-user-3:-:-:lines=21:title=review user-agent | user-1:-:NeedsDecision:lines=103:title=vim-visual-mode-for-panes | user-2:-:NeedsDecision:lines=105:title=strict-agent-slash-commands | user-3:-:NeedsDecision:lines=115:title=review-done-chat-confirmation
[09:48:15] elapsed=1209s busy=true linearize:WaitingForReply:-:lines=83:title=linearize reviewed patches | review-user-1:-:-:lines=45:title=review user-agent | review-user-2:-:-:lines=45:title=review user-agent | review-user-3:-:-:lines=21:title=review user-agent | user-1:-:NeedsDecision:lines=103:title=vim-visual-mode-for-panes | user-2:-:NeedsDecision:lines=105:title=strict-agent-slash-commands | user-3:-:NeedsDecision:lines=115:title=review-done-chat-confirmation
[09:48:20] elapsed=1214s busy=true linearize:WaitingForReply:-:lines=86:title=linearize reviewed patches | review-user-1:-:-:lines=45:title=review user-agent | review-user-2:-:-:lines=45:title=review user-agent | review-user-3:-:-:lines=21:title=review user-agent | user-1:-:NeedsDecision:lines=103:title=vim-visual-mode-for-panes | user-2:-:NeedsDecision:lines=105:title=strict-agent-slash-commands | user-3:-:NeedsDecision:lines=115:title=review-done-chat-confirmation
[09:48:25] elapsed=1219s busy=true linearize:WaitingForReply:-:lines=88:title=linearize reviewed patches | review-user-1:-:-:lines=45:title=review user-agent | review-user-2:-:-:lines=45:title=review user-agent | review-user-3:-:-:lines=21:title=review user-agent | user-1:-:NeedsDecision:lines=103:title=vim-visual-mode-for-panes | user-2:-:NeedsDecision:lines=105:title=strict-agent-slash-commands | user-3:-:NeedsDecision:lines=115:title=review-done-chat-confirmation
[09:48:30] elapsed=1224s busy=true linearize:WaitingForReply:-:lines=89:title=linearize reviewed patches | review-user-1:-:-:lines=45:title=review user-agent | review-user-2:-:-:lines=45:title=review user-agent | review-user-3:-:-:lines=21:title=review user-agent | user-1:-:NeedsDecision:lines=103:title=vim-visual-mode-for-panes | user-2:-:NeedsDecision:lines=105:title=strict-agent-slash-commands | user-3:-:NeedsDecision:lines=115:title=review-done-chat-confirmation
[09:48:35] elapsed=1229s busy=true linearize:WaitingForReply:-:lines=97:title=linearize reviewed patches | review-user-1:-:-:lines=45:title=review user-agent | review-user-2:-:-:lines=45:title=review user-agent | review-user-3:-:-:lines=21:title=review user-agent | user-1:-:NeedsDecision:lines=103:title=vim-visual-mode-for-panes | user-2:-:NeedsDecision:lines=105:title=strict-agent-slash-commands | user-3:-:NeedsDecision:lines=115:title=review-done-chat-confirmation
[09:48:40] elapsed=1234s busy=true linearize:WaitingForReply:-:lines=98:title=linearize reviewed patches | review-user-1:-:-:lines=45:title=review user-agent | review-user-2:-:-:lines=45:title=review user-agent | review-user-3:-:-:lines=21:title=review user-agent | user-1:-:NeedsDecision:lines=103:title=vim-visual-mode-for-panes | user-2:-:NeedsDecision:lines=105:title=strict-agent-slash-commands | user-3:-:NeedsDecision:lines=115:title=review-done-chat-confirmation
[09:48:45] elapsed=1239s busy=true linearize:WaitingForReply:-:lines=100:title=linearize reviewed patches | review-user-1:-:-:lines=45:title=review user-agent | review-user-2:-:-:lines=45:title=review user-agent | review-user-3:-:-:lines=21:title=review user-agent | user-1:-:NeedsDecision:lines=103:title=vim-visual-mode-for-panes | user-2:-:NeedsDecision:lines=105:title=strict-agent-slash-commands | user-3:-:NeedsDecision:lines=115:title=review-done-chat-confirmation
[09:48:55] elapsed=1249s busy=true linearize:WaitingForReply:-:lines=107:title=linearize reviewed patches | review-user-1:-:-:lines=45:title=review user-agent | review-user-2:-:-:lines=45:title=review user-agent | review-user-3:-:-:lines=21:title=review user-agent | user-1:-:NeedsDecision:lines=103:title=vim-visual-mode-for-panes | user-2:-:NeedsDecision:lines=105:title=strict-agent-slash-commands | user-3:-:NeedsDecision:lines=115:title=review-done-chat-confirmation
[09:49:00] elapsed=1254s busy=true linearize:WaitingForReply:-:lines=110:title=linearize reviewed patches | review-user-1:-:-:lines=45:title=review user-agent | review-user-2:-:-:lines=45:title=review user-agent | review-user-3:-:-:lines=21:title=review user-agent | user-1:-:NeedsDecision:lines=103:title=vim-visual-mode-for-panes | user-2:-:NeedsDecision:lines=105:title=strict-agent-slash-commands | user-3:-:NeedsDecision:lines=115:title=review-done-chat-confirmation
[09:49:05] elapsed=1259s busy=true linearize:WaitingForReply:-:lines=112:title=linearize reviewed patches | review-user-1:-:-:lines=45:title=review user-agent | review-user-2:-:-:lines=45:title=review user-agent | review-user-3:-:-:lines=21:title=review user-agent | user-1:-:NeedsDecision:lines=103:title=vim-visual-mode-for-panes | user-2:-:NeedsDecision:lines=105:title=strict-agent-slash-commands | user-3:-:NeedsDecision:lines=115:title=review-done-chat-confirmation
[09:49:10] elapsed=1264s busy=true linearize:WaitingForReply:-:lines=113:title=linearize reviewed patches | review-user-1:-:-:lines=45:title=review user-agent | review-user-2:-:-:lines=45:title=review user-agent | review-user-3:-:-:lines=21:title=review user-agent | user-1:-:NeedsDecision:lines=103:title=vim-visual-mode-for-panes | user-2:-:NeedsDecision:lines=105:title=strict-agent-slash-commands | user-3:-:NeedsDecision:lines=115:title=review-done-chat-confirmation
[09:49:20] elapsed=1274s busy=true linearize:WaitingForReply:-:lines=115:title=linearize reviewed patches | review-user-1:-:-:lines=45:title=review user-agent | review-user-2:-:-:lines=45:title=review user-agent | review-user-3:-:-:lines=21:title=review user-agent | user-1:-:NeedsDecision:lines=103:title=vim-visual-mode-for-panes | user-2:-:NeedsDecision:lines=105:title=strict-agent-slash-commands | user-3:-:NeedsDecision:lines=115:title=review-done-chat-confirmation
[09:49:25] elapsed=1279s busy=true linearize:WaitingForReply:-:lines=118:title=linearize reviewed patches | review-user-1:-:-:lines=45:title=review user-agent | review-user-2:-:-:lines=45:title=review user-agent | review-user-3:-:-:lines=21:title=review user-agent | user-1:-:NeedsDecision:lines=103:title=vim-visual-mode-for-panes | user-2:-:NeedsDecision:lines=105:title=strict-agent-slash-commands | user-3:-:NeedsDecision:lines=115:title=review-done-chat-confirmation
[09:49:30] elapsed=1284s busy=true linearize:WaitingForReply:-:lines=122:title=linearize reviewed patches | review-user-1:-:-:lines=45:title=review user-agent | review-user-2:-:-:lines=45:title=review user-agent | review-user-3:-:-:lines=21:title=review user-agent | user-1:-:NeedsDecision:lines=103:title=vim-visual-mode-for-panes | user-2:-:NeedsDecision:lines=105:title=strict-agent-slash-commands | user-3:-:NeedsDecision:lines=115:title=review-done-chat-confirmation
[09:49:35] elapsed=1289s busy=true linearize:WaitingForReply:-:lines=124:title=linearize reviewed patches | review-user-1:-:-:lines=45:title=review user-agent | review-user-2:-:-:lines=45:title=review user-agent | review-user-3:-:-:lines=21:title=review user-agent | user-1:-:NeedsDecision:lines=103:title=vim-visual-mode-for-panes | user-2:-:NeedsDecision:lines=105:title=strict-agent-slash-commands | user-3:-:NeedsDecision:lines=115:title=review-done-chat-confirmation
[09:49:45] elapsed=1299s busy=true linearize:WaitingForReply:-:lines=131:title=linearize reviewed patches | review-user-1:-:-:lines=45:title=review user-agent | review-user-2:-:-:lines=45:title=review user-agent | review-user-3:-:-:lines=21:title=review user-agent | user-1:-:NeedsDecision:lines=103:title=vim-visual-mode-for-panes | user-2:-:NeedsDecision:lines=105:title=strict-agent-slash-commands | user-3:-:NeedsDecision:lines=115:title=review-done-chat-confirmation
[09:49:51] elapsed=1305s busy=true linearize:WaitingForReply:-:lines=133:title=linearize reviewed patches | review-user-1:-:-:lines=45:title=review user-agent | review-user-2:-:-:lines=45:title=review user-agent | review-user-3:-:-:lines=21:title=review user-agent | user-1:-:NeedsDecision:lines=103:title=vim-visual-mode-for-panes | user-2:-:NeedsDecision:lines=105:title=strict-agent-slash-commands | user-3:-:NeedsDecision:lines=115:title=review-done-chat-confirmation
[09:49:56] elapsed=1310s busy=true linearize:WaitingForReply:-:lines=134:title=linearize reviewed patches | review-user-1:-:-:lines=45:title=review user-agent | review-user-2:-:-:lines=45:title=review user-agent | review-user-3:-:-:lines=21:title=review user-agent | user-1:-:NeedsDecision:lines=103:title=vim-visual-mode-for-panes | user-2:-:NeedsDecision:lines=105:title=strict-agent-slash-commands | user-3:-:NeedsDecision:lines=115:title=review-done-chat-confirmation
[09:50:01] elapsed=1315s busy=true linearize:WaitingForReply:-:lines=138:title=linearize reviewed patches | review-user-1:-:-:lines=45:title=review user-agent | review-user-2:-:-:lines=45:title=review user-agent | review-user-3:-:-:lines=21:title=review user-agent | user-1:-:NeedsDecision:lines=103:title=vim-visual-mode-for-panes | user-2:-:NeedsDecision:lines=105:title=strict-agent-slash-commands | user-3:-:NeedsDecision:lines=115:title=review-done-chat-confirmation
[09:50:16] elapsed=1330s busy=true linearize:WaitingForReply:-:lines=144:title=linearize reviewed patches | review-user-1:-:-:lines=45:title=review user-agent | review-user-2:-:-:lines=45:title=review user-agent | review-user-3:-:-:lines=21:title=review user-agent | user-1:-:NeedsDecision:lines=103:title=vim-visual-mode-for-panes | user-2:-:NeedsDecision:lines=105:title=strict-agent-slash-commands | user-3:-:NeedsDecision:lines=115:title=review-done-chat-confirmation
[09:50:21] elapsed=1335s busy=true linearize:WaitingForReply:-:lines=146:title=linearize reviewed patches | review-user-1:-:-:lines=45:title=review user-agent | review-user-2:-:-:lines=45:title=review user-agent | review-user-3:-:-:lines=21:title=review user-agent | user-1:-:NeedsDecision:lines=103:title=vim-visual-mode-for-panes | user-2:-:NeedsDecision:lines=105:title=strict-agent-slash-commands | user-3:-:NeedsDecision:lines=115:title=review-done-chat-confirmation
[09:50:26] elapsed=1340s busy=true linearize:WaitingForReply:-:lines=152:title=linearize reviewed patches | review-user-1:-:-:lines=45:title=review user-agent | review-user-2:-:-:lines=45:title=review user-agent | review-user-3:-:-:lines=21:title=review user-agent | user-1:-:NeedsDecision:lines=103:title=vim-visual-mode-for-panes | user-2:-:NeedsDecision:lines=105:title=strict-agent-slash-commands | user-3:-:NeedsDecision:lines=115:title=review-done-chat-confirmation
[09:50:36] elapsed=1350s busy=true linearize:WaitingForReply:-:lines=156:title=linearize reviewed patches | review-user-1:-:-:lines=45:title=review user-agent | review-user-2:-:-:lines=45:title=review user-agent | review-user-3:-:-:lines=21:title=review user-agent | user-1:-:NeedsDecision:lines=103:title=vim-visual-mode-for-panes | user-2:-:NeedsDecision:lines=105:title=strict-agent-slash-commands | user-3:-:NeedsDecision:lines=115:title=review-done-chat-confirmation
[09:50:41] elapsed=1355s busy=true linearize:WaitingForReply:-:lines=157:title=linearize reviewed patches | review-user-1:-:-:lines=45:title=review user-agent | review-user-2:-:-:lines=45:title=review user-agent | review-user-3:-:-:lines=21:title=review user-agent | user-1:-:NeedsDecision:lines=103:title=vim-visual-mode-for-panes | user-2:-:NeedsDecision:lines=105:title=strict-agent-slash-commands | user-3:-:NeedsDecision:lines=115:title=review-done-chat-confirmation
[09:50:46] elapsed=1360s busy=true linearize:WaitingForReply:-:lines=158:title=linearize reviewed patches | review-user-1:-:-:lines=45:title=review user-agent | review-user-2:-:-:lines=45:title=review user-agent | review-user-3:-:-:lines=21:title=review user-agent | user-1:-:NeedsDecision:lines=103:title=vim-visual-mode-for-panes | user-2:-:NeedsDecision:lines=105:title=strict-agent-slash-commands | user-3:-:NeedsDecision:lines=115:title=review-done-chat-confirmation
[09:50:51] elapsed=1365s busy=true linearize:WaitingForReply:-:lines=160:title=linearize reviewed patches | review-user-1:-:-:lines=45:title=review user-agent | review-user-2:-:-:lines=45:title=review user-agent | review-user-3:-:-:lines=21:title=review user-agent | user-1:-:NeedsDecision:lines=103:title=vim-visual-mode-for-panes | user-2:-:NeedsDecision:lines=105:title=strict-agent-slash-commands | user-3:-:NeedsDecision:lines=115:title=review-done-chat-confirmation
[09:50:56] elapsed=1370s busy=true linearize:WaitingForReply:-:lines=161:title=linearize reviewed patches | review-user-1:-:-:lines=45:title=review user-agent | review-user-2:-:-:lines=45:title=review user-agent | review-user-3:-:-:lines=21:title=review user-agent | user-1:-:NeedsDecision:lines=103:title=vim-visual-mode-for-panes | user-2:-:NeedsDecision:lines=105:title=strict-agent-slash-commands | user-3:-:NeedsDecision:lines=115:title=review-done-chat-confirmation
[09:51:06] elapsed=1380s busy=true linearize:WaitingForReply:-:lines=168:title=linearize reviewed patches | review-user-1:-:-:lines=45:title=review user-agent | review-user-2:-:-:lines=45:title=review user-agent | review-user-3:-:-:lines=21:title=review user-agent | user-1:-:NeedsDecision:lines=103:title=vim-visual-mode-for-panes | user-2:-:NeedsDecision:lines=105:title=strict-agent-slash-commands | user-3:-:NeedsDecision:lines=115:title=review-done-chat-confirmation
[09:51:11] elapsed=1385s busy=true linearize:WaitingForReply:-:lines=171:title=linearize reviewed patches | review-user-1:-:-:lines=45:title=review user-agent | review-user-2:-:-:lines=45:title=review user-agent | review-user-3:-:-:lines=21:title=review user-agent | user-1:-:NeedsDecision:lines=103:title=vim-visual-mode-for-panes | user-2:-:NeedsDecision:lines=105:title=strict-agent-slash-commands | user-3:-:NeedsDecision:lines=115:title=review-done-chat-confirmation
[09:51:16] elapsed=1390s busy=true linearize:WaitingForReply:-:lines=173:title=linearize reviewed patches | review-user-1:-:-:lines=45:title=review user-agent | review-user-2:-:-:lines=45:title=review user-agent | review-user-3:-:-:lines=21:title=review user-agent | user-1:-:NeedsDecision:lines=103:title=vim-visual-mode-for-panes | user-2:-:NeedsDecision:lines=105:title=strict-agent-slash-commands | user-3:-:NeedsDecision:lines=115:title=review-done-chat-confirmation
[09:51:27] elapsed=1400s busy=true linearize:WaitingForReply:-:lines=174:title=linearize reviewed patches | review-user-1:-:-:lines=45:title=review user-agent | review-user-2:-:-:lines=45:title=review user-agent | review-user-3:-:-:lines=21:title=review user-agent | user-1:-:NeedsDecision:lines=103:title=vim-visual-mode-for-panes | user-2:-:NeedsDecision:lines=105:title=strict-agent-slash-commands | user-3:-:NeedsDecision:lines=115:title=review-done-chat-confirmation
[09:51:42] elapsed=1416s busy=true linearize:WaitingForReply:-:lines=176:title=linearize reviewed patches | review-user-1:-:-:lines=45:title=review user-agent | review-user-2:-:-:lines=45:title=review user-agent | review-user-3:-:-:lines=21:title=review user-agent | user-1:-:NeedsDecision:lines=103:title=vim-visual-mode-for-panes | user-2:-:NeedsDecision:lines=105:title=strict-agent-slash-commands | user-3:-:NeedsDecision:lines=115:title=review-done-chat-confirmation
[09:51:47] elapsed=1421s busy=true linearize:WaitingForReply:-:lines=178:title=linearize reviewed patches | review-user-1:-:-:lines=45:title=review user-agent | review-user-2:-:-:lines=45:title=review user-agent | review-user-3:-:-:lines=21:title=review user-agent | user-1:-:NeedsDecision:lines=103:title=vim-visual-mode-for-panes | user-2:-:NeedsDecision:lines=105:title=strict-agent-slash-commands | user-3:-:NeedsDecision:lines=115:title=review-done-chat-confirmation
[09:51:52] elapsed=1426s busy=true linearize:WaitingForReply:-:lines=179:title=linearize reviewed patches | review-user-1:-:-:lines=45:title=review user-agent | review-user-2:-:-:lines=45:title=review user-agent | review-user-3:-:-:lines=21:title=review user-agent | user-1:-:NeedsDecision:lines=103:title=vim-visual-mode-for-panes | user-2:-:NeedsDecision:lines=105:title=strict-agent-slash-commands | user-3:-:NeedsDecision:lines=115:title=review-done-chat-confirmation
[09:51:57] elapsed=1431s busy=true linearize:WaitingForReply:-:lines=184:title=linearize reviewed patches | review-user-1:-:-:lines=45:title=review user-agent | review-user-2:-:-:lines=45:title=review user-agent | review-user-3:-:-:lines=21:title=review user-agent | user-1:-:NeedsDecision:lines=103:title=vim-visual-mode-for-panes | user-2:-:NeedsDecision:lines=105:title=strict-agent-slash-commands | user-3:-:NeedsDecision:lines=115:title=review-done-chat-confirmation
[09:52:02] elapsed=1436s busy=true linearize:WaitingForReply:-:lines=186:title=linearize reviewed patches | review-user-1:-:-:lines=45:title=review user-agent | review-user-2:-:-:lines=45:title=review user-agent | review-user-3:-:-:lines=21:title=review user-agent | user-1:-:NeedsDecision:lines=103:title=vim-visual-mode-for-panes | user-2:-:NeedsDecision:lines=105:title=strict-agent-slash-commands | user-3:-:NeedsDecision:lines=115:title=review-done-chat-confirmation
[09:52:07] elapsed=1441s busy=true linearize:WaitingForReply:-:lines=191:title=linearize reviewed patches | review-user-1:-:-:lines=45:title=review user-agent | review-user-2:-:-:lines=45:title=review user-agent | review-user-3:-:-:lines=21:title=review user-agent | user-1:-:NeedsDecision:lines=103:title=vim-visual-mode-for-panes | user-2:-:NeedsDecision:lines=105:title=strict-agent-slash-commands | user-3:-:NeedsDecision:lines=115:title=review-done-chat-confirmation
[09:52:12] elapsed=1446s busy=true linearize:WaitingForReply:-:lines=196:title=linearize reviewed patches | review-user-1:-:-:lines=45:title=review user-agent | review-user-2:-:-:lines=45:title=review user-agent | review-user-3:-:-:lines=21:title=review user-agent | user-1:-:NeedsDecision:lines=103:title=vim-visual-mode-for-panes | user-2:-:NeedsDecision:lines=105:title=strict-agent-slash-commands | user-3:-:NeedsDecision:lines=115:title=review-done-chat-confirmation
[09:52:17] elapsed=1451s busy=true linearize:WaitingForReply:-:lines=199:title=linearize reviewed patches | review-user-1:-:-:lines=45:title=review user-agent | review-user-2:-:-:lines=45:title=review user-agent | review-user-3:-:-:lines=21:title=review user-agent | user-1:-:NeedsDecision:lines=103:title=vim-visual-mode-for-panes | user-2:-:NeedsDecision:lines=105:title=strict-agent-slash-commands | user-3:-:NeedsDecision:lines=115:title=review-done-chat-confirmation
[09:52:22] elapsed=1456s busy=true linearize:WaitingForReply:-:lines=200:title=linearize reviewed patches | review-user-1:-:-:lines=45:title=review user-agent | review-user-2:-:-:lines=45:title=review user-agent | review-user-3:-:-:lines=21:title=review user-agent | user-1:-:NeedsDecision:lines=103:title=vim-visual-mode-for-panes | user-2:-:NeedsDecision:lines=105:title=strict-agent-slash-commands | user-3:-:NeedsDecision:lines=115:title=review-done-chat-confirmation
[09:52:33] elapsed=1467s busy=true linearize:WaitingForReply:-:lines=201:title=linearize reviewed patches | review-user-1:-:-:lines=45:title=review user-agent | review-user-2:-:-:lines=45:title=review user-agent | review-user-3:-:-:lines=21:title=review user-agent | user-1:-:NeedsDecision:lines=103:title=vim-visual-mode-for-panes | user-2:-:NeedsDecision:lines=105:title=strict-agent-slash-commands | user-3:-:NeedsDecision:lines=115:title=review-done-chat-confirmation
[09:52:43] elapsed=1477s busy=true linearize:WaitingForReply:-:lines=208:title=linearize reviewed patches | review-user-1:-:-:lines=45:title=review user-agent | review-user-2:-:-:lines=45:title=review user-agent | review-user-3:-:-:lines=21:title=review user-agent | user-1:-:NeedsDecision:lines=103:title=vim-visual-mode-for-panes | user-2:-:NeedsDecision:lines=105:title=strict-agent-slash-commands | user-3:-:NeedsDecision:lines=115:title=review-done-chat-confirmation
[09:52:53] elapsed=1487s busy=true linearize:WaitingForReply:-:lines=210:title=linearize reviewed patches | review-user-1:-:-:lines=45:title=review user-agent | review-user-2:-:-:lines=45:title=review user-agent | review-user-3:-:-:lines=21:title=review user-agent | user-1:-:NeedsDecision:lines=103:title=vim-visual-mode-for-panes | user-2:-:NeedsDecision:lines=105:title=strict-agent-slash-commands | user-3:-:NeedsDecision:lines=115:title=review-done-chat-confirmation
[09:53:03] elapsed=1497s busy=true linearize:WaitingForReply:-:lines=211:title=linearize reviewed patches | review-user-1:-:-:lines=45:title=review user-agent | review-user-2:-:-:lines=45:title=review user-agent | review-user-3:-:-:lines=21:title=review user-agent | user-1:-:NeedsDecision:lines=103:title=vim-visual-mode-for-panes | user-2:-:NeedsDecision:lines=105:title=strict-agent-slash-commands | user-3:-:NeedsDecision:lines=115:title=review-done-chat-confirmation
[09:53:08] elapsed=1502s busy=true linearize:WaitingForReply:-:lines=214:title=linearize reviewed patches | review-user-1:-:-:lines=45:title=review user-agent | review-user-2:-:-:lines=45:title=review user-agent | review-user-3:-:-:lines=21:title=review user-agent | user-1:-:NeedsDecision:lines=103:title=vim-visual-mode-for-panes | user-2:-:NeedsDecision:lines=105:title=strict-agent-slash-commands | user-3:-:NeedsDecision:lines=115:title=review-done-chat-confirmation
[09:53:13] elapsed=1507s busy=true linearize:WaitingForReply:-:lines=216:title=linearize reviewed patches | review-user-1:-:-:lines=45:title=review user-agent | review-user-2:-:-:lines=45:title=review user-agent | review-user-3:-:-:lines=21:title=review user-agent | user-1:-:NeedsDecision:lines=103:title=vim-visual-mode-for-panes | user-2:-:NeedsDecision:lines=105:title=strict-agent-slash-commands | user-3:-:NeedsDecision:lines=115:title=review-done-chat-confirmation
[09:53:18] elapsed=1512s busy=true linearize:WaitingForReply:-:lines=219:title=linearize reviewed patches | review-user-1:-:-:lines=45:title=review user-agent | review-user-2:-:-:lines=45:title=review user-agent | review-user-3:-:-:lines=21:title=review user-agent | user-1:-:NeedsDecision:lines=103:title=vim-visual-mode-for-panes | user-2:-:NeedsDecision:lines=105:title=strict-agent-slash-commands | user-3:-:NeedsDecision:lines=115:title=review-done-chat-confirmation
[09:53:23] elapsed=1517s busy=true linearize:WaitingForReply:-:lines=220:title=linearize reviewed patches | review-user-1:-:-:lines=45:title=review user-agent | review-user-2:-:-:lines=45:title=review user-agent | review-user-3:-:-:lines=21:title=review user-agent | user-1:-:NeedsDecision:lines=103:title=vim-visual-mode-for-panes | user-2:-:NeedsDecision:lines=105:title=strict-agent-slash-commands | user-3:-:NeedsDecision:lines=115:title=review-done-chat-confirmation
[09:53:28] elapsed=1522s busy=true linearize:WaitingForReply:-:lines=222:title=linearize reviewed patches | review-user-1:-:-:lines=45:title=review user-agent | review-user-2:-:-:lines=45:title=review user-agent | review-user-3:-:-:lines=21:title=review user-agent | user-1:-:NeedsDecision:lines=103:title=vim-visual-mode-for-panes | user-2:-:NeedsDecision:lines=105:title=strict-agent-slash-commands | user-3:-:NeedsDecision:lines=115:title=review-done-chat-confirmation
[09:53:33] elapsed=1527s busy=true linearize:WaitingForReply:-:lines=225:title=linearize reviewed patches | review-user-1:-:-:lines=45:title=review user-agent | review-user-2:-:-:lines=45:title=review user-agent | review-user-3:-:-:lines=21:title=review user-agent | user-1:-:NeedsDecision:lines=103:title=vim-visual-mode-for-panes | user-2:-:NeedsDecision:lines=105:title=strict-agent-slash-commands | user-3:-:NeedsDecision:lines=115:title=review-done-chat-confirmation
[09:53:38] elapsed=1532s busy=true linearize:WaitingForReply:-:lines=232:title=linearize reviewed patches | review-user-1:-:-:lines=45:title=review user-agent | review-user-2:-:-:lines=45:title=review user-agent | review-user-3:-:-:lines=21:title=review user-agent | user-1:-:NeedsDecision:lines=103:title=vim-visual-mode-for-panes | user-2:-:NeedsDecision:lines=105:title=strict-agent-slash-commands | user-3:-:NeedsDecision:lines=115:title=review-done-chat-confirmation
[09:53:43] elapsed=1537s busy=true linearize:WaitingForReply:-:lines=235:title=linearize reviewed patches | review-user-1:-:-:lines=45:title=review user-agent | review-user-2:-:-:lines=45:title=review user-agent | review-user-3:-:-:lines=21:title=review user-agent | user-1:-:NeedsDecision:lines=103:title=vim-visual-mode-for-panes | user-2:-:NeedsDecision:lines=105:title=strict-agent-slash-commands | user-3:-:NeedsDecision:lines=115:title=review-done-chat-confirmation
[09:53:48] elapsed=1542s busy=true linearize:WaitingForReply:-:lines=239:title=linearize reviewed patches | review-user-1:-:-:lines=45:title=review user-agent | review-user-2:-:-:lines=45:title=review user-agent | review-user-3:-:-:lines=21:title=review user-agent | user-1:-:NeedsDecision:lines=103:title=vim-visual-mode-for-panes | user-2:-:NeedsDecision:lines=105:title=strict-agent-slash-commands | user-3:-:NeedsDecision:lines=115:title=review-done-chat-confirmation
[09:53:53] elapsed=1547s busy=true linearize:WaitingForReply:-:lines=242:title=linearize reviewed patches | review-user-1:-:-:lines=45:title=review user-agent | review-user-2:-:-:lines=45:title=review user-agent | review-user-3:-:-:lines=21:title=review user-agent | user-1:-:NeedsDecision:lines=103:title=vim-visual-mode-for-panes | user-2:-:NeedsDecision:lines=105:title=strict-agent-slash-commands | user-3:-:NeedsDecision:lines=115:title=review-done-chat-confirmation
[09:54:09] elapsed=1563s busy=true linearize:WaitingForReply:-:lines=243:title=linearize reviewed patches | review-user-1:-:-:lines=45:title=review user-agent | review-user-2:-:-:lines=45:title=review user-agent | review-user-3:-:-:lines=21:title=review user-agent | user-1:-:NeedsDecision:lines=103:title=vim-visual-mode-for-panes | user-2:-:NeedsDecision:lines=105:title=strict-agent-slash-commands | user-3:-:NeedsDecision:lines=115:title=review-done-chat-confirmation
[09:54:19] elapsed=1573s busy=true linearize:WaitingForReply:-:lines=252:title=linearize reviewed patches | review-user-1:-:-:lines=45:title=review user-agent | review-user-2:-:-:lines=45:title=review user-agent | review-user-3:-:-:lines=21:title=review user-agent | user-1:-:NeedsDecision:lines=103:title=vim-visual-mode-for-panes | user-2:-:NeedsDecision:lines=105:title=strict-agent-slash-commands | user-3:-:NeedsDecision:lines=115:title=review-done-chat-confirmation
[09:54:24] elapsed=1578s busy=true linearize:WaitingForReply:-:lines=255:title=linearize reviewed patches | review-user-1:-:-:lines=45:title=review user-agent | review-user-2:-:-:lines=45:title=review user-agent | review-user-3:-:-:lines=21:title=review user-agent | user-1:-:NeedsDecision:lines=103:title=vim-visual-mode-for-panes | user-2:-:NeedsDecision:lines=105:title=strict-agent-slash-commands | user-3:-:NeedsDecision:lines=115:title=review-done-chat-confirmation
[09:54:34] elapsed=1588s busy=true linearize:WaitingForReply:-:lines=258:title=linearize reviewed patches | review-user-1:-:-:lines=45:title=review user-agent | review-user-2:-:-:lines=45:title=review user-agent | review-user-3:-:-:lines=21:title=review user-agent | user-1:-:NeedsDecision:lines=103:title=vim-visual-mode-for-panes | user-2:-:NeedsDecision:lines=105:title=strict-agent-slash-commands | user-3:-:NeedsDecision:lines=115:title=review-done-chat-confirmation
[09:54:54] elapsed=1608s busy=true linearize:WaitingForReply:-:lines=261:title=linearize reviewed patches | review-user-1:-:-:lines=45:title=review user-agent | review-user-2:-:-:lines=45:title=review user-agent | review-user-3:-:-:lines=21:title=review user-agent | user-1:-:NeedsDecision:lines=103:title=vim-visual-mode-for-panes | user-2:-:NeedsDecision:lines=105:title=strict-agent-slash-commands | user-3:-:NeedsDecision:lines=115:title=review-done-chat-confirmation
[09:54:59] elapsed=1613s busy=true linearize:WaitingForReply:-:lines=263:title=linearize reviewed patches | review-user-1:-:-:lines=45:title=review user-agent | review-user-2:-:-:lines=45:title=review user-agent | review-user-3:-:-:lines=21:title=review user-agent | user-1:-:NeedsDecision:lines=103:title=vim-visual-mode-for-panes | user-2:-:NeedsDecision:lines=105:title=strict-agent-slash-commands | user-3:-:NeedsDecision:lines=115:title=review-done-chat-confirmation
[09:55:04] elapsed=1618s busy=true linearize:WaitingForReply:-:lines=266:title=linearize reviewed patches | review-user-1:-:-:lines=45:title=review user-agent | review-user-2:-:-:lines=45:title=review user-agent | review-user-3:-:-:lines=21:title=review user-agent | user-1:-:NeedsDecision:lines=103:title=vim-visual-mode-for-panes | user-2:-:NeedsDecision:lines=105:title=strict-agent-slash-commands | user-3:-:NeedsDecision:lines=115:title=review-done-chat-confirmation
[09:55:14] elapsed=1628s busy=true linearize:WaitingForReply:-:lines=274:title=linearize reviewed patches | review-user-1:-:-:lines=45:title=review user-agent | review-user-2:-:-:lines=45:title=review user-agent | review-user-3:-:-:lines=21:title=review user-agent | user-1:-:NeedsDecision:lines=103:title=vim-visual-mode-for-panes | user-2:-:NeedsDecision:lines=105:title=strict-agent-slash-commands | user-3:-:NeedsDecision:lines=115:title=review-done-chat-confirmation
[09:55:19] elapsed=1633s busy=true linearize:WaitingForReply:-:lines=279:title=linearize reviewed patches | review-user-1:-:-:lines=45:title=review user-agent | review-user-2:-:-:lines=45:title=review user-agent | review-user-3:-:-:lines=21:title=review user-agent | user-1:-:NeedsDecision:lines=103:title=vim-visual-mode-for-panes | user-2:-:NeedsDecision:lines=105:title=strict-agent-slash-commands | user-3:-:NeedsDecision:lines=115:title=review-done-chat-confirmation
[09:55:24] elapsed=1638s busy=true linearize:WaitingForReply:-:lines=281:title=linearize reviewed patches | review-user-1:-:-:lines=45:title=review user-agent | review-user-2:-:-:lines=45:title=review user-agent | review-user-3:-:-:lines=21:title=review user-agent | user-1:-:NeedsDecision:lines=103:title=vim-visual-mode-for-panes | user-2:-:NeedsDecision:lines=105:title=strict-agent-slash-commands | user-3:-:NeedsDecision:lines=115:title=review-done-chat-confirmation
[09:55:40] elapsed=1654s busy=true linearize:WaitingForReply:-:lines=282:title=linearize reviewed patches | review-user-1:-:-:lines=45:title=review user-agent | review-user-2:-:-:lines=45:title=review user-agent | review-user-3:-:-:lines=21:title=review user-agent | user-1:-:NeedsDecision:lines=103:title=vim-visual-mode-for-panes | user-2:-:NeedsDecision:lines=105:title=strict-agent-slash-commands | user-3:-:NeedsDecision:lines=115:title=review-done-chat-confirmation
[09:55:50] elapsed=1664s busy=true linearize:WaitingForReply:-:lines=283:title=linearize reviewed patches | review-user-1:-:-:lines=45:title=review user-agent | review-user-2:-:-:lines=45:title=review user-agent | review-user-3:-:-:lines=21:title=review user-agent | user-1:-:NeedsDecision:lines=103:title=vim-visual-mode-for-panes | user-2:-:NeedsDecision:lines=105:title=strict-agent-slash-commands | user-3:-:NeedsDecision:lines=115:title=review-done-chat-confirmation
[09:55:55] elapsed=1669s busy=true linearize:WaitingForReply:-:lines=284:title=linearize reviewed patches | review-user-1:-:-:lines=45:title=review user-agent | review-user-2:-:-:lines=45:title=review user-agent | review-user-3:-:-:lines=21:title=review user-agent | user-1:-:NeedsDecision:lines=103:title=vim-visual-mode-for-panes | user-2:-:NeedsDecision:lines=105:title=strict-agent-slash-commands | user-3:-:NeedsDecision:lines=115:title=review-done-chat-confirmation
[09:56:00] elapsed=1674s busy=true linearize:WaitingForReply:-:lines=285:title=linearize reviewed patches | review-user-1:-:-:lines=45:title=review user-agent | review-user-2:-:-:lines=45:title=review user-agent | review-user-3:-:-:lines=21:title=review user-agent | user-1:-:NeedsDecision:lines=103:title=vim-visual-mode-for-panes | user-2:-:NeedsDecision:lines=105:title=strict-agent-slash-commands | user-3:-:NeedsDecision:lines=115:title=review-done-chat-confirmation
[09:56:30] elapsed=1704s busy=true linearize:WaitingForReply:-:lines=292:title=linearize reviewed patches | review-user-1:-:-:lines=45:title=review user-agent | review-user-2:-:-:lines=45:title=review user-agent | review-user-3:-:-:lines=21:title=review user-agent | user-1:-:NeedsDecision:lines=103:title=vim-visual-mode-for-panes | user-2:-:NeedsDecision:lines=105:title=strict-agent-slash-commands | user-3:-:NeedsDecision:lines=115:title=review-done-chat-confirmation
[09:56:35] elapsed=1709s busy=true linearize:WaitingForReply:-:lines=299:title=linearize reviewed patches | review-user-1:-:-:lines=45:title=review user-agent | review-user-2:-:-:lines=45:title=review user-agent | review-user-3:-:-:lines=21:title=review user-agent | user-1:-:NeedsDecision:lines=103:title=vim-visual-mode-for-panes | user-2:-:NeedsDecision:lines=105:title=strict-agent-slash-commands | user-3:-:NeedsDecision:lines=115:title=review-done-chat-confirmation
[09:56:45] elapsed=1719s busy=true linearize:WaitingForReply:-:lines=306:title=linearize reviewed patches | review-user-1:-:-:lines=45:title=review user-agent | review-user-2:-:-:lines=45:title=review user-agent | review-user-3:-:-:lines=21:title=review user-agent | user-1:-:NeedsDecision:lines=103:title=vim-visual-mode-for-panes | user-2:-:NeedsDecision:lines=105:title=strict-agent-slash-commands | user-3:-:NeedsDecision:lines=115:title=review-done-chat-confirmation
[09:56:50] elapsed=1724s busy=true linearize:WaitingForReply:-:lines=307:title=linearize reviewed patches | review-user-1:-:-:lines=45:title=review user-agent | review-user-2:-:-:lines=45:title=review user-agent | review-user-3:-:-:lines=21:title=review user-agent | user-1:-:NeedsDecision:lines=103:title=vim-visual-mode-for-panes | user-2:-:NeedsDecision:lines=105:title=strict-agent-slash-commands | user-3:-:NeedsDecision:lines=115:title=review-done-chat-confirmation
[09:56:55] elapsed=1729s busy=true linearize:WaitingForReply:-:lines=310:title=linearize reviewed patches | review-user-1:-:-:lines=45:title=review user-agent | review-user-2:-:-:lines=45:title=review user-agent | review-user-3:-:-:lines=21:title=review user-agent | user-1:-:NeedsDecision:lines=103:title=vim-visual-mode-for-panes | user-2:-:NeedsDecision:lines=105:title=strict-agent-slash-commands | user-3:-:NeedsDecision:lines=115:title=review-done-chat-confirmation
[09:57:11] elapsed=1745s busy=true linearize:WaitingForReply:-:lines=312:title=linearize reviewed patches | review-user-1:-:-:lines=45:title=review user-agent | review-user-2:-:-:lines=45:title=review user-agent | review-user-3:-:-:lines=21:title=review user-agent | user-1:-:NeedsDecision:lines=103:title=vim-visual-mode-for-panes | user-2:-:NeedsDecision:lines=105:title=strict-agent-slash-commands | user-3:-:NeedsDecision:lines=115:title=review-done-chat-confirmation
[09:57:16] elapsed=1750s busy=true linearize:WaitingForReply:-:lines=314:title=linearize reviewed patches | review-user-1:-:-:lines=45:title=review user-agent | review-user-2:-:-:lines=45:title=review user-agent | review-user-3:-:-:lines=21:title=review user-agent | user-1:-:NeedsDecision:lines=103:title=vim-visual-mode-for-panes | user-2:-:NeedsDecision:lines=105:title=strict-agent-slash-commands | user-3:-:NeedsDecision:lines=115:title=review-done-chat-confirmation
[09:57:26] elapsed=1760s busy=true linearize:WaitingForReply:-:lines=316:title=linearize reviewed patches | review-user-1:-:-:lines=45:title=review user-agent | review-user-2:-:-:lines=45:title=review user-agent | review-user-3:-:-:lines=21:title=review user-agent | user-1:-:NeedsDecision:lines=103:title=vim-visual-mode-for-panes | user-2:-:NeedsDecision:lines=105:title=strict-agent-slash-commands | user-3:-:NeedsDecision:lines=115:title=review-done-chat-confirmation
[09:57:31] elapsed=1765s busy=true linearize:WaitingForReply:-:lines=319:title=linearize reviewed patches | review-user-1:-:-:lines=45:title=review user-agent | review-user-2:-:-:lines=45:title=review user-agent | review-user-3:-:-:lines=21:title=review user-agent | user-1:-:NeedsDecision:lines=103:title=vim-visual-mode-for-panes | user-2:-:NeedsDecision:lines=105:title=strict-agent-slash-commands | user-3:-:NeedsDecision:lines=115:title=review-done-chat-confirmation
[09:57:36] elapsed=1770s busy=true linearize:WaitingForReply:-:lines=321:title=linearize reviewed patches | review-user-1:-:-:lines=45:title=review user-agent | review-user-2:-:-:lines=45:title=review user-agent | review-user-3:-:-:lines=21:title=review user-agent | user-1:-:NeedsDecision:lines=103:title=vim-visual-mode-for-panes | user-2:-:NeedsDecision:lines=105:title=strict-agent-slash-commands | user-3:-:NeedsDecision:lines=115:title=review-done-chat-confirmation
[09:57:41] elapsed=1775s busy=true linearize:WaitingForReply:-:lines=322:title=linearize reviewed patches | review-user-1:-:-:lines=45:title=review user-agent | review-user-2:-:-:lines=45:title=review user-agent | review-user-3:-:-:lines=21:title=review user-agent | user-1:-:NeedsDecision:lines=103:title=vim-visual-mode-for-panes | user-2:-:NeedsDecision:lines=105:title=strict-agent-slash-commands | user-3:-:NeedsDecision:lines=115:title=review-done-chat-confirmation
[09:57:56] elapsed=1790s busy=true linearize:WaitingForReply:-:lines=323:title=linearize reviewed patches | review-user-1:-:-:lines=45:title=review user-agent | review-user-2:-:-:lines=45:title=review user-agent | review-user-3:-:-:lines=21:title=review user-agent | user-1:-:NeedsDecision:lines=103:title=vim-visual-mode-for-panes | user-2:-:NeedsDecision:lines=105:title=strict-agent-slash-commands | user-3:-:NeedsDecision:lines=115:title=review-done-chat-confirmation
[09:58:01] elapsed=1795s busy=true linearize:WaitingForReply:-:lines=326:title=linearize reviewed patches | review-user-1:-:-:lines=45:title=review user-agent | review-user-2:-:-:lines=45:title=review user-agent | review-user-3:-:-:lines=21:title=review user-agent | user-1:-:NeedsDecision:lines=103:title=vim-visual-mode-for-panes | user-2:-:NeedsDecision:lines=105:title=strict-agent-slash-commands | user-3:-:NeedsDecision:lines=115:title=review-done-chat-confirmation
[09:58:11] elapsed=1805s busy=true linearize:WaitingForReply:-:lines=333:title=linearize reviewed patches | review-user-1:-:-:lines=45:title=review user-agent | review-user-2:-:-:lines=45:title=review user-agent | review-user-3:-:-:lines=21:title=review user-agent | user-1:-:NeedsDecision:lines=103:title=vim-visual-mode-for-panes | user-2:-:NeedsDecision:lines=105:title=strict-agent-slash-commands | user-3:-:NeedsDecision:lines=115:title=review-done-chat-confirmation
[09:58:37] elapsed=1830s busy=false linearize:-:-:lines=334:title=linearize reviewed patches | review-user-1:-:-:lines=45:title=review user-agent | review-user-2:-:-:lines=45:title=review user-agent | review-user-3:-:-:lines=21:title=review user-agent | user-1:-:NeedsDecision:lines=103:title=vim-visual-mode-for-panes | user-2:-:NeedsDecision:lines=105:title=strict-agent-slash-commands | user-3:-:NeedsDecision:lines=115:title=review-done-chat-confirmation
[09:58:37] running final code quality checks
[09:58:50] bench report: /home/user/src/work-leaf/bench-results/parallel-baseline-9-20260623T083811+0200/remaining-6/run-9/20260623T083811+0200-remaining6-r9-three-feature-bench.md
