command: cargo test --test quality_visual quality_visual_behavior -- --exact
exit_code: 0
duration_seconds: 5.994

[stdout]

running 1 test
test quality_visual_behavior ... ok

test result: ok. 1 passed; 0 failed; 0 ignored; 0 measured; 0 filtered out; finished in 0.01s


[stderr]
   Compiling proc-macro2 v1.0.106
   Compiling quote v1.0.45
   Compiling unicode-ident v1.0.24
   Compiling cfg_aliases v0.2.1
   Compiling libc v0.2.186
   Compiling serde_core v1.0.228
   Compiling zmij v1.0.21
   Compiling memchr v2.8.1
   Compiling serde_json v1.0.150
   Compiling bitflags v2.13.0
   Compiling unicode-segmentation v1.13.3
   Compiling cfg-if v1.0.4
   Compiling serde v1.0.228
   Compiling cassowary v0.3.0
   Compiling log v0.4.32
   Compiling itoa v1.0.18
   Compiling nix v0.31.3
   Compiling unicode-width v0.1.14
   Compiling bitflags v1.3.2
   Compiling unicode-width v0.2.2
   Compiling utf8parse v0.2.2
   Compiling tui v0.19.0
   Compiling syn v2.0.117
   Compiling serde_derive v1.0.228
   Compiling rustyline v18.0.0
   Compiling work-leaf v0.1.0 (/tmp/work-leaf-fair-pilot-score-0v7h47ll/checkouts/pilot-pair-001-work-leaf)
    Finished `test` profile [unoptimized + debuginfo] target(s) in 5.96s
     Running tests/quality_visual.rs (/tmp/work-leaf-fair-pilot-score-0v7h47ll/cargo-target/debug/deps/quality_visual-7d8c033b6ad2aae9)
