[13:59:39] WORK_LEAF_BENCH_TEMP=/tmp/work-leaf-3feature-bench.0W7Lxk
[13:59:39] WORK_LEAF_BENCH_SOURCE_HEAD=7014e00d15ecb242e3848478da86f5b8dcbbf114
Cloning into '/tmp/work-leaf-3feature-bench.0W7Lxk/repo'...
done.
HEAD is now at 7014e00 v0.1.1
[13:59:40] WORK_LEAF_BENCH_BASE=3e343a14a57d5170aacc2b1d3abb5dc1123c8b4b
[13:59:40] daemon URL: http://127.0.0.1:34939
[13:59:40] web UI URL: http://127.0.0.1:43447
[13:59:40] started 3 patch agents
[13:59:40] elapsed=1s busy=true user-1:Launching:-:lines=0:title=add-vim-visual-mode-both-panes | user-2:Launching:-:lines=0:title=implement-strict-selected-agent-slash | user-3:Launching:-:lines=0:title=when-review-process-done-patch-agent
[13:59:45] elapsed=6s busy=true user-1:WaitingForReply:-:lines=2:title=add-vim-visual-mode-both-panes | user-2:Launching:-:lines=0:title=implement-strict-selected-agent-slash | user-3:Launching:-:lines=0:title=when-review-process-done-patch-agent
[13:59:50] elapsed=11s busy=true user-1:WaitingForReply:-:lines=4:title=add-vim-visual-mode-both-panes | user-2:WaitingForReply:-:lines=2:title=implement-strict-selected-agent-slash | user-3:Launching:-:lines=0:title=when-review-process-done-patch-agent
[13:59:55] elapsed=16s busy=true user-1:WaitingForReply:-:lines=4:title=add-vim-visual-mode-both-panes | user-2:WaitingForReply:-:lines=2:title=implement-strict-selected-agent-slash | user-3:WaitingForReply:-:lines=2:title=when-review-process-done-patch-agent
[14:00:00] elapsed=21s busy=true user-1:WaitingForReply:-:lines=4:title=add-vim-visual-mode-both-panes | user-2:WaitingForReply:-:lines=4:title=implement-strict-selected-agent-slash | user-3:WaitingForReply:-:lines=4:title=when-review-process-done-patch-agent
[14:00:05] elapsed=26s busy=true user-1:WaitingForReply:-:lines=7:title=add-vim-visual-mode-both-panes | user-2:WaitingForReply:-:lines=4:title=implement-strict-selected-agent-slash | user-3:WaitingForReply:-:lines=4:title=when-review-process-done-patch-agent
[14:00:10] elapsed=31s busy=true user-1:WaitingForReply:-:lines=12:title=add-vim-visual-mode-both-panes | user-2:WaitingForReply:-:lines=7:title=implement-strict-selected-agent-slash | user-3:WaitingForReply:-:lines=4:title=when-review-process-done-patch-agent
[14:00:15] elapsed=36s busy=true user-1:WaitingForReply:-:lines=12:title=add-vim-visual-mode-both-panes | user-2:WaitingForReply:-:lines=9:title=implement-strict-selected-agent-slash | user-3:WaitingForReply:-:lines=6:title=when-review-process-done-patch-agent
[14:00:20] elapsed=41s busy=true user-1:WaitingForReply:-:lines=12:title=add-vim-visual-mode-both-panes | user-2:WaitingForReply:-:lines=11:title=implement-strict-selected-agent-slash | user-3:WaitingForReply:-:lines=10:title=when-review-process-done-patch-agent
[14:00:25] elapsed=46s busy=true user-1:WaitingForReply:-:lines=21:title=add-vim-visual-mode-both-panes | user-2:WaitingForReply:-:lines=11:title=implement-strict-selected-agent-slash | user-3:WaitingForReply:-:lines=10:title=when-review-process-done-patch-agent
[14:00:30] elapsed=51s busy=true user-1:WaitingForReply:-:lines=29:title=add-vim-visual-mode-both-panes | user-2:WaitingForReply:-:lines=12:title=implement-strict-selected-agent-slash | user-3:WaitingForReply:-:lines=19:title=when-review-process-done-patch-agent
[14:00:35] elapsed=56s busy=true user-1:WaitingForReply:-:lines=29:title=add-vim-visual-mode-both-panes | user-2:WaitingForReply:-:lines=15:title=implement-strict-selected-agent-slash | user-3:WaitingForReply:-:lines=19:title=when-review-process-done-patch-agent
[14:00:41] elapsed=62s busy=true user-1:WaitingForReply:-:lines=36:title=add-vim-visual-mode-both-panes | user-2:WaitingForReply:-:lines=17:title=implement-strict-selected-agent-slash | user-3:WaitingForReply:-:lines=28:title=when-review-process-done-patch-agent
[14:00:46] elapsed=67s busy=true user-1:WaitingForReply:-:lines=36:title=add-vim-visual-mode-both-panes | user-2:WaitingForReply:-:lines=19:title=implement-strict-selected-agent-slash | user-3:WaitingForReply:-:lines=32:title=when-review-process-done-patch-agent
[14:00:51] elapsed=72s busy=true user-1:WaitingForReply:-:lines=36:title=add-vim-visual-mode-both-panes | user-2:WaitingForReply:-:lines=19:title=implement-strict-selected-agent-slash | user-3:WaitingForReply:-:lines=34:title=when-review-process-done-patch-agent
[14:00:56] elapsed=77s busy=true user-1:WaitingForReply:-:lines=36:title=add-vim-visual-mode-both-panes | user-2:WaitingForReply:-:lines=21:title=implement-strict-selected-agent-slash | user-3:WaitingForReply:-:lines=34:title=when-review-process-done-patch-agent
[14:01:01] elapsed=82s busy=true user-1:WaitingForReply:-:lines=38:title=add-vim-visual-mode-both-panes | user-2:WaitingForReply:-:lines=21:title=implement-strict-selected-agent-slash | user-3:WaitingForReply:-:lines=34:title=when-review-process-done-patch-agent
[14:01:06] elapsed=87s busy=true user-1:WaitingForReply:-:lines=39:title=add-vim-visual-mode-both-panes | user-2:WaitingForReply:-:lines=21:title=implement-strict-selected-agent-slash | user-3:WaitingForReply:-:lines=41:title=when-review-process-done-patch-agent
[14:01:11] elapsed=92s busy=true user-1:WaitingForReply:-:lines=39:title=add-vim-visual-mode-both-panes | user-2:WaitingForReply:-:lines=22:title=implement-strict-selected-agent-slash | user-3:WaitingForReply:-:lines=49:title=when-review-process-done-patch-agent
[14:01:16] elapsed=97s busy=true user-1:WaitingForReply:-:lines=39:title=add-vim-visual-mode-both-panes | user-2:WaitingForReply:-:lines=25:title=implement-strict-selected-agent-slash | user-3:WaitingForReply:-:lines=49:title=when-review-process-done-patch-agent
[14:01:26] elapsed=107s busy=true user-1:WaitingForReply:-:lines=41:title=add-vim-visual-mode-both-panes | user-2:WaitingForReply:-:lines=27:title=implement-strict-selected-agent-slash | user-3:WaitingForReply:-:lines=57:title=when-review-process-done-patch-agent
[14:01:31] elapsed=112s busy=true user-1:WaitingForReply:-:lines=42:title=add-vim-visual-mode-both-panes | user-2:WaitingForReply:-:lines=27:title=implement-strict-selected-agent-slash | user-3:WaitingForReply:-:lines=57:title=when-review-process-done-patch-agent
[14:01:36] elapsed=117s busy=true user-1:WaitingForReply:-:lines=42:title=add-vim-visual-mode-both-panes | user-2:WaitingForReply:-:lines=27:title=implement-strict-selected-agent-slash | user-3:WaitingForReply:-:lines=62:title=when-review-process-done-patch-agent
[14:01:41] elapsed=122s busy=true user-1:WaitingForReply:-:lines=42:title=add-vim-visual-mode-both-panes | user-2:WaitingForReply:-:lines=27:title=implement-strict-selected-agent-slash | user-3:WaitingForReply:-:lines=65:title=when-review-process-done-patch-agent
[14:01:46] elapsed=127s busy=true user-1:WaitingForReply:-:lines=42:title=add-vim-visual-mode-both-panes | user-2:WaitingForReply:-:lines=28:title=implement-strict-selected-agent-slash | user-3:WaitingForReply:-:lines=65:title=when-review-process-done-patch-agent
[14:01:51] elapsed=132s busy=true user-1:WaitingForReply:-:lines=42:title=add-vim-visual-mode-both-panes | user-2:WaitingForReply:-:lines=30:title=implement-strict-selected-agent-slash | user-3:WaitingForReply:-:lines=67:title=when-review-process-done-patch-agent
[14:02:06] elapsed=147s busy=true user-1:WaitingForReply:-:lines=44:title=add-vim-visual-mode-both-panes | user-2:WaitingForReply:-:lines=30:title=implement-strict-selected-agent-slash | user-3:WaitingForReply:-:lines=72:title=when-review-process-done-patch-agent
[14:02:12] elapsed=152s busy=true user-1:WaitingForReply:-:lines=46:title=add-vim-visual-mode-both-panes | user-2:WaitingForReply:-:lines=30:title=implement-strict-selected-agent-slash | user-3:WaitingForReply:-:lines=77:title=when-review-process-done-patch-agent
[14:02:22] elapsed=163s busy=true user-1:WaitingForReply:-:lines=46:title=add-vim-visual-mode-both-panes | user-2:WaitingForReply:-:lines=32:title=implement-strict-selected-agent-slash | user-3:WaitingForReply:-:lines=80:title=when-review-process-done-patch-agent
[14:02:27] elapsed=168s busy=true user-1:WaitingForReply:-:lines=48:title=add-vim-visual-mode-both-panes | user-2:WaitingForReply:-:lines=35:title=implement-strict-selected-agent-slash | user-3:WaitingForReply:-:lines=82:title=when-review-process-done-patch-agent
[14:02:32] elapsed=173s busy=true user-1:WaitingForReply:-:lines=51:title=add-vim-visual-mode-both-panes | user-2:WaitingForReply:-:lines=37:title=implement-strict-selected-agent-slash | user-3:WaitingForReply:-:lines=82:title=when-review-process-done-patch-agent
[14:02:37] elapsed=178s busy=true user-1:WaitingForReply:-:lines=53:title=add-vim-visual-mode-both-panes | user-2:WaitingForReply:-:lines=37:title=implement-strict-selected-agent-slash | user-3:WaitingForReply:-:lines=82:title=when-review-process-done-patch-agent
[14:02:42] elapsed=183s busy=true user-1:WaitingForReply:-:lines=55:title=add-vim-visual-mode-both-panes | user-2:WaitingForReply:-:lines=37:title=implement-strict-selected-agent-slash | user-3:WaitingForReply:-:lines=82:title=when-review-process-done-patch-agent
[14:02:47] elapsed=188s busy=true user-1:WaitingForReply:-:lines=55:title=add-vim-visual-mode-both-panes | user-2:WaitingForReply:-:lines=37:title=implement-strict-selected-agent-slash | user-3:-:-:lines=84:title=when-review-process-done-patch-agent
[14:02:52] elapsed=193s busy=true user-1:WaitingForReply:-:lines=57:title=add-vim-visual-mode-both-panes | user-2:WaitingForReply:-:lines=37:title=implement-strict-selected-agent-slash | user-3:-:-:lines=84:title=patch-agent-done-confirmation
[14:03:02] elapsed=203s busy=true user-1:WaitingForReply:-:lines=59:title=add-vim-visual-mode-both-panes | user-2:WaitingForReply:-:lines=37:title=implement-strict-selected-agent-slash | user-3:-:-:lines=84:title=patch-agent-done-confirmation
[14:03:07] elapsed=208s busy=true user-1:WaitingForReply:-:lines=61:title=add-vim-visual-mode-both-panes | user-2:WaitingForReply:-:lines=37:title=implement-strict-selected-agent-slash | user-3:-:-:lines=84:title=patch-agent-done-confirmation
[14:03:48] elapsed=249s busy=true user-1:WaitingForReply:-:lines=63:title=add-vim-visual-mode-both-panes | user-2:WaitingForReply:-:lines=37:title=implement-strict-selected-agent-slash | user-3:-:-:lines=84:title=patch-agent-done-confirmation
[14:04:03] elapsed=264s busy=true user-1:WaitingForReply:-:lines=63:title=add-vim-visual-mode-both-panes | user-2:WaitingForReply:-:lines=39:title=implement-strict-selected-agent-slash | user-3:-:-:lines=84:title=patch-agent-done-confirmation
[14:04:18] elapsed=279s busy=true user-1:WaitingForReply:-:lines=63:title=add-vim-visual-mode-both-panes | user-2:WaitingForReply:-:lines=48:title=implement-strict-selected-agent-slash | user-3:-:-:lines=84:title=patch-agent-done-confirmation
[14:04:23] elapsed=284s busy=true user-1:WaitingForReply:-:lines=65:title=add-vim-visual-mode-both-panes | user-2:WaitingForReply:-:lines=49:title=implement-strict-selected-agent-slash | user-3:-:-:lines=84:title=patch-agent-done-confirmation
[14:04:28] elapsed=289s busy=true user-1:WaitingForReply:-:lines=68:title=add-vim-visual-mode-both-panes | user-2:WaitingForReply:-:lines=49:title=implement-strict-selected-agent-slash | user-3:-:-:lines=84:title=patch-agent-done-confirmation
[14:04:33] elapsed=294s busy=true user-1:WaitingForReply:-:lines=70:title=add-vim-visual-mode-both-panes | user-2:WaitingForReply:-:lines=49:title=implement-strict-selected-agent-slash | user-3:-:-:lines=84:title=patch-agent-done-confirmation
[14:04:39] elapsed=300s busy=true user-1:WaitingForReply:-:lines=72:title=add-vim-visual-mode-both-panes | user-2:WaitingForReply:-:lines=49:title=implement-strict-selected-agent-slash | user-3:-:-:lines=84:title=patch-agent-done-confirmation
[14:04:59] elapsed=320s busy=true user-1:WaitingForReply:-:lines=81:title=add-vim-visual-mode-both-panes | user-2:WaitingForReply:-:lines=49:title=implement-strict-selected-agent-slash | user-3:-:-:lines=84:title=patch-agent-done-confirmation
[14:05:09] elapsed=330s busy=true user-1:WaitingForReply:-:lines=92:title=add-vim-visual-mode-both-panes | user-2:WaitingForReply:-:lines=49:title=implement-strict-selected-agent-slash | user-3:-:-:lines=84:title=patch-agent-done-confirmation
[14:05:14] elapsed=335s busy=true user-1:WaitingForReply:-:lines=94:title=add-vim-visual-mode-both-panes | user-2:WaitingForReply:-:lines=49:title=implement-strict-selected-agent-slash | user-3:-:-:lines=84:title=patch-agent-done-confirmation
[14:05:19] elapsed=340s busy=true user-1:WaitingForReply:-:lines=94:title=add-vim-visual-mode-both-panes | user-2:WaitingForReply:-:lines=51:title=implement-strict-selected-agent-slash | user-3:-:-:lines=84:title=patch-agent-done-confirmation
[14:05:24] elapsed=345s busy=true user-1:WaitingForReply:-:lines=96:title=add-vim-visual-mode-both-panes | user-2:WaitingForReply:-:lines=54:title=implement-strict-selected-agent-slash | user-3:-:-:lines=84:title=patch-agent-done-confirmation
[14:05:29] elapsed=350s busy=true user-1:WaitingForReply:-:lines=99:title=add-vim-visual-mode-both-panes | user-2:WaitingForReply:-:lines=56:title=implement-strict-selected-agent-slash | user-3:-:-:lines=84:title=patch-agent-done-confirmation
[14:05:34] elapsed=355s busy=true user-1:WaitingForReply:-:lines=101:title=add-vim-visual-mode-both-panes | user-2:WaitingForReply:-:lines=56:title=implement-strict-selected-agent-slash | user-3:-:-:lines=84:title=patch-agent-done-confirmation
[14:05:39] elapsed=360s busy=true user-1:WaitingForReply:-:lines=104:title=add-vim-visual-mode-both-panes | user-2:WaitingForReply:-:lines=58:title=implement-strict-selected-agent-slash | user-3:-:-:lines=84:title=patch-agent-done-confirmation
[14:05:54] elapsed=375s busy=true user-1:WaitingForReply:-:lines=104:title=add-vim-visual-mode-both-panes | user-2:WaitingForReply:-:lines=67:title=implement-strict-selected-agent-slash | user-3:-:-:lines=84:title=patch-agent-done-confirmation
[14:06:05] elapsed=386s busy=true user-1:WaitingForReply:-:lines=105:title=add-vim-visual-mode-both-panes | user-2:WaitingForReply:-:lines=72:title=implement-strict-selected-agent-slash | user-3:-:-:lines=84:title=patch-agent-done-confirmation
[14:06:10] elapsed=391s busy=true user-1:WaitingForReply:-:lines=109:title=add-vim-visual-mode-both-panes | user-2:WaitingForReply:-:lines=76:title=implement-strict-selected-agent-slash | user-3:-:-:lines=84:title=patch-agent-done-confirmation
[14:06:15] elapsed=396s busy=true user-1:WaitingForReply:-:lines=116:title=add-vim-visual-mode-both-panes | user-2:WaitingForReply:-:lines=77:title=implement-strict-selected-agent-slash | user-3:-:-:lines=84:title=patch-agent-done-confirmation
[14:06:20] elapsed=401s busy=true user-1:WaitingForReply:-:lines=116:title=add-vim-visual-mode-both-panes | user-2:WaitingForReply:-:lines=84:title=implement-strict-selected-agent-slash | user-3:-:-:lines=84:title=patch-agent-done-confirmation
[14:06:25] elapsed=406s busy=true review-user-2:WaitingForReply:-:lines=0:title=review user-agent | user-1:WaitingForReply:-:lines=118:title=add-vim-visual-mode-both-panes | user-2:-:-:lines=86:title=implement-strict-selected-agent-slash | user-3:-:-:lines=84:title=patch-agent-done-confirmation
[14:06:30] elapsed=411s busy=true review-user-1:WaitingForReply:-:lines=0:title=review user-agent | review-user-2:WaitingForReply:-:lines=2:title=review user-agent | user-1:-:-:lines=125:title=add-vim-visual-mode-both-panes | user-2:-:-:lines=86:title=strict-slash-command-execution | user-3:-:-:lines=84:title=patch-agent-done-confirmation
[14:06:35] elapsed=416s busy=true review-user-1:WaitingForReply:-:lines=2:title=review user-agent | review-user-2:WaitingForReply:-:lines=2:title=review user-agent | user-1:-:-:lines=125:title=vim-visual-mode-for-panes | user-2:-:-:lines=86:title=strict-slash-command-execution | user-3:-:-:lines=84:title=patch-agent-done-confirmation
[14:06:40] elapsed=421s busy=true review-user-1:WaitingForReply:-:lines=2:title=review user-agent | review-user-2:WaitingForReply:-:lines=4:title=review user-agent | user-1:-:-:lines=125:title=vim-visual-mode-for-panes | user-2:-:-:lines=86:title=strict-slash-command-execution | user-3:-:-:lines=84:title=patch-agent-done-confirmation
[14:06:45] elapsed=426s busy=true review-user-1:WaitingForReply:-:lines=4:title=review user-agent | review-user-2:WaitingForReply:-:lines=4:title=review user-agent | user-1:-:-:lines=125:title=vim-visual-mode-for-panes | user-2:-:-:lines=86:title=strict-slash-command-execution | user-3:-:-:lines=84:title=patch-agent-done-confirmation
[14:07:05] elapsed=446s busy=true review-user-1:WaitingForReply:-:lines=4:title=review user-agent | review-user-2:WaitingForReply:-:lines=6:title=review user-agent | user-1:-:-:lines=125:title=vim-visual-mode-for-panes | user-2:-:-:lines=86:title=strict-slash-command-execution | user-3:-:-:lines=84:title=patch-agent-done-confirmation
[14:07:10] elapsed=451s busy=true review-user-1:WaitingForReply:-:lines=7:title=review user-agent | review-user-2:WaitingForReply:-:lines=14:title=review user-agent | user-1:-:-:lines=125:title=vim-visual-mode-for-panes | user-2:-:-:lines=86:title=strict-slash-command-execution | user-3:-:-:lines=84:title=patch-agent-done-confirmation
[14:07:15] elapsed=456s busy=true review-user-1:WaitingForReply:-:lines=7:title=review user-agent | review-user-2:WaitingForReply:-:lines=16:title=review user-agent | user-1:-:-:lines=125:title=vim-visual-mode-for-panes | user-2:-:-:lines=86:title=strict-slash-command-execution | user-3:-:-:lines=84:title=patch-agent-done-confirmation
[14:07:20] elapsed=461s busy=true review-user-1:WaitingForReply:-:lines=16:title=review user-agent | review-user-2:WaitingForReply:-:lines=16:title=review user-agent | user-1:-:-:lines=125:title=vim-visual-mode-for-panes | user-2:-:-:lines=86:title=strict-slash-command-execution | user-3:-:-:lines=84:title=patch-agent-done-confirmation
[14:07:26] elapsed=466s busy=true review-user-1:WaitingForReply:-:lines=25:title=review user-agent | review-user-2:WaitingForReply:-:lines=16:title=review user-agent | user-1:-:-:lines=125:title=vim-visual-mode-for-panes | user-2:-:-:lines=86:title=strict-slash-command-execution | user-3:-:-:lines=84:title=patch-agent-done-confirmation
[14:07:31] elapsed=472s busy=true review-user-1:WaitingForReply:-:lines=25:title=review user-agent | review-user-2:WaitingForReply:-:lines=18:title=review user-agent | user-1:-:-:lines=125:title=vim-visual-mode-for-panes | user-2:-:-:lines=86:title=strict-slash-command-execution | user-3:-:-:lines=84:title=patch-agent-done-confirmation
[14:07:36] elapsed=477s busy=true review-user-1:WaitingForReply:-:lines=25:title=review user-agent | review-user-2:WaitingForReply:-:lines=26:title=review user-agent | user-1:-:-:lines=125:title=vim-visual-mode-for-panes | user-2:-:-:lines=86:title=strict-slash-command-execution | user-3:-:-:lines=84:title=patch-agent-done-confirmation
[14:07:41] elapsed=482s busy=true review-user-1:WaitingForReply:-:lines=25:title=review user-agent | review-user-2:WaitingForReply:-:lines=28:title=review user-agent | user-1:-:-:lines=125:title=vim-visual-mode-for-panes | user-2:-:-:lines=86:title=strict-slash-command-execution | user-3:-:-:lines=84:title=patch-agent-done-confirmation
[14:07:46] elapsed=487s busy=true review-user-1:WaitingForReply:-:lines=25:title=review user-agent | review-user-2:WaitingForReply:-:lines=30:title=review user-agent | user-1:-:-:lines=125:title=vim-visual-mode-for-panes | user-2:-:-:lines=86:title=strict-slash-command-execution | user-3:-:-:lines=84:title=patch-agent-done-confirmation
[14:07:51] elapsed=492s busy=true review-user-1:WaitingForReply:-:lines=27:title=review user-agent | review-user-2:WaitingForReply:-:lines=32:title=review user-agent | user-1:-:-:lines=125:title=vim-visual-mode-for-panes | user-2:-:-:lines=86:title=strict-slash-command-execution | user-3:-:-:lines=84:title=patch-agent-done-confirmation
[14:07:56] elapsed=497s busy=true review-user-1:WaitingForReply:-:lines=29:title=review user-agent | review-user-2:WaitingForReply:-:lines=34:title=review user-agent | user-1:-:-:lines=125:title=vim-visual-mode-for-panes | user-2:-:-:lines=86:title=strict-slash-command-execution | user-3:-:-:lines=84:title=patch-agent-done-confirmation
[14:08:01] elapsed=502s busy=true review-user-1:WaitingForReply:-:lines=32:title=review user-agent | review-user-2:WaitingForReply:-:lines=34:title=review user-agent | user-1:-:-:lines=125:title=vim-visual-mode-for-panes | user-2:-:-:lines=86:title=strict-slash-command-execution | user-3:-:-:lines=84:title=patch-agent-done-confirmation
[14:08:06] elapsed=507s busy=true review-user-1:WaitingForReply:-:lines=32:title=review user-agent | review-user-2:WaitingForReply:-:lines=38:title=review user-agent | user-1:-:-:lines=125:title=vim-visual-mode-for-panes | user-2:-:-:lines=86:title=strict-slash-command-execution | user-3:-:-:lines=84:title=patch-agent-done-confirmation
[14:08:26] elapsed=527s busy=true review-user-1:WaitingForReply:-:lines=32:title=review user-agent | review-user-2:WaitingForReply:-:lines=40:title=review user-agent | user-1:-:-:lines=125:title=vim-visual-mode-for-panes | user-2:-:-:lines=86:title=strict-slash-command-execution | user-3:-:-:lines=84:title=patch-agent-done-confirmation
[14:08:31] elapsed=532s busy=true review-user-1:WaitingForReply:-:lines=32:title=review user-agent | review-user-2:WaitingForReply:-:lines=44:title=review user-agent | user-1:-:-:lines=125:title=vim-visual-mode-for-panes | user-2:-:-:lines=86:title=strict-slash-command-execution | user-3:-:-:lines=84:title=patch-agent-done-confirmation
[14:08:51] elapsed=552s busy=true review-user-1:WaitingForReply:-:lines=34:title=review user-agent | review-user-2:WaitingForReply:-:lines=44:title=review user-agent | user-1:-:-:lines=125:title=vim-visual-mode-for-panes | user-2:-:-:lines=86:title=strict-slash-command-execution | user-3:-:-:lines=84:title=patch-agent-done-confirmation
[14:09:02] elapsed=563s busy=true review-user-1:WaitingForReply:-:lines=35:title=review user-agent | review-user-2:WaitingForReply:-:lines=44:title=review user-agent | user-1:WaitingForReply:-:lines=128:title=vim-visual-mode-for-panes | user-2:-:-:lines=86:title=strict-slash-command-execution | user-3:-:-:lines=84:title=patch-agent-done-confirmation
[14:09:07] elapsed=568s busy=true review-user-1:WaitingForReply:-:lines=35:title=review user-agent | review-user-2:WaitingForReply:-:lines=46:title=review user-agent | user-1:WaitingForReply:-:lines=128:title=vim-visual-mode-for-panes | user-2:-:-:lines=86:title=strict-slash-command-execution | user-3:-:-:lines=84:title=patch-agent-done-confirmation
[14:09:17] elapsed=578s busy=true review-user-1:WaitingForReply:-:lines=35:title=review user-agent | review-user-2:WaitingForReply:-:lines=46:title=review user-agent | user-1:WaitingForReply:-:lines=130:title=vim-visual-mode-for-panes | user-2:-:-:lines=86:title=strict-slash-command-execution | user-3:-:-:lines=84:title=patch-agent-done-confirmation
[14:09:37] elapsed=598s busy=true review-user-1:WaitingForReply:-:lines=35:title=review user-agent | review-user-2:WaitingForReply:-:lines=50:title=review user-agent | user-1:WaitingForReply:-:lines=141:title=vim-visual-mode-for-panes | user-2:-:-:lines=86:title=strict-slash-command-execution | user-3:-:-:lines=84:title=patch-agent-done-confirmation
[14:09:42] elapsed=603s busy=true review-user-1:WaitingForReply:-:lines=35:title=review user-agent | review-user-2:WaitingForReply:-:lines=52:title=review user-agent | user-1:WaitingForReply:-:lines=141:title=vim-visual-mode-for-panes | user-2:-:-:lines=86:title=strict-slash-command-execution | user-3:-:-:lines=84:title=patch-agent-done-confirmation
[14:10:07] elapsed=628s busy=true review-user-1:WaitingForReply:-:lines=35:title=review user-agent | review-user-2:WaitingForReply:-:lines=52:title=review user-agent | user-1:WaitingForReply:-:lines=144:title=vim-visual-mode-for-panes | user-2:-:-:lines=86:title=strict-slash-command-execution | user-3:-:-:lines=84:title=patch-agent-done-confirmation
[14:10:17] elapsed=638s busy=true review-user-1:WaitingForReply:-:lines=35:title=review user-agent | review-user-2:WaitingForReply:-:lines=53:title=review user-agent | user-1:WaitingForReply:-:lines=144:title=vim-visual-mode-for-panes | user-2:WaitingForReply:-:lines=89:title=strict-slash-command-execution | user-3:-:-:lines=84:title=patch-agent-done-confirmation
[14:10:22] elapsed=643s busy=true review-user-1:WaitingForReply:-:lines=35:title=review user-agent | review-user-2:WaitingForReply:-:lines=53:title=review user-agent | user-1:WaitingForReply:-:lines=146:title=vim-visual-mode-for-panes | user-2:WaitingForReply:-:lines=89:title=strict-slash-command-execution | user-3:-:-:lines=84:title=patch-agent-done-confirmation
[14:10:27] elapsed=648s busy=true review-user-1:WaitingForReply:-:lines=35:title=review user-agent | review-user-2:WaitingForReply:-:lines=53:title=review user-agent | user-1:WaitingForReply:-:lines=151:title=vim-visual-mode-for-panes | user-2:WaitingForReply:-:lines=89:title=strict-slash-command-execution | user-3:-:-:lines=84:title=patch-agent-done-confirmation
[14:10:32] elapsed=653s busy=true review-user-1:WaitingForReply:-:lines=36:title=review user-agent | review-user-2:WaitingForReply:-:lines=53:title=review user-agent | user-1:WaitingForReply:-:lines=152:title=vim-visual-mode-for-panes | user-2:WaitingForReply:-:lines=94:title=strict-slash-command-execution | user-3:-:-:lines=84:title=patch-agent-done-confirmation
[14:10:38] elapsed=659s busy=true review-user-1:WaitingForReply:-:lines=38:title=review user-agent | review-user-2:WaitingForReply:-:lines=53:title=review user-agent | user-1:WaitingForReply:-:lines=152:title=vim-visual-mode-for-panes | user-2:WaitingForReply:-:lines=94:title=strict-slash-command-execution | user-3:-:-:lines=84:title=patch-agent-done-confirmation
[14:10:48] elapsed=669s busy=true review-user-1:WaitingForReply:-:lines=38:title=review user-agent | review-user-2:WaitingForReply:-:lines=53:title=review user-agent | user-1:WaitingForReply:-:lines=152:title=vim-visual-mode-for-panes | user-2:WaitingForReply:-:lines=96:title=strict-slash-command-execution | user-3:-:-:lines=84:title=patch-agent-done-confirmation
[14:10:53] elapsed=674s busy=true review-user-1:WaitingForReply:-:lines=43:title=review user-agent | review-user-2:WaitingForReply:-:lines=53:title=review user-agent | user-1:WaitingForReply:-:lines=152:title=vim-visual-mode-for-panes | user-2:WaitingForReply:-:lines=96:title=strict-slash-command-execution | user-3:-:-:lines=84:title=patch-agent-done-confirmation
[14:11:03] elapsed=684s busy=true review-user-1:WaitingForReply:-:lines=52:title=review user-agent | review-user-2:WaitingForReply:-:lines=53:title=review user-agent | user-1:WaitingForReply:-:lines=152:title=vim-visual-mode-for-panes | user-2:WaitingForReply:-:lines=96:title=strict-slash-command-execution | user-3:-:-:lines=84:title=patch-agent-done-confirmation
[14:11:08] elapsed=689s busy=true review-user-1:WaitingForReply:-:lines=53:title=review user-agent | review-user-2:WaitingForReply:-:lines=53:title=review user-agent | user-1:WaitingForReply:-:lines=152:title=vim-visual-mode-for-panes | user-2:WaitingForReply:-:lines=101:title=strict-slash-command-execution | user-3:-:-:lines=84:title=patch-agent-done-confirmation
[14:11:13] elapsed=694s busy=true review-user-1:WaitingForReply:-:lines=53:title=review user-agent | review-user-2:WaitingForReply:-:lines=53:title=review user-agent | user-1:WaitingForReply:-:lines=152:title=vim-visual-mode-for-panes | user-2:WaitingForReply:-:lines=108:title=strict-slash-command-execution | user-3:-:-:lines=84:title=patch-agent-done-confirmation
[14:11:23] elapsed=704s busy=true review-user-1:WaitingForReply:-:lines=53:title=review user-agent | review-user-2:WaitingForReply:-:lines=53:title=review user-agent | user-1:WaitingForReply:-:lines=152:title=vim-visual-mode-for-panes | user-2:WaitingForReply:-:lines=110:title=strict-slash-command-execution | user-3:-:-:lines=84:title=patch-agent-done-confirmation
[14:11:28] elapsed=709s busy=true review-user-1:WaitingForReply:-:lines=54:title=review user-agent | review-user-2:WaitingForReply:-:lines=53:title=review user-agent | user-1:WaitingForReply:-:lines=155:title=vim-visual-mode-for-panes | user-2:WaitingForReply:-:lines=112:title=strict-slash-command-execution | user-3:-:-:lines=84:title=patch-agent-done-confirmation
[14:11:38] elapsed=719s busy=true review-user-1:WaitingForReply:-:lines=54:title=review user-agent | review-user-2:WaitingForReply:-:lines=53:title=review user-agent | user-1:WaitingForReply:-:lines=158:title=vim-visual-mode-for-panes | user-2:WaitingForReply:-:lines=115:title=strict-slash-command-execution | user-3:-:-:lines=84:title=patch-agent-done-confirmation
[14:11:43] elapsed=724s busy=true review-user-1:WaitingForReply:-:lines=54:title=review user-agent | review-user-2:WaitingForReply:-:lines=53:title=review user-agent | user-1:WaitingForReply:-:lines=160:title=vim-visual-mode-for-panes | user-2:WaitingForReply:-:lines=118:title=strict-slash-command-execution | user-3:-:-:lines=84:title=patch-agent-done-confirmation
[14:11:48] elapsed=729s busy=true review-user-1:WaitingForReply:-:lines=55:title=review user-agent | review-user-2:WaitingForReply:-:lines=53:title=review user-agent | user-1:WaitingForReply:-:lines=161:title=vim-visual-mode-for-panes | user-2:WaitingForReply:-:lines=118:title=strict-slash-command-execution | user-3:-:-:lines=84:title=patch-agent-done-confirmation
[14:12:03] elapsed=744s busy=true review-user-1:WaitingForReply:-:lines=55:title=review user-agent | review-user-2:WaitingForReply:-:lines=53:title=review user-agent | user-1:WaitingForReply:-:lines=161:title=vim-visual-mode-for-panes | user-2:WaitingForReply:-:lines=123:title=strict-slash-command-execution | user-3:-:-:lines=84:title=patch-agent-done-confirmation
[14:12:09] elapsed=750s busy=true review-user-1:-:-:lines=57:title=review user-agent | review-user-2:WaitingForReply:-:lines=53:title=review user-agent | user-1:-:NeedsDecision:lines=163:title=vim-visual-mode-for-panes | user-2:WaitingForReply:-:lines=123:title=strict-slash-command-execution | user-3:-:-:lines=84:title=patch-agent-done-confirmation
[14:12:19] elapsed=760s busy=true review-user-1:-:-:lines=57:title=review user-agent | review-user-2:WaitingForReply:-:lines=53:title=review user-agent | user-1:-:NeedsDecision:lines=163:title=vim-visual-mode-for-panes | user-2:WaitingForReply:-:lines=126:title=strict-slash-command-execution | user-3:-:-:lines=84:title=patch-agent-done-confirmation
[14:12:39] elapsed=780s busy=true review-user-1:-:-:lines=57:title=review user-agent | review-user-2:WaitingForReply:-:lines=53:title=review user-agent | user-1:-:NeedsDecision:lines=163:title=vim-visual-mode-for-panes | user-2:WaitingForReply:-:lines=127:title=strict-slash-command-execution | user-3:-:-:lines=84:title=patch-agent-done-confirmation
[14:13:09] elapsed=810s busy=true review-user-1:-:-:lines=57:title=review user-agent | review-user-2:WaitingForReply:-:lines=53:title=review user-agent | user-1:-:NeedsDecision:lines=163:title=vim-visual-mode-for-panes | user-2:WaitingForReply:-:lines=130:title=strict-slash-command-execution | user-3:-:-:lines=84:title=patch-agent-done-confirmation
[14:13:34] elapsed=835s busy=true review-user-1:-:-:lines=57:title=review user-agent | review-user-2:WaitingForReply:-:lines=53:title=review user-agent | user-1:-:NeedsDecision:lines=163:title=vim-visual-mode-for-panes | user-2:WaitingForReply:-:lines=132:title=strict-slash-command-execution | user-3:-:-:lines=84:title=patch-agent-done-confirmation
[14:14:45] elapsed=906s busy=true review-user-1:-:-:lines=57:title=review user-agent | review-user-2:WaitingForReply:-:lines=53:title=review user-agent | user-1:-:NeedsDecision:lines=163:title=vim-visual-mode-for-panes | user-2:WaitingForReply:-:lines=137:title=strict-slash-command-execution | user-3:-:-:lines=84:title=patch-agent-done-confirmation
[14:15:05] elapsed=926s busy=true review-user-1:-:-:lines=57:title=review user-agent | review-user-2:WaitingForReply:-:lines=53:title=review user-agent | user-1:-:NeedsDecision:lines=163:title=vim-visual-mode-for-panes | user-2:WaitingForReply:-:lines=138:title=strict-slash-command-execution | user-3:-:-:lines=84:title=patch-agent-done-confirmation
[14:15:31] elapsed=952s busy=true review-user-1:-:-:lines=57:title=review user-agent | review-user-2:WaitingForReply:-:lines=53:title=review user-agent | user-1:-:NeedsDecision:lines=163:title=vim-visual-mode-for-panes | user-2:WaitingForReply:-:lines=140:title=strict-slash-command-execution | user-3:-:-:lines=84:title=patch-agent-done-confirmation
[14:16:41] elapsed=1022s busy=true review-user-1:-:-:lines=57:title=review user-agent | review-user-2:WaitingForReply:-:lines=53:title=review user-agent | user-1:-:NeedsDecision:lines=163:title=vim-visual-mode-for-panes | user-2:WaitingForReply:-:lines=143:title=strict-slash-command-execution | user-3:-:-:lines=84:title=patch-agent-done-confirmation
[14:16:52] elapsed=1033s busy=true review-user-1:-:-:lines=57:title=review user-agent | review-user-2:WaitingForReply:-:lines=53:title=review user-agent | user-1:-:NeedsDecision:lines=163:title=vim-visual-mode-for-panes | user-2:WaitingForReply:-:lines=145:title=strict-slash-command-execution | user-3:-:-:lines=84:title=patch-agent-done-confirmation
[14:17:07] elapsed=1048s busy=true review-user-1:-:-:lines=57:title=review user-agent | review-user-2:WaitingForReply:-:lines=54:title=review user-agent | user-1:-:NeedsDecision:lines=163:title=vim-visual-mode-for-panes | user-2:WaitingForReply:-:lines=146:title=strict-slash-command-execution | user-3:-:-:lines=84:title=patch-agent-done-confirmation
[14:17:17] elapsed=1058s busy=false review-user-1:-:-:lines=57:title=review user-agent | review-user-2:-:-:lines=56:title=review user-agent | user-1:-:NeedsDecision:lines=163:title=vim-visual-mode-for-panes | user-2:-:NeedsDecision:lines=148:title=strict-slash-command-execution | user-3:-:-:lines=84:title=patch-agent-done-confirmation
[14:17:17] all patch agents done and 2 patch-agent commit(s) reviewed; launching force-linearize
[14:17:22] elapsed=1063s busy=true linearize:Launching:-:lines=0:title=linearize reviewed patches | review-user-1:-:-:lines=58:title=review user-agent | review-user-2:-:-:lines=57:title=review user-agent | user-1:-:NeedsDecision:lines=164:title=vim-visual-mode-for-panes | user-2:-:NeedsDecision:lines=149:title=strict-slash-command-execution | user-3:-:-:lines=85:title=patch-agent-done-confirmation
[14:17:27] elapsed=1068s busy=true linearize:WaitingForReply:-:lines=2:title=linearize reviewed patches | review-user-1:-:-:lines=58:title=review user-agent | review-user-2:-:-:lines=57:title=review user-agent | user-1:-:NeedsDecision:lines=164:title=vim-visual-mode-for-panes | user-2:-:NeedsDecision:lines=149:title=strict-slash-command-execution | user-3:-:-:lines=85:title=patch-agent-done-confirmation
[14:17:42] elapsed=1083s busy=true linearize:WaitingForReply:-:lines=11:title=linearize reviewed patches | review-user-1:-:-:lines=58:title=review user-agent | review-user-2:-:-:lines=57:title=review user-agent | user-1:-:NeedsDecision:lines=164:title=vim-visual-mode-for-panes | user-2:-:NeedsDecision:lines=149:title=strict-slash-command-execution | user-3:-:-:lines=85:title=patch-agent-done-confirmation
[14:18:02] elapsed=1103s busy=true linearize:WaitingForReply:-:lines=20:title=linearize reviewed patches | review-user-1:-:-:lines=58:title=review user-agent | review-user-2:-:-:lines=57:title=review user-agent | user-1:-:NeedsDecision:lines=164:title=vim-visual-mode-for-panes | user-2:-:NeedsDecision:lines=149:title=strict-slash-command-execution | user-3:-:-:lines=85:title=patch-agent-done-confirmation
[14:18:13] elapsed=1114s busy=true linearize:WaitingForReply:-:lines=27:title=linearize reviewed patches | review-user-1:-:-:lines=58:title=review user-agent | review-user-2:-:-:lines=57:title=review user-agent | user-1:-:NeedsDecision:lines=164:title=vim-visual-mode-for-panes | user-2:-:NeedsDecision:lines=149:title=strict-slash-command-execution | user-3:-:-:lines=85:title=patch-agent-done-confirmation
[14:18:28] elapsed=1129s busy=true linearize:WaitingForReply:-:lines=36:title=linearize reviewed patches | review-user-1:-:-:lines=58:title=review user-agent | review-user-2:-:-:lines=57:title=review user-agent | user-1:-:NeedsDecision:lines=164:title=vim-visual-mode-for-panes | user-2:-:NeedsDecision:lines=149:title=strict-slash-command-execution | user-3:-:-:lines=85:title=patch-agent-done-confirmation
[14:18:38] elapsed=1139s busy=true linearize:WaitingForReply:-:lines=43:title=linearize reviewed patches | review-user-1:-:-:lines=58:title=review user-agent | review-user-2:-:-:lines=57:title=review user-agent | user-1:-:NeedsDecision:lines=164:title=vim-visual-mode-for-panes | user-2:-:NeedsDecision:lines=149:title=strict-slash-command-execution | user-3:-:-:lines=85:title=patch-agent-done-confirmation
[14:18:53] elapsed=1154s busy=true linearize:WaitingForReply:-:lines=50:title=linearize reviewed patches | review-user-1:-:-:lines=58:title=review user-agent | review-user-2:-:-:lines=57:title=review user-agent | user-1:-:NeedsDecision:lines=164:title=vim-visual-mode-for-panes | user-2:-:NeedsDecision:lines=149:title=strict-slash-command-execution | user-3:-:-:lines=85:title=patch-agent-done-confirmation
[14:19:08] elapsed=1169s busy=true linearize:WaitingForReply:-:lines=63:title=linearize reviewed patches | review-user-1:-:-:lines=58:title=review user-agent | review-user-2:-:-:lines=57:title=review user-agent | user-1:-:NeedsDecision:lines=164:title=vim-visual-mode-for-panes | user-2:-:NeedsDecision:lines=149:title=strict-slash-command-execution | user-3:-:-:lines=85:title=patch-agent-done-confirmation
[14:19:18] elapsed=1179s busy=true linearize:WaitingForReply:-:lines=73:title=linearize reviewed patches | review-user-1:-:-:lines=58:title=review user-agent | review-user-2:-:-:lines=57:title=review user-agent | user-1:-:NeedsDecision:lines=164:title=vim-visual-mode-for-panes | user-2:-:NeedsDecision:lines=149:title=strict-slash-command-execution | user-3:-:-:lines=85:title=patch-agent-done-confirmation
[14:19:54] elapsed=1215s busy=false linearize:-:-:lines=74:title=linearize reviewed patches | review-user-1:-:-:lines=58:title=review user-agent | review-user-2:-:-:lines=57:title=review user-agent | user-1:-:NeedsDecision:lines=164:title=vim-visual-mode-for-panes | user-2:-:NeedsDecision:lines=149:title=strict-slash-command-execution | user-3:-:-:lines=85:title=patch-agent-done-confirmation
[14:19:54] linearizer ready; accepting plan
[14:19:59] elapsed=1220s busy=true linearize:WaitingForReply:-:lines=76:title=linearize reviewed patches | review-user-1:-:-:lines=58:title=review user-agent | review-user-2:-:-:lines=57:title=review user-agent | user-1:-:NeedsDecision:lines=164:title=vim-visual-mode-for-panes | user-2:-:NeedsDecision:lines=149:title=strict-slash-command-execution | user-3:-:-:lines=85:title=patch-agent-done-confirmation
[14:20:09] elapsed=1230s busy=true linearize:WaitingForReply:-:lines=79:title=linearize reviewed patches | review-user-1:-:-:lines=58:title=review user-agent | review-user-2:-:-:lines=57:title=review user-agent | user-1:-:NeedsDecision:lines=164:title=vim-visual-mode-for-panes | user-2:-:NeedsDecision:lines=149:title=strict-slash-command-execution | user-3:-:-:lines=85:title=patch-agent-done-confirmation
[14:20:14] elapsed=1235s busy=true linearize:WaitingForReply:-:lines=82:title=linearize reviewed patches | review-user-1:-:-:lines=58:title=review user-agent | review-user-2:-:-:lines=57:title=review user-agent | user-1:-:NeedsDecision:lines=164:title=vim-visual-mode-for-panes | user-2:-:NeedsDecision:lines=149:title=strict-slash-command-execution | user-3:-:-:lines=85:title=patch-agent-done-confirmation
[14:20:34] elapsed=1255s busy=true linearize:WaitingForReply:-:lines=83:title=linearize reviewed patches | review-user-1:-:-:lines=58:title=review user-agent | review-user-2:-:-:lines=57:title=review user-agent | user-1:-:NeedsDecision:lines=164:title=vim-visual-mode-for-panes | user-2:-:NeedsDecision:lines=149:title=strict-slash-command-execution | user-3:-:-:lines=85:title=patch-agent-done-confirmation
[14:20:44] elapsed=1265s busy=true linearize:WaitingForReply:-:lines=85:title=linearize reviewed patches | review-user-1:-:-:lines=58:title=review user-agent | review-user-2:-:-:lines=57:title=review user-agent | user-1:-:NeedsDecision:lines=164:title=vim-visual-mode-for-panes | user-2:-:NeedsDecision:lines=149:title=strict-slash-command-execution | user-3:-:-:lines=85:title=patch-agent-done-confirmation
[14:20:49] elapsed=1270s busy=true linearize:WaitingForReply:-:lines=88:title=linearize reviewed patches | review-user-1:-:-:lines=58:title=review user-agent | review-user-2:-:-:lines=57:title=review user-agent | user-1:-:NeedsDecision:lines=164:title=vim-visual-mode-for-panes | user-2:-:NeedsDecision:lines=149:title=strict-slash-command-execution | user-3:-:-:lines=85:title=patch-agent-done-confirmation
[14:21:00] elapsed=1280s busy=true linearize:WaitingForReply:-:lines=96:title=linearize reviewed patches | review-user-1:-:-:lines=58:title=review user-agent | review-user-2:-:-:lines=57:title=review user-agent | user-1:-:NeedsDecision:lines=164:title=vim-visual-mode-for-panes | user-2:-:NeedsDecision:lines=149:title=strict-slash-command-execution | user-3:-:-:lines=85:title=patch-agent-done-confirmation
[14:21:05] elapsed=1286s busy=true linearize:WaitingForReply:-:lines=98:title=linearize reviewed patches | review-user-1:-:-:lines=58:title=review user-agent | review-user-2:-:-:lines=57:title=review user-agent | user-1:-:NeedsDecision:lines=164:title=vim-visual-mode-for-panes | user-2:-:NeedsDecision:lines=149:title=strict-slash-command-execution | user-3:-:-:lines=85:title=patch-agent-done-confirmation
[14:21:10] elapsed=1291s busy=true linearize:WaitingForReply:-:lines=101:title=linearize reviewed patches | review-user-1:-:-:lines=58:title=review user-agent | review-user-2:-:-:lines=57:title=review user-agent | user-1:-:NeedsDecision:lines=164:title=vim-visual-mode-for-panes | user-2:-:NeedsDecision:lines=149:title=strict-slash-command-execution | user-3:-:-:lines=85:title=patch-agent-done-confirmation
[14:21:15] elapsed=1296s busy=true linearize:WaitingForReply:-:lines=104:title=linearize reviewed patches | review-user-1:-:-:lines=58:title=review user-agent | review-user-2:-:-:lines=57:title=review user-agent | user-1:-:NeedsDecision:lines=164:title=vim-visual-mode-for-panes | user-2:-:NeedsDecision:lines=149:title=strict-slash-command-execution | user-3:-:-:lines=85:title=patch-agent-done-confirmation
[14:21:20] elapsed=1301s busy=true linearize:WaitingForReply:-:lines=105:title=linearize reviewed patches | review-user-1:-:-:lines=58:title=review user-agent | review-user-2:-:-:lines=57:title=review user-agent | user-1:-:NeedsDecision:lines=164:title=vim-visual-mode-for-panes | user-2:-:NeedsDecision:lines=149:title=strict-slash-command-execution | user-3:-:-:lines=85:title=patch-agent-done-confirmation
[14:21:25] elapsed=1306s busy=true linearize:WaitingForReply:-:lines=107:title=linearize reviewed patches | review-user-1:-:-:lines=58:title=review user-agent | review-user-2:-:-:lines=57:title=review user-agent | user-1:-:NeedsDecision:lines=164:title=vim-visual-mode-for-panes | user-2:-:NeedsDecision:lines=149:title=strict-slash-command-execution | user-3:-:-:lines=85:title=patch-agent-done-confirmation
[14:21:30] elapsed=1311s busy=true linearize:WaitingForReply:-:lines=114:title=linearize reviewed patches | review-user-1:-:-:lines=58:title=review user-agent | review-user-2:-:-:lines=57:title=review user-agent | user-1:-:NeedsDecision:lines=164:title=vim-visual-mode-for-panes | user-2:-:NeedsDecision:lines=149:title=strict-slash-command-execution | user-3:-:-:lines=85:title=patch-agent-done-confirmation
[14:21:35] elapsed=1316s busy=true linearize:WaitingForReply:-:lines=117:title=linearize reviewed patches | review-user-1:-:-:lines=58:title=review user-agent | review-user-2:-:-:lines=57:title=review user-agent | user-1:-:NeedsDecision:lines=164:title=vim-visual-mode-for-panes | user-2:-:NeedsDecision:lines=149:title=strict-slash-command-execution | user-3:-:-:lines=85:title=patch-agent-done-confirmation
[14:21:45] elapsed=1326s busy=true linearize:WaitingForReply:-:lines=121:title=linearize reviewed patches | review-user-1:-:-:lines=58:title=review user-agent | review-user-2:-:-:lines=57:title=review user-agent | user-1:-:NeedsDecision:lines=164:title=vim-visual-mode-for-panes | user-2:-:NeedsDecision:lines=149:title=strict-slash-command-execution | user-3:-:-:lines=85:title=patch-agent-done-confirmation
[14:21:50] elapsed=1331s busy=true linearize:WaitingForReply:-:lines=122:title=linearize reviewed patches | review-user-1:-:-:lines=58:title=review user-agent | review-user-2:-:-:lines=57:title=review user-agent | user-1:-:NeedsDecision:lines=164:title=vim-visual-mode-for-panes | user-2:-:NeedsDecision:lines=149:title=strict-slash-command-execution | user-3:-:-:lines=85:title=patch-agent-done-confirmation
[14:21:55] elapsed=1336s busy=true linearize:WaitingForReply:-:lines=125:title=linearize reviewed patches | review-user-1:-:-:lines=58:title=review user-agent | review-user-2:-:-:lines=57:title=review user-agent | user-1:-:NeedsDecision:lines=164:title=vim-visual-mode-for-panes | user-2:-:NeedsDecision:lines=149:title=strict-slash-command-execution | user-3:-:-:lines=85:title=patch-agent-done-confirmation
[14:22:00] elapsed=1341s busy=true linearize:WaitingForReply:-:lines=126:title=linearize reviewed patches | review-user-1:-:-:lines=58:title=review user-agent | review-user-2:-:-:lines=57:title=review user-agent | user-1:-:NeedsDecision:lines=164:title=vim-visual-mode-for-panes | user-2:-:NeedsDecision:lines=149:title=strict-slash-command-execution | user-3:-:-:lines=85:title=patch-agent-done-confirmation
[14:22:05] elapsed=1346s busy=true linearize:WaitingForReply:-:lines=133:title=linearize reviewed patches | review-user-1:-:-:lines=58:title=review user-agent | review-user-2:-:-:lines=57:title=review user-agent | user-1:-:NeedsDecision:lines=164:title=vim-visual-mode-for-panes | user-2:-:NeedsDecision:lines=149:title=strict-slash-command-execution | user-3:-:-:lines=85:title=patch-agent-done-confirmation
[14:22:11] elapsed=1352s busy=true linearize:WaitingForReply:-:lines=134:title=linearize reviewed patches | review-user-1:-:-:lines=58:title=review user-agent | review-user-2:-:-:lines=57:title=review user-agent | user-1:-:NeedsDecision:lines=164:title=vim-visual-mode-for-panes | user-2:-:NeedsDecision:lines=149:title=strict-slash-command-execution | user-3:-:-:lines=85:title=patch-agent-done-confirmation
[14:22:16] elapsed=1357s busy=true linearize:WaitingForReply:-:lines=138:title=linearize reviewed patches | review-user-1:-:-:lines=58:title=review user-agent | review-user-2:-:-:lines=57:title=review user-agent | user-1:-:NeedsDecision:lines=164:title=vim-visual-mode-for-panes | user-2:-:NeedsDecision:lines=149:title=strict-slash-command-execution | user-3:-:-:lines=85:title=patch-agent-done-confirmation
[14:22:26] elapsed=1367s busy=true linearize:WaitingForReply:-:lines=142:title=linearize reviewed patches | review-user-1:-:-:lines=58:title=review user-agent | review-user-2:-:-:lines=57:title=review user-agent | user-1:-:NeedsDecision:lines=164:title=vim-visual-mode-for-panes | user-2:-:NeedsDecision:lines=149:title=strict-slash-command-execution | user-3:-:-:lines=85:title=patch-agent-done-confirmation
[14:22:31] elapsed=1372s busy=true linearize:WaitingForReply:-:lines=145:title=linearize reviewed patches | review-user-1:-:-:lines=58:title=review user-agent | review-user-2:-:-:lines=57:title=review user-agent | user-1:-:NeedsDecision:lines=164:title=vim-visual-mode-for-panes | user-2:-:NeedsDecision:lines=149:title=strict-slash-command-execution | user-3:-:-:lines=85:title=patch-agent-done-confirmation
[14:22:36] elapsed=1377s busy=true linearize:WaitingForReply:-:lines=150:title=linearize reviewed patches | review-user-1:-:-:lines=58:title=review user-agent | review-user-2:-:-:lines=57:title=review user-agent | user-1:-:NeedsDecision:lines=164:title=vim-visual-mode-for-panes | user-2:-:NeedsDecision:lines=149:title=strict-slash-command-execution | user-3:-:-:lines=85:title=patch-agent-done-confirmation
[14:22:41] elapsed=1382s busy=true linearize:WaitingForReply:-:lines=153:title=linearize reviewed patches | review-user-1:-:-:lines=58:title=review user-agent | review-user-2:-:-:lines=57:title=review user-agent | user-1:-:NeedsDecision:lines=164:title=vim-visual-mode-for-panes | user-2:-:NeedsDecision:lines=149:title=strict-slash-command-execution | user-3:-:-:lines=85:title=patch-agent-done-confirmation
[14:22:46] elapsed=1387s busy=true linearize:WaitingForReply:-:lines=155:title=linearize reviewed patches | review-user-1:-:-:lines=58:title=review user-agent | review-user-2:-:-:lines=57:title=review user-agent | user-1:-:NeedsDecision:lines=164:title=vim-visual-mode-for-panes | user-2:-:NeedsDecision:lines=149:title=strict-slash-command-execution | user-3:-:-:lines=85:title=patch-agent-done-confirmation
[14:22:51] elapsed=1392s busy=true linearize:WaitingForReply:-:lines=156:title=linearize reviewed patches | review-user-1:-:-:lines=58:title=review user-agent | review-user-2:-:-:lines=57:title=review user-agent | user-1:-:NeedsDecision:lines=164:title=vim-visual-mode-for-panes | user-2:-:NeedsDecision:lines=149:title=strict-slash-command-execution | user-3:-:-:lines=85:title=patch-agent-done-confirmation
[14:22:56] elapsed=1397s busy=true linearize:WaitingForReply:-:lines=163:title=linearize reviewed patches | review-user-1:-:-:lines=58:title=review user-agent | review-user-2:-:-:lines=57:title=review user-agent | user-1:-:NeedsDecision:lines=164:title=vim-visual-mode-for-panes | user-2:-:NeedsDecision:lines=149:title=strict-slash-command-execution | user-3:-:-:lines=85:title=patch-agent-done-confirmation
[14:23:01] elapsed=1402s busy=true linearize:WaitingForReply:-:lines=166:title=linearize reviewed patches | review-user-1:-:-:lines=58:title=review user-agent | review-user-2:-:-:lines=57:title=review user-agent | user-1:-:NeedsDecision:lines=164:title=vim-visual-mode-for-panes | user-2:-:NeedsDecision:lines=149:title=strict-slash-command-execution | user-3:-:-:lines=85:title=patch-agent-done-confirmation
[14:23:06] elapsed=1407s busy=true linearize:WaitingForReply:-:lines=168:title=linearize reviewed patches | review-user-1:-:-:lines=58:title=review user-agent | review-user-2:-:-:lines=57:title=review user-agent | user-1:-:NeedsDecision:lines=164:title=vim-visual-mode-for-panes | user-2:-:NeedsDecision:lines=149:title=strict-slash-command-execution | user-3:-:-:lines=85:title=patch-agent-done-confirmation
[14:23:21] elapsed=1422s busy=true linearize:WaitingForReply:-:lines=169:title=linearize reviewed patches | review-user-1:-:-:lines=58:title=review user-agent | review-user-2:-:-:lines=57:title=review user-agent | user-1:-:NeedsDecision:lines=164:title=vim-visual-mode-for-panes | user-2:-:NeedsDecision:lines=149:title=strict-slash-command-execution | user-3:-:-:lines=85:title=patch-agent-done-confirmation
[14:23:37] elapsed=1438s busy=true linearize:WaitingForReply:-:lines=172:title=linearize reviewed patches | review-user-1:-:-:lines=58:title=review user-agent | review-user-2:-:-:lines=57:title=review user-agent | user-1:-:NeedsDecision:lines=164:title=vim-visual-mode-for-panes | user-2:-:NeedsDecision:lines=149:title=strict-slash-command-execution | user-3:-:-:lines=85:title=patch-agent-done-confirmation
[14:23:42] elapsed=1443s busy=true linearize:WaitingForReply:-:lines=174:title=linearize reviewed patches | review-user-1:-:-:lines=58:title=review user-agent | review-user-2:-:-:lines=57:title=review user-agent | user-1:-:NeedsDecision:lines=164:title=vim-visual-mode-for-panes | user-2:-:NeedsDecision:lines=149:title=strict-slash-command-execution | user-3:-:-:lines=85:title=patch-agent-done-confirmation
[14:23:47] elapsed=1448s busy=true linearize:WaitingForReply:-:lines=177:title=linearize reviewed patches | review-user-1:-:-:lines=58:title=review user-agent | review-user-2:-:-:lines=57:title=review user-agent | user-1:-:NeedsDecision:lines=164:title=vim-visual-mode-for-panes | user-2:-:NeedsDecision:lines=149:title=strict-slash-command-execution | user-3:-:-:lines=85:title=patch-agent-done-confirmation
[14:23:52] elapsed=1453s busy=true linearize:WaitingForReply:-:lines=180:title=linearize reviewed patches | review-user-1:-:-:lines=58:title=review user-agent | review-user-2:-:-:lines=57:title=review user-agent | user-1:-:NeedsDecision:lines=164:title=vim-visual-mode-for-panes | user-2:-:NeedsDecision:lines=149:title=strict-slash-command-execution | user-3:-:-:lines=85:title=patch-agent-done-confirmation
[14:23:57] elapsed=1458s busy=true linearize:WaitingForReply:-:lines=183:title=linearize reviewed patches | review-user-1:-:-:lines=58:title=review user-agent | review-user-2:-:-:lines=57:title=review user-agent | user-1:-:NeedsDecision:lines=164:title=vim-visual-mode-for-panes | user-2:-:NeedsDecision:lines=149:title=strict-slash-command-execution | user-3:-:-:lines=85:title=patch-agent-done-confirmation
[14:24:02] elapsed=1463s busy=true linearize:WaitingForReply:-:lines=187:title=linearize reviewed patches | review-user-1:-:-:lines=58:title=review user-agent | review-user-2:-:-:lines=57:title=review user-agent | user-1:-:NeedsDecision:lines=164:title=vim-visual-mode-for-panes | user-2:-:NeedsDecision:lines=149:title=strict-slash-command-execution | user-3:-:-:lines=85:title=patch-agent-done-confirmation
[14:24:07] elapsed=1468s busy=true linearize:WaitingForReply:-:lines=191:title=linearize reviewed patches | review-user-1:-:-:lines=58:title=review user-agent | review-user-2:-:-:lines=57:title=review user-agent | user-1:-:NeedsDecision:lines=164:title=vim-visual-mode-for-panes | user-2:-:NeedsDecision:lines=149:title=strict-slash-command-execution | user-3:-:-:lines=85:title=patch-agent-done-confirmation
[14:24:22] elapsed=1483s busy=true linearize:WaitingForReply:-:lines=192:title=linearize reviewed patches | review-user-1:-:-:lines=58:title=review user-agent | review-user-2:-:-:lines=57:title=review user-agent | user-1:-:NeedsDecision:lines=164:title=vim-visual-mode-for-panes | user-2:-:NeedsDecision:lines=149:title=strict-slash-command-execution | user-3:-:-:lines=85:title=patch-agent-done-confirmation
[14:24:37] elapsed=1498s busy=true linearize:WaitingForReply:-:lines=195:title=linearize reviewed patches | review-user-1:-:-:lines=58:title=review user-agent | review-user-2:-:-:lines=57:title=review user-agent | user-1:-:NeedsDecision:lines=164:title=vim-visual-mode-for-panes | user-2:-:NeedsDecision:lines=149:title=strict-slash-command-execution | user-3:-:-:lines=85:title=patch-agent-done-confirmation
[14:24:42] elapsed=1503s busy=true linearize:WaitingForReply:-:lines=199:title=linearize reviewed patches | review-user-1:-:-:lines=58:title=review user-agent | review-user-2:-:-:lines=57:title=review user-agent | user-1:-:NeedsDecision:lines=164:title=vim-visual-mode-for-panes | user-2:-:NeedsDecision:lines=149:title=strict-slash-command-execution | user-3:-:-:lines=85:title=patch-agent-done-confirmation
[14:24:48] elapsed=1509s busy=true linearize:WaitingForReply:-:lines=202:title=linearize reviewed patches | review-user-1:-:-:lines=58:title=review user-agent | review-user-2:-:-:lines=57:title=review user-agent | user-1:-:NeedsDecision:lines=164:title=vim-visual-mode-for-panes | user-2:-:NeedsDecision:lines=149:title=strict-slash-command-execution | user-3:-:-:lines=85:title=patch-agent-done-confirmation
[14:24:53] elapsed=1514s busy=true linearize:WaitingForReply:-:lines=204:title=linearize reviewed patches | review-user-1:-:-:lines=58:title=review user-agent | review-user-2:-:-:lines=57:title=review user-agent | user-1:-:NeedsDecision:lines=164:title=vim-visual-mode-for-panes | user-2:-:NeedsDecision:lines=149:title=strict-slash-command-execution | user-3:-:-:lines=85:title=patch-agent-done-confirmation
[14:24:58] elapsed=1519s busy=true linearize:WaitingForReply:-:lines=207:title=linearize reviewed patches | review-user-1:-:-:lines=58:title=review user-agent | review-user-2:-:-:lines=57:title=review user-agent | user-1:-:NeedsDecision:lines=164:title=vim-visual-mode-for-panes | user-2:-:NeedsDecision:lines=149:title=strict-slash-command-execution | user-3:-:-:lines=85:title=patch-agent-done-confirmation
[14:25:03] elapsed=1524s busy=true linearize:WaitingForReply:-:lines=209:title=linearize reviewed patches | review-user-1:-:-:lines=58:title=review user-agent | review-user-2:-:-:lines=57:title=review user-agent | user-1:-:NeedsDecision:lines=164:title=vim-visual-mode-for-panes | user-2:-:NeedsDecision:lines=149:title=strict-slash-command-execution | user-3:-:-:lines=85:title=patch-agent-done-confirmation
[14:25:08] elapsed=1529s busy=true linearize:WaitingForReply:-:lines=216:title=linearize reviewed patches | review-user-1:-:-:lines=58:title=review user-agent | review-user-2:-:-:lines=57:title=review user-agent | user-1:-:NeedsDecision:lines=164:title=vim-visual-mode-for-panes | user-2:-:NeedsDecision:lines=149:title=strict-slash-command-execution | user-3:-:-:lines=85:title=patch-agent-done-confirmation
[14:25:13] elapsed=1534s busy=true linearize:WaitingForReply:-:lines=217:title=linearize reviewed patches | review-user-1:-:-:lines=58:title=review user-agent | review-user-2:-:-:lines=57:title=review user-agent | user-1:-:NeedsDecision:lines=164:title=vim-visual-mode-for-panes | user-2:-:NeedsDecision:lines=149:title=strict-slash-command-execution | user-3:-:-:lines=85:title=patch-agent-done-confirmation
[14:25:18] elapsed=1539s busy=true linearize:WaitingForReply:-:lines=220:title=linearize reviewed patches | review-user-1:-:-:lines=58:title=review user-agent | review-user-2:-:-:lines=57:title=review user-agent | user-1:-:NeedsDecision:lines=164:title=vim-visual-mode-for-panes | user-2:-:NeedsDecision:lines=149:title=strict-slash-command-execution | user-3:-:-:lines=85:title=patch-agent-done-confirmation
[14:25:23] elapsed=1544s busy=true linearize:WaitingForReply:-:lines=222:title=linearize reviewed patches | review-user-1:-:-:lines=58:title=review user-agent | review-user-2:-:-:lines=57:title=review user-agent | user-1:-:NeedsDecision:lines=164:title=vim-visual-mode-for-panes | user-2:-:NeedsDecision:lines=149:title=strict-slash-command-execution | user-3:-:-:lines=85:title=patch-agent-done-confirmation
[14:25:28] elapsed=1549s busy=true linearize:WaitingForReply:-:lines=224:title=linearize reviewed patches | review-user-1:-:-:lines=58:title=review user-agent | review-user-2:-:-:lines=57:title=review user-agent | user-1:-:NeedsDecision:lines=164:title=vim-visual-mode-for-panes | user-2:-:NeedsDecision:lines=149:title=strict-slash-command-execution | user-3:-:-:lines=85:title=patch-agent-done-confirmation
[14:25:43] elapsed=1564s busy=true linearize:WaitingForReply:-:lines=225:title=linearize reviewed patches | review-user-1:-:-:lines=58:title=review user-agent | review-user-2:-:-:lines=57:title=review user-agent | user-1:-:NeedsDecision:lines=164:title=vim-visual-mode-for-panes | user-2:-:NeedsDecision:lines=149:title=strict-slash-command-execution | user-3:-:-:lines=85:title=patch-agent-done-confirmation
[14:25:53] elapsed=1574s busy=true linearize:WaitingForReply:-:lines=232:title=linearize reviewed patches | review-user-1:-:-:lines=58:title=review user-agent | review-user-2:-:-:lines=57:title=review user-agent | user-1:-:NeedsDecision:lines=164:title=vim-visual-mode-for-panes | user-2:-:NeedsDecision:lines=149:title=strict-slash-command-execution | user-3:-:-:lines=85:title=patch-agent-done-confirmation
[14:25:59] elapsed=1579s busy=true linearize:WaitingForReply:-:lines=235:title=linearize reviewed patches | review-user-1:-:-:lines=58:title=review user-agent | review-user-2:-:-:lines=57:title=review user-agent | user-1:-:NeedsDecision:lines=164:title=vim-visual-mode-for-panes | user-2:-:NeedsDecision:lines=149:title=strict-slash-command-execution | user-3:-:-:lines=85:title=patch-agent-done-confirmation
[14:26:04] elapsed=1585s busy=true linearize:WaitingForReply:-:lines=239:title=linearize reviewed patches | review-user-1:-:-:lines=58:title=review user-agent | review-user-2:-:-:lines=57:title=review user-agent | user-1:-:NeedsDecision:lines=164:title=vim-visual-mode-for-panes | user-2:-:NeedsDecision:lines=149:title=strict-slash-command-execution | user-3:-:-:lines=85:title=patch-agent-done-confirmation
[14:26:09] elapsed=1590s busy=true linearize:WaitingForReply:-:lines=241:title=linearize reviewed patches | review-user-1:-:-:lines=58:title=review user-agent | review-user-2:-:-:lines=57:title=review user-agent | user-1:-:NeedsDecision:lines=164:title=vim-visual-mode-for-panes | user-2:-:NeedsDecision:lines=149:title=strict-slash-command-execution | user-3:-:-:lines=85:title=patch-agent-done-confirmation
[14:26:19] elapsed=1600s busy=true linearize:WaitingForReply:-:lines=242:title=linearize reviewed patches | review-user-1:-:-:lines=58:title=review user-agent | review-user-2:-:-:lines=57:title=review user-agent | user-1:-:NeedsDecision:lines=164:title=vim-visual-mode-for-panes | user-2:-:NeedsDecision:lines=149:title=strict-slash-command-execution | user-3:-:-:lines=85:title=patch-agent-done-confirmation
[14:26:39] elapsed=1620s busy=true linearize:WaitingForReply:-:lines=244:title=linearize reviewed patches | review-user-1:-:-:lines=58:title=review user-agent | review-user-2:-:-:lines=57:title=review user-agent | user-1:-:NeedsDecision:lines=164:title=vim-visual-mode-for-panes | user-2:-:NeedsDecision:lines=149:title=strict-slash-command-execution | user-3:-:-:lines=85:title=patch-agent-done-confirmation
[14:26:49] elapsed=1630s busy=true linearize:WaitingForReply:-:lines=247:title=linearize reviewed patches | review-user-1:-:-:lines=58:title=review user-agent | review-user-2:-:-:lines=57:title=review user-agent | user-1:-:NeedsDecision:lines=164:title=vim-visual-mode-for-panes | user-2:-:NeedsDecision:lines=149:title=strict-slash-command-execution | user-3:-:-:lines=85:title=patch-agent-done-confirmation
[14:26:55] elapsed=1636s busy=true linearize:WaitingForReply:-:lines=250:title=linearize reviewed patches | review-user-1:-:-:lines=58:title=review user-agent | review-user-2:-:-:lines=57:title=review user-agent | user-1:-:NeedsDecision:lines=164:title=vim-visual-mode-for-panes | user-2:-:NeedsDecision:lines=149:title=strict-slash-command-execution | user-3:-:-:lines=85:title=patch-agent-done-confirmation
[14:27:00] elapsed=1641s busy=true linearize:WaitingForReply:-:lines=253:title=linearize reviewed patches | review-user-1:-:-:lines=58:title=review user-agent | review-user-2:-:-:lines=57:title=review user-agent | user-1:-:NeedsDecision:lines=164:title=vim-visual-mode-for-panes | user-2:-:NeedsDecision:lines=149:title=strict-slash-command-execution | user-3:-:-:lines=85:title=patch-agent-done-confirmation
[14:27:05] elapsed=1646s busy=true linearize:WaitingForReply:-:lines=256:title=linearize reviewed patches | review-user-1:-:-:lines=58:title=review user-agent | review-user-2:-:-:lines=57:title=review user-agent | user-1:-:NeedsDecision:lines=164:title=vim-visual-mode-for-panes | user-2:-:NeedsDecision:lines=149:title=strict-slash-command-execution | user-3:-:-:lines=85:title=patch-agent-done-confirmation
[14:27:10] elapsed=1651s busy=true linearize:WaitingForReply:-:lines=259:title=linearize reviewed patches | review-user-1:-:-:lines=58:title=review user-agent | review-user-2:-:-:lines=57:title=review user-agent | user-1:-:NeedsDecision:lines=164:title=vim-visual-mode-for-panes | user-2:-:NeedsDecision:lines=149:title=strict-slash-command-execution | user-3:-:-:lines=85:title=patch-agent-done-confirmation
[14:27:15] elapsed=1656s busy=true linearize:WaitingForReply:-:lines=261:title=linearize reviewed patches | review-user-1:-:-:lines=58:title=review user-agent | review-user-2:-:-:lines=57:title=review user-agent | user-1:-:NeedsDecision:lines=164:title=vim-visual-mode-for-panes | user-2:-:NeedsDecision:lines=149:title=strict-slash-command-execution | user-3:-:-:lines=85:title=patch-agent-done-confirmation
[14:27:30] elapsed=1671s busy=true linearize:WaitingForReply:-:lines=262:title=linearize reviewed patches | review-user-1:-:-:lines=58:title=review user-agent | review-user-2:-:-:lines=57:title=review user-agent | user-1:-:NeedsDecision:lines=164:title=vim-visual-mode-for-panes | user-2:-:NeedsDecision:lines=149:title=strict-slash-command-execution | user-3:-:-:lines=85:title=patch-agent-done-confirmation
[14:27:35] elapsed=1676s busy=true linearize:WaitingForReply:-:lines=263:title=linearize reviewed patches | review-user-1:-:-:lines=58:title=review user-agent | review-user-2:-:-:lines=57:title=review user-agent | user-1:-:NeedsDecision:lines=164:title=vim-visual-mode-for-panes | user-2:-:NeedsDecision:lines=149:title=strict-slash-command-execution | user-3:-:-:lines=85:title=patch-agent-done-confirmation
[14:27:40] elapsed=1681s busy=true linearize:WaitingForReply:-:lines=265:title=linearize reviewed patches | review-user-1:-:-:lines=58:title=review user-agent | review-user-2:-:-:lines=57:title=review user-agent | user-1:-:NeedsDecision:lines=164:title=vim-visual-mode-for-panes | user-2:-:NeedsDecision:lines=149:title=strict-slash-command-execution | user-3:-:-:lines=85:title=patch-agent-done-confirmation
[14:27:55] elapsed=1696s busy=true linearize:WaitingForReply:-:lines=272:title=linearize reviewed patches | review-user-1:-:-:lines=58:title=review user-agent | review-user-2:-:-:lines=57:title=review user-agent | user-1:-:NeedsDecision:lines=164:title=vim-visual-mode-for-panes | user-2:-:NeedsDecision:lines=149:title=strict-slash-command-execution | user-3:-:-:lines=85:title=patch-agent-done-confirmation
[14:28:21] elapsed=1722s busy=true linearize:WaitingForReply:-:lines=273:title=linearize reviewed patches | review-user-1:-:-:lines=58:title=review user-agent | review-user-2:-:-:lines=57:title=review user-agent | user-1:-:NeedsDecision:lines=164:title=vim-visual-mode-for-panes | user-2:-:NeedsDecision:lines=149:title=strict-slash-command-execution | user-3:-:-:lines=85:title=patch-agent-done-confirmation
[14:28:31] elapsed=1732s busy=true linearize:WaitingForReply:-:lines=274:title=linearize reviewed patches | review-user-1:-:-:lines=58:title=review user-agent | review-user-2:-:-:lines=57:title=review user-agent | user-1:-:NeedsDecision:lines=164:title=vim-visual-mode-for-panes | user-2:-:NeedsDecision:lines=149:title=strict-slash-command-execution | user-3:-:-:lines=85:title=patch-agent-done-confirmation
[14:29:01] elapsed=1762s busy=true linearize:WaitingForReply:-:lines=275:title=linearize reviewed patches | review-user-1:-:-:lines=58:title=review user-agent | review-user-2:-:-:lines=57:title=review user-agent | user-1:-:NeedsDecision:lines=164:title=vim-visual-mode-for-panes | user-2:-:NeedsDecision:lines=149:title=strict-slash-command-execution | user-3:-:-:lines=85:title=patch-agent-done-confirmation
[14:29:21] elapsed=1782s busy=true linearize:WaitingForReply:-:lines=276:title=linearize reviewed patches | review-user-1:-:-:lines=58:title=review user-agent | review-user-2:-:-:lines=57:title=review user-agent | user-1:-:NeedsDecision:lines=164:title=vim-visual-mode-for-panes | user-2:-:NeedsDecision:lines=149:title=strict-slash-command-execution | user-3:-:-:lines=85:title=patch-agent-done-confirmation
[14:29:26] elapsed=1787s busy=true linearize:WaitingForReply:-:lines=277:title=linearize reviewed patches | review-user-1:-:-:lines=58:title=review user-agent | review-user-2:-:-:lines=57:title=review user-agent | user-1:-:NeedsDecision:lines=164:title=vim-visual-mode-for-panes | user-2:-:NeedsDecision:lines=149:title=strict-slash-command-execution | user-3:-:-:lines=85:title=patch-agent-done-confirmation
[14:30:02] elapsed=1823s busy=true linearize:WaitingForReply:-:lines=278:title=linearize reviewed patches | review-user-1:-:-:lines=58:title=review user-agent | review-user-2:-:-:lines=57:title=review user-agent | user-1:-:NeedsDecision:lines=164:title=vim-visual-mode-for-panes | user-2:-:NeedsDecision:lines=149:title=strict-slash-command-execution | user-3:-:-:lines=85:title=patch-agent-done-confirmation
[14:30:17] elapsed=1838s busy=true linearize:WaitingForReply:-:lines=279:title=linearize reviewed patches | review-user-1:-:-:lines=58:title=review user-agent | review-user-2:-:-:lines=57:title=review user-agent | user-1:-:NeedsDecision:lines=164:title=vim-visual-mode-for-panes | user-2:-:NeedsDecision:lines=149:title=strict-slash-command-execution | user-3:-:-:lines=85:title=patch-agent-done-confirmation
[14:30:27] elapsed=1848s busy=true linearize:WaitingForReply:-:lines=286:title=linearize reviewed patches | review-user-1:-:-:lines=58:title=review user-agent | review-user-2:-:-:lines=57:title=review user-agent | user-1:-:NeedsDecision:lines=164:title=vim-visual-mode-for-panes | user-2:-:NeedsDecision:lines=149:title=strict-slash-command-execution | user-3:-:-:lines=85:title=patch-agent-done-confirmation
[14:30:32] elapsed=1853s busy=true linearize:WaitingForReply:-:lines=287:title=linearize reviewed patches | review-user-1:-:-:lines=58:title=review user-agent | review-user-2:-:-:lines=57:title=review user-agent | user-1:-:NeedsDecision:lines=164:title=vim-visual-mode-for-panes | user-2:-:NeedsDecision:lines=149:title=strict-slash-command-execution | user-3:-:-:lines=85:title=patch-agent-done-confirmation
[14:30:37] elapsed=1858s busy=true linearize:WaitingForReply:-:lines=295:title=linearize reviewed patches | review-user-1:-:-:lines=58:title=review user-agent | review-user-2:-:-:lines=57:title=review user-agent | user-1:-:NeedsDecision:lines=164:title=vim-visual-mode-for-panes | user-2:-:NeedsDecision:lines=149:title=strict-slash-command-execution | user-3:-:-:lines=85:title=patch-agent-done-confirmation
[14:30:47] elapsed=1868s busy=true linearize:WaitingForReply:-:lines=302:title=linearize reviewed patches | review-user-1:-:-:lines=58:title=review user-agent | review-user-2:-:-:lines=57:title=review user-agent | user-1:-:NeedsDecision:lines=164:title=vim-visual-mode-for-panes | user-2:-:NeedsDecision:lines=149:title=strict-slash-command-execution | user-3:-:-:lines=85:title=patch-agent-done-confirmation
[14:31:08] elapsed=1889s busy=false linearize:-:-:lines=303:title=linearize reviewed patches | review-user-1:-:-:lines=58:title=review user-agent | review-user-2:-:-:lines=57:title=review user-agent | user-1:-:NeedsDecision:lines=164:title=vim-visual-mode-for-panes | user-2:-:NeedsDecision:lines=149:title=strict-slash-command-execution | user-3:-:-:lines=85:title=patch-agent-done-confirmation
[14:31:08] running final code quality checks
[14:31:21] bench report: /home/user/src/work-leaf/bench-results/parallel-baseline-6-20260623T135939+0200/runs/run-1/20260623T135939+0200-baseline6-r1-three-feature-bench.md
