[12:14:34] WORK_LEAF_BENCH_TEMP=/tmp/work-leaf-3feature-bench.fNY8Y6
[12:14:34] WORK_LEAF_BENCH_SOURCE_HEAD=c92a0b7060a36eac6db2d869b85e589a7a9480f9
Cloning into '/tmp/work-leaf-3feature-bench.fNY8Y6/repo'...
done.
HEAD is now at c92a0b7 FIX compact orchestrator and UI traffic for concurrent agents
[12:14:34] WORK_LEAF_BENCH_BASE=c92a0b7060a36eac6db2d869b85e589a7a9480f9
[12:14:34] daemon URL: http://127.0.0.1:40921
[12:14:35] web UI URL: http://127.0.0.1:32815
[12:14:35] started 3 patch agents
[12:14:35] elapsed=1s busy=true user-1:Launching:-:lines=0:title=add-vim-visual-mode-both-panes | user-2:Launching:-:lines=0:title=implement-strict-selected-agent-slash | user-3:Launching:-:lines=0:title=when-review-process-done-patch-agent
[12:14:40] elapsed=6s busy=true user-1:WaitingForReply:-:lines=2:title=add-vim-visual-mode-both-panes | user-2:Launching:-:lines=0:title=implement-strict-selected-agent-slash | user-3:Launching:-:lines=0:title=when-review-process-done-patch-agent
[12:14:45] elapsed=11s busy=true user-1:WaitingForReply:-:lines=2:title=add-vim-visual-mode-both-panes | user-2:WaitingForReply:-:lines=2:title=implement-strict-selected-agent-slash | user-3:Launching:-:lines=0:title=when-review-process-done-patch-agent
[12:14:50] elapsed=16s busy=true user-1:WaitingForReply:-:lines=4:title=add-vim-visual-mode-both-panes | user-2:WaitingForReply:-:lines=2:title=implement-strict-selected-agent-slash | user-3:WaitingForReply:-:lines=2:title=when-review-process-done-patch-agent
[12:14:55] elapsed=21s busy=true user-1:WaitingForReply:-:lines=7:title=add-vim-visual-mode-both-panes | user-2:WaitingForReply:-:lines=4:title=implement-strict-selected-agent-slash | user-3:WaitingForReply:-:lines=2:title=when-review-process-done-patch-agent
[12:15:00] elapsed=26s busy=true user-1:WaitingForReply:-:lines=9:title=add-vim-visual-mode-both-panes | user-2:WaitingForReply:-:lines=5:title=implement-strict-selected-agent-slash | user-3:WaitingForReply:-:lines=4:title=when-review-process-done-patch-agent
[12:15:05] elapsed=31s busy=true user-1:WaitingForReply:-:lines=12:title=add-vim-visual-mode-both-panes | user-2:WaitingForReply:-:lines=7:title=implement-strict-selected-agent-slash | user-3:WaitingForReply:-:lines=4:title=when-review-process-done-patch-agent
[12:15:10] elapsed=36s busy=true user-1:WaitingForReply:-:lines=14:title=add-vim-visual-mode-both-panes | user-2:WaitingForReply:-:lines=10:title=implement-strict-selected-agent-slash | user-3:WaitingForReply:-:lines=7:title=when-review-process-done-patch-agent
[12:15:15] elapsed=41s busy=true user-1:WaitingForReply:-:lines=19:title=add-vim-visual-mode-both-panes | user-2:WaitingForReply:-:lines=12:title=implement-strict-selected-agent-slash | user-3:WaitingForReply:-:lines=9:title=when-review-process-done-patch-agent
[12:15:20] elapsed=46s busy=true user-1:WaitingForReply:-:lines=22:title=add-vim-visual-mode-both-panes | user-2:WaitingForReply:-:lines=12:title=implement-strict-selected-agent-slash | user-3:WaitingForReply:-:lines=9:title=when-review-process-done-patch-agent
[12:15:25] elapsed=51s busy=true user-1:WaitingForReply:-:lines=26:title=add-vim-visual-mode-both-panes | user-2:WaitingForReply:-:lines=14:title=implement-strict-selected-agent-slash | user-3:WaitingForReply:-:lines=18:title=when-review-process-done-patch-agent
[12:15:30] elapsed=56s busy=true user-1:WaitingForReply:-:lines=28:title=add-vim-visual-mode-both-panes | user-2:WaitingForReply:-:lines=14:title=implement-strict-selected-agent-slash | user-3:WaitingForReply:-:lines=18:title=when-review-process-done-patch-agent
[12:15:36] elapsed=61s busy=true user-1:WaitingForReply:-:lines=31:title=add-vim-visual-mode-both-panes | user-2:WaitingForReply:-:lines=17:title=implement-strict-selected-agent-slash | user-3:WaitingForReply:-:lines=26:title=when-review-process-done-patch-agent
[12:15:41] elapsed=67s busy=true user-1:WaitingForReply:-:lines=33:title=add-vim-visual-mode-both-panes | user-2:WaitingForReply:-:lines=18:title=implement-strict-selected-agent-slash | user-3:WaitingForReply:-:lines=26:title=when-review-process-done-patch-agent
[12:15:46] elapsed=72s busy=true user-1:WaitingForReply:-:lines=33:title=add-vim-visual-mode-both-panes | user-2:WaitingForReply:-:lines=21:title=implement-strict-selected-agent-slash | user-3:WaitingForReply:-:lines=28:title=when-review-process-done-patch-agent
[12:15:51] elapsed=77s busy=true user-1:WaitingForReply:-:lines=33:title=add-vim-visual-mode-both-panes | user-2:WaitingForReply:-:lines=23:title=implement-strict-selected-agent-slash | user-3:WaitingForReply:-:lines=28:title=when-review-process-done-patch-agent
[12:16:01] elapsed=87s busy=true user-1:WaitingForReply:-:lines=35:title=add-vim-visual-mode-both-panes | user-2:WaitingForReply:-:lines=24:title=implement-strict-selected-agent-slash | user-3:WaitingForReply:-:lines=37:title=when-review-process-done-patch-agent
[12:16:06] elapsed=92s busy=true user-1:WaitingForReply:-:lines=36:title=add-vim-visual-mode-both-panes | user-2:WaitingForReply:-:lines=26:title=implement-strict-selected-agent-slash | user-3:WaitingForReply:-:lines=37:title=when-review-process-done-patch-agent
[12:16:11] elapsed=97s busy=true user-1:WaitingForReply:-:lines=38:title=add-vim-visual-mode-both-panes | user-2:WaitingForReply:-:lines=27:title=implement-strict-selected-agent-slash | user-3:WaitingForReply:-:lines=39:title=when-review-process-done-patch-agent
[12:16:16] elapsed=102s busy=true user-1:WaitingForReply:-:lines=42:title=add-vim-visual-mode-both-panes | user-2:WaitingForReply:-:lines=30:title=implement-strict-selected-agent-slash | user-3:WaitingForReply:-:lines=39:title=when-review-process-done-patch-agent
[12:16:21] elapsed=107s busy=true user-1:WaitingForReply:-:lines=45:title=add-vim-visual-mode-both-panes | user-2:WaitingForReply:-:lines=32:title=implement-strict-selected-agent-slash | user-3:WaitingForReply:-:lines=39:title=when-review-process-done-patch-agent
[12:16:26] elapsed=112s busy=true user-1:WaitingForReply:-:lines=45:title=add-vim-visual-mode-both-panes | user-2:WaitingForReply:-:lines=32:title=implement-strict-selected-agent-slash | user-3:WaitingForReply:-:lines=48:title=when-review-process-done-patch-agent
[12:16:56] elapsed=142s busy=true user-1:WaitingForReply:-:lines=45:title=add-vim-visual-mode-both-panes | user-2:WaitingForReply:-:lines=32:title=implement-strict-selected-agent-slash | user-3:WaitingForReply:-:lines=50:title=when-review-process-done-patch-agent
[12:17:17] elapsed=163s busy=true user-1:WaitingForReply:-:lines=45:title=add-vim-visual-mode-both-panes | user-2:WaitingForReply:-:lines=32:title=implement-strict-selected-agent-slash | user-3:WaitingForReply:-:lines=59:title=when-review-process-done-patch-agent
[12:17:27] elapsed=173s busy=true user-1:WaitingForReply:-:lines=45:title=add-vim-visual-mode-both-panes | user-2:WaitingForReply:-:lines=32:title=implement-strict-selected-agent-slash | user-3:WaitingForReply:-:lines=68:title=when-review-process-done-patch-agent
[12:18:18] elapsed=224s busy=true user-1:WaitingForReply:-:lines=45:title=add-vim-visual-mode-both-panes | user-2:WaitingForReply:-:lines=33:title=implement-strict-selected-agent-slash | user-3:WaitingForReply:-:lines=68:title=when-review-process-done-patch-agent
[12:19:03] elapsed=269s busy=true user-1:WaitingForReply:-:lines=48:title=add-vim-visual-mode-both-panes | user-2:WaitingForReply:-:lines=33:title=implement-strict-selected-agent-slash | user-3:WaitingForReply:-:lines=68:title=when-review-process-done-patch-agent
[12:19:08] elapsed=274s busy=true user-1:WaitingForReply:-:lines=50:title=add-vim-visual-mode-both-panes | user-2:WaitingForReply:-:lines=33:title=implement-strict-selected-agent-slash | user-3:WaitingForReply:-:lines=68:title=when-review-process-done-patch-agent
[12:19:18] elapsed=284s busy=true user-1:WaitingForReply:-:lines=50:title=add-vim-visual-mode-both-panes | user-2:WaitingForReply:-:lines=35:title=implement-strict-selected-agent-slash | user-3:WaitingForReply:-:lines=68:title=when-review-process-done-patch-agent
[12:19:34] elapsed=300s busy=true user-1:WaitingForReply:-:lines=50:title=add-vim-visual-mode-both-panes | user-2:WaitingForReply:-:lines=36:title=implement-strict-selected-agent-slash | user-3:WaitingForReply:-:lines=68:title=when-review-process-done-patch-agent
[12:20:34] elapsed=360s busy=true user-1:WaitingForReply:-:lines=50:title=add-vim-visual-mode-both-panes | user-2:WaitingForReply:-:lines=38:title=implement-strict-selected-agent-slash | user-3:WaitingForReply:-:lines=68:title=when-review-process-done-patch-agent
[12:21:50] elapsed=436s busy=true user-1:WaitingForReply:-:lines=50:title=add-vim-visual-mode-both-panes | user-2:WaitingForReply:-:lines=40:title=implement-strict-selected-agent-slash | user-3:WaitingForReply:-:lines=68:title=when-review-process-done-patch-agent
[12:21:55] elapsed=441s busy=true user-1:WaitingForReply:-:lines=50:title=add-vim-visual-mode-both-panes | user-2:-:-:lines=41:title=implement-strict-selected-agent-slash | user-3:WaitingForReply:-:lines=68:title=when-review-process-done-patch-agent
[12:22:05] elapsed=451s busy=true user-1:WaitingForReply:-:lines=50:title=add-vim-visual-mode-both-panes | user-2:-:-:lines=41:title=implement-strict-selected-agent-slash | user-3:WaitingForReply:-:lines=70:title=when-review-process-done-patch-agent
[12:22:21] elapsed=467s busy=true user-1:WaitingForReply:-:lines=50:title=add-vim-visual-mode-both-panes | user-2:-:-:lines=41:title=implement-strict-selected-agent-slash | user-3:WaitingForReply:-:lines=73:title=when-review-process-done-patch-agent
[12:22:31] elapsed=477s busy=true user-1:WaitingForReply:-:lines=50:title=add-vim-visual-mode-both-panes | user-2:-:-:lines=41:title=implement-strict-selected-agent-slash | user-3:WaitingForReply:-:lines=75:title=when-review-process-done-patch-agent
[12:22:41] elapsed=487s busy=true user-1:WaitingForReply:-:lines=52:title=add-vim-visual-mode-both-panes | user-2:-:-:lines=41:title=implement-strict-selected-agent-slash | user-3:WaitingForReply:-:lines=75:title=when-review-process-done-patch-agent
[12:22:46] elapsed=492s busy=true user-1:WaitingForReply:-:lines=52:title=add-vim-visual-mode-both-panes | user-2:-:-:lines=41:title=implement-strict-selected-agent-slash | user-3:WaitingForReply:-:lines=77:title=when-review-process-done-patch-agent
[12:22:51] elapsed=497s busy=true user-1:WaitingForReply:-:lines=52:title=add-vim-visual-mode-both-panes | user-2:-:-:lines=41:title=implement-strict-selected-agent-slash | user-3:WaitingForReply:-:lines=82:title=when-review-process-done-patch-agent
[12:22:56] elapsed=502s busy=true user-1:WaitingForReply:-:lines=54:title=add-vim-visual-mode-both-panes | user-2:-:-:lines=41:title=implement-strict-selected-agent-slash | user-3:WaitingForReply:-:lines=82:title=when-review-process-done-patch-agent
[12:23:06] elapsed=512s busy=true user-1:WaitingForReply:-:lines=56:title=add-vim-visual-mode-both-panes | user-2:-:-:lines=41:title=implement-strict-selected-agent-slash | user-3:WaitingForReply:-:lines=82:title=when-review-process-done-patch-agent
[12:23:11] elapsed=517s busy=true user-1:WaitingForReply:-:lines=56:title=add-vim-visual-mode-both-panes | user-2:-:-:lines=41:title=implement-strict-selected-agent-slash | user-3:WaitingForReply:-:lines=84:title=when-review-process-done-patch-agent
[12:23:16] elapsed=522s busy=true user-1:WaitingForReply:-:lines=56:title=add-vim-visual-mode-both-panes | user-2:-:-:lines=41:title=implement-strict-selected-agent-slash | user-3:WaitingForReply:-:lines=87:title=when-review-process-done-patch-agent
[12:23:21] elapsed=527s busy=true review-user-3:WaitingForReply:-:lines=0:title=review user-agent | user-1:WaitingForReply:-:lines=57:title=add-vim-visual-mode-both-panes | user-2:-:-:lines=41:title=implement-strict-selected-agent-slash | user-3:-:-:lines=91:title=when-review-process-done-patch-agent
[12:23:27] elapsed=533s busy=true review-user-3:WaitingForReply:-:lines=2:title=review user-agent | user-1:WaitingForReply:-:lines=60:title=add-vim-visual-mode-both-panes | user-2:-:-:lines=41:title=implement-strict-selected-agent-slash | user-3:-:-:lines=91:title=when-review-process-done-patch-agent
[12:23:32] elapsed=538s busy=true review-user-3:WaitingForReply:-:lines=2:title=review user-agent | user-1:WaitingForReply:-:lines=62:title=add-vim-visual-mode-both-panes | user-2:-:-:lines=41:title=implement-strict-selected-agent-slash | user-3:-:-:lines=91:title=review-done-chat-confirmation
[12:23:37] elapsed=543s busy=true review-user-3:WaitingForReply:-:lines=4:title=review user-agent | user-1:WaitingForReply:-:lines=62:title=add-vim-visual-mode-both-panes | user-2:-:-:lines=41:title=implement-strict-selected-agent-slash | user-3:-:-:lines=91:title=review-done-chat-confirmation
[12:23:47] elapsed=553s busy=true review-user-3:WaitingForReply:-:lines=5:title=review user-agent | user-1:WaitingForReply:-:lines=62:title=add-vim-visual-mode-both-panes | user-2:-:-:lines=41:title=implement-strict-selected-agent-slash | user-3:-:-:lines=91:title=review-done-chat-confirmation
[12:23:52] elapsed=558s busy=true review-user-3:WaitingForReply:-:lines=7:title=review user-agent | user-1:WaitingForReply:-:lines=62:title=add-vim-visual-mode-both-panes | user-2:-:-:lines=41:title=implement-strict-selected-agent-slash | user-3:-:-:lines=91:title=review-done-chat-confirmation
[12:23:57] elapsed=563s busy=true review-user-3:WaitingForReply:-:lines=10:title=review user-agent | user-1:WaitingForReply:-:lines=62:title=add-vim-visual-mode-both-panes | user-2:-:-:lines=41:title=implement-strict-selected-agent-slash | user-3:-:-:lines=91:title=review-done-chat-confirmation
[12:24:02] elapsed=568s busy=true review-user-3:WaitingForReply:-:lines=12:title=review user-agent | user-1:WaitingForReply:-:lines=62:title=add-vim-visual-mode-both-panes | user-2:-:-:lines=41:title=implement-strict-selected-agent-slash | user-3:-:-:lines=91:title=review-done-chat-confirmation
[12:24:07] elapsed=573s busy=true review-user-3:WaitingForReply:-:lines=14:title=review user-agent | user-1:WaitingForReply:-:lines=62:title=add-vim-visual-mode-both-panes | user-2:-:-:lines=41:title=implement-strict-selected-agent-slash | user-3:-:-:lines=91:title=review-done-chat-confirmation
[12:24:12] elapsed=578s busy=true review-user-3:WaitingForReply:-:lines=17:title=review user-agent | user-1:WaitingForReply:-:lines=62:title=add-vim-visual-mode-both-panes | user-2:-:-:lines=41:title=implement-strict-selected-agent-slash | user-3:-:-:lines=91:title=review-done-chat-confirmation
[12:24:17] elapsed=583s busy=true review-user-3:WaitingForReply:-:lines=20:title=review user-agent | user-1:WaitingForReply:-:lines=62:title=add-vim-visual-mode-both-panes | user-2:-:-:lines=41:title=implement-strict-selected-agent-slash | user-3:-:-:lines=91:title=review-done-chat-confirmation
[12:24:53] elapsed=619s busy=true review-user-3:WaitingForReply:-:lines=23:title=review user-agent | user-1:WaitingForReply:-:lines=62:title=add-vim-visual-mode-both-panes | user-2:-:-:lines=41:title=implement-strict-selected-agent-slash | user-3:-:-:lines=91:title=review-done-chat-confirmation
[12:24:58] elapsed=624s busy=true review-user-3:WaitingForReply:-:lines=25:title=review user-agent | user-1:WaitingForReply:-:lines=62:title=add-vim-visual-mode-both-panes | user-2:-:-:lines=41:title=implement-strict-selected-agent-slash | user-3:-:-:lines=91:title=review-done-chat-confirmation
[12:25:13] elapsed=639s busy=true review-user-3:WaitingForReply:-:lines=28:title=review user-agent | user-1:WaitingForReply:-:lines=62:title=add-vim-visual-mode-both-panes | user-2:-:-:lines=41:title=implement-strict-selected-agent-slash | user-3:-:-:lines=91:title=review-done-chat-confirmation
[12:25:23] elapsed=649s busy=true review-user-3:WaitingForReply:-:lines=32:title=review user-agent | user-1:WaitingForReply:-:lines=62:title=add-vim-visual-mode-both-panes | user-2:-:-:lines=41:title=implement-strict-selected-agent-slash | user-3:-:-:lines=91:title=review-done-chat-confirmation
[12:25:54] elapsed=680s busy=true review-user-3:WaitingForReply:-:lines=33:title=review user-agent | user-1:WaitingForReply:-:lines=62:title=add-vim-visual-mode-both-panes | user-2:-:-:lines=41:title=implement-strict-selected-agent-slash | user-3:WaitingForReply:-:lines=94:title=review-done-chat-confirmation
[12:26:04] elapsed=690s busy=true review-user-3:WaitingForReply:-:lines=33:title=review user-agent | user-1:WaitingForReply:-:lines=62:title=add-vim-visual-mode-both-panes | user-2:-:-:lines=41:title=implement-strict-selected-agent-slash | user-3:WaitingForReply:-:lines=96:title=review-done-chat-confirmation
[12:26:19] elapsed=705s busy=true review-user-3:WaitingForReply:-:lines=33:title=review user-agent | user-1:WaitingForReply:-:lines=62:title=add-vim-visual-mode-both-panes | user-2:-:-:lines=41:title=implement-strict-selected-agent-slash | user-3:WaitingForReply:-:lines=105:title=review-done-chat-confirmation
[12:26:24] elapsed=710s busy=true review-user-3:WaitingForReply:-:lines=33:title=review user-agent | user-1:WaitingForReply:-:lines=62:title=add-vim-visual-mode-both-panes | user-2:-:-:lines=41:title=implement-strict-selected-agent-slash | user-3:WaitingForReply:-:lines=108:title=review-done-chat-confirmation
[12:26:49] elapsed=735s busy=true review-user-3:WaitingForReply:-:lines=33:title=review user-agent | user-1:WaitingForReply:-:lines=62:title=add-vim-visual-mode-both-panes | user-2:-:-:lines=41:title=implement-strict-selected-agent-slash | user-3:WaitingForReply:-:lines=110:title=review-done-chat-confirmation
[12:27:04] elapsed=750s busy=true review-user-3:WaitingForReply:-:lines=33:title=review user-agent | user-1:WaitingForReply:-:lines=62:title=add-vim-visual-mode-both-panes | user-2:-:-:lines=41:title=implement-strict-selected-agent-slash | user-3:WaitingForReply:-:lines=113:title=review-done-chat-confirmation
[12:27:09] elapsed=755s busy=true review-user-3:WaitingForReply:-:lines=34:title=review user-agent | user-1:WaitingForReply:-:lines=64:title=add-vim-visual-mode-both-panes | user-2:-:-:lines=41:title=implement-strict-selected-agent-slash | user-3:WaitingForReply:-:lines=116:title=review-done-chat-confirmation
[12:27:15] elapsed=761s busy=true review-user-3:WaitingForReply:-:lines=34:title=review user-agent | user-1:WaitingForReply:-:lines=70:title=add-vim-visual-mode-both-panes | user-2:-:-:lines=41:title=implement-strict-selected-agent-slash | user-3:WaitingForReply:-:lines=116:title=review-done-chat-confirmation
[12:27:20] elapsed=766s busy=true review-user-3:WaitingForReply:-:lines=36:title=review user-agent | user-1:WaitingForReply:-:lines=70:title=add-vim-visual-mode-both-panes | user-2:-:-:lines=41:title=implement-strict-selected-agent-slash | user-3:WaitingForReply:-:lines=116:title=review-done-chat-confirmation
[12:27:40] elapsed=786s busy=true review-user-3:WaitingForReply:-:lines=36:title=review user-agent | user-1:WaitingForReply:-:lines=72:title=add-vim-visual-mode-both-panes | user-2:-:-:lines=41:title=implement-strict-selected-agent-slash | user-3:WaitingForReply:-:lines=116:title=review-done-chat-confirmation
[12:27:45] elapsed=791s busy=true review-user-3:WaitingForReply:-:lines=36:title=review user-agent | user-1:WaitingForReply:-:lines=77:title=add-vim-visual-mode-both-panes | user-2:-:-:lines=41:title=implement-strict-selected-agent-slash | user-3:WaitingForReply:-:lines=116:title=review-done-chat-confirmation
[12:27:55] elapsed=801s busy=true review-user-1:WaitingForReply:-:lines=0:title=review user-agent | review-user-3:WaitingForReply:-:lines=36:title=review user-agent | user-1:-:-:lines=79:title=add-vim-visual-mode-both-panes | user-2:-:-:lines=41:title=implement-strict-selected-agent-slash | user-3:WaitingForReply:-:lines=116:title=review-done-chat-confirmation
[12:28:00] elapsed=806s busy=true review-user-1:WaitingForReply:-:lines=2:title=review user-agent | review-user-3:WaitingForReply:-:lines=36:title=review user-agent | user-1:-:-:lines=79:title=vim-visual-mode-for-panes | user-2:-:-:lines=41:title=implement-strict-selected-agent-slash | user-3:WaitingForReply:-:lines=116:title=review-done-chat-confirmation
[12:28:10] elapsed=816s busy=true review-user-1:WaitingForReply:-:lines=4:title=review user-agent | review-user-3:WaitingForReply:-:lines=36:title=review user-agent | user-1:-:-:lines=79:title=vim-visual-mode-for-panes | user-2:-:-:lines=41:title=implement-strict-selected-agent-slash | user-3:WaitingForReply:-:lines=116:title=review-done-chat-confirmation
[12:28:20] elapsed=826s busy=true review-user-1:WaitingForReply:-:lines=7:title=review user-agent | review-user-3:WaitingForReply:-:lines=36:title=review user-agent | user-1:-:-:lines=79:title=vim-visual-mode-for-panes | user-2:-:-:lines=41:title=implement-strict-selected-agent-slash | user-3:WaitingForReply:-:lines=116:title=review-done-chat-confirmation
[12:28:26] elapsed=831s busy=true review-user-1:WaitingForReply:-:lines=9:title=review user-agent | review-user-3:-:-:lines=38:title=review user-agent | user-1:-:-:lines=79:title=vim-visual-mode-for-panes | user-2:-:-:lines=41:title=implement-strict-selected-agent-slash | user-3:-:NeedsDecision:lines=118:title=review-done-chat-confirmation
[12:28:31] elapsed=837s busy=true review-user-1:WaitingForReply:-:lines=11:title=review user-agent | review-user-3:-:-:lines=38:title=review user-agent | user-1:-:-:lines=79:title=vim-visual-mode-for-panes | user-2:-:-:lines=41:title=implement-strict-selected-agent-slash | user-3:-:NeedsDecision:lines=118:title=review-done-chat-confirmation
[12:28:41] elapsed=847s busy=true review-user-1:WaitingForReply:-:lines=14:title=review user-agent | review-user-3:-:-:lines=38:title=review user-agent | user-1:-:-:lines=79:title=vim-visual-mode-for-panes | user-2:-:-:lines=41:title=implement-strict-selected-agent-slash | user-3:-:NeedsDecision:lines=118:title=review-done-chat-confirmation
[12:28:56] elapsed=862s busy=true review-user-1:WaitingForReply:-:lines=16:title=review user-agent | review-user-3:-:-:lines=38:title=review user-agent | user-1:-:-:lines=79:title=vim-visual-mode-for-panes | user-2:-:-:lines=41:title=implement-strict-selected-agent-slash | user-3:-:NeedsDecision:lines=118:title=review-done-chat-confirmation
[12:29:01] elapsed=867s busy=true review-user-1:WaitingForReply:-:lines=18:title=review user-agent | review-user-3:-:-:lines=38:title=review user-agent | user-1:-:-:lines=79:title=vim-visual-mode-for-panes | user-2:-:-:lines=41:title=implement-strict-selected-agent-slash | user-3:-:NeedsDecision:lines=118:title=review-done-chat-confirmation
[12:29:11] elapsed=877s busy=true review-user-1:WaitingForReply:-:lines=19:title=review user-agent | review-user-3:-:-:lines=38:title=review user-agent | user-1:-:-:lines=79:title=vim-visual-mode-for-panes | user-2:-:-:lines=41:title=implement-strict-selected-agent-slash | user-3:-:NeedsDecision:lines=118:title=review-done-chat-confirmation
[12:29:16] elapsed=882s busy=true review-user-1:WaitingForReply:-:lines=21:title=review user-agent | review-user-3:-:-:lines=38:title=review user-agent | user-1:-:-:lines=79:title=vim-visual-mode-for-panes | user-2:-:-:lines=41:title=implement-strict-selected-agent-slash | user-3:-:NeedsDecision:lines=118:title=review-done-chat-confirmation
[12:29:21] elapsed=887s busy=true review-user-1:WaitingForReply:-:lines=23:title=review user-agent | review-user-3:-:-:lines=38:title=review user-agent | user-1:-:-:lines=79:title=vim-visual-mode-for-panes | user-2:-:-:lines=41:title=implement-strict-selected-agent-slash | user-3:-:NeedsDecision:lines=118:title=review-done-chat-confirmation
[12:29:27] elapsed=892s busy=true review-user-1:WaitingForReply:-:lines=25:title=review user-agent | review-user-3:-:-:lines=38:title=review user-agent | user-1:-:-:lines=79:title=vim-visual-mode-for-panes | user-2:-:-:lines=41:title=implement-strict-selected-agent-slash | user-3:-:NeedsDecision:lines=118:title=review-done-chat-confirmation
[12:29:37] elapsed=903s busy=true review-user-1:WaitingForReply:-:lines=28:title=review user-agent | review-user-3:-:-:lines=38:title=review user-agent | user-1:-:-:lines=79:title=vim-visual-mode-for-panes | user-2:-:-:lines=41:title=implement-strict-selected-agent-slash | user-3:-:NeedsDecision:lines=118:title=review-done-chat-confirmation
[12:29:42] elapsed=908s busy=true review-user-1:WaitingForReply:-:lines=30:title=review user-agent | review-user-3:-:-:lines=38:title=review user-agent | user-1:-:-:lines=79:title=vim-visual-mode-for-panes | user-2:-:-:lines=41:title=implement-strict-selected-agent-slash | user-3:-:NeedsDecision:lines=118:title=review-done-chat-confirmation
[12:29:57] elapsed=923s busy=true review-user-1:WaitingForReply:-:lines=32:title=review user-agent | review-user-3:-:-:lines=38:title=review user-agent | user-1:-:-:lines=79:title=vim-visual-mode-for-panes | user-2:-:-:lines=41:title=implement-strict-selected-agent-slash | user-3:-:NeedsDecision:lines=118:title=review-done-chat-confirmation
[12:30:32] elapsed=958s busy=true review-user-1:WaitingForReply:-:lines=33:title=review user-agent | review-user-3:-:-:lines=38:title=review user-agent | user-1:-:-:lines=79:title=vim-visual-mode-for-panes | user-2:-:-:lines=41:title=implement-strict-selected-agent-slash | user-3:-:NeedsDecision:lines=118:title=review-done-chat-confirmation
[12:30:38] elapsed=963s busy=true review-user-1:WaitingForReply:-:lines=35:title=review user-agent | review-user-3:-:-:lines=38:title=review user-agent | user-1:-:-:lines=79:title=vim-visual-mode-for-panes | user-2:-:-:lines=41:title=implement-strict-selected-agent-slash | user-3:-:NeedsDecision:lines=118:title=review-done-chat-confirmation
[12:30:58] elapsed=984s busy=true review-user-1:WaitingForReply:-:lines=37:title=review user-agent | review-user-3:-:-:lines=38:title=review user-agent | user-1:-:-:lines=79:title=vim-visual-mode-for-panes | user-2:-:-:lines=41:title=implement-strict-selected-agent-slash | user-3:-:NeedsDecision:lines=118:title=review-done-chat-confirmation
[12:31:18] elapsed=1004s busy=true review-user-1:WaitingForReply:-:lines=38:title=review user-agent | review-user-3:-:-:lines=38:title=review user-agent | user-1:-:-:lines=79:title=vim-visual-mode-for-panes | user-2:-:-:lines=41:title=implement-strict-selected-agent-slash | user-3:-:NeedsDecision:lines=118:title=review-done-chat-confirmation
[12:31:23] elapsed=1009s busy=true review-user-1:WaitingForReply:-:lines=40:title=review user-agent | review-user-3:-:-:lines=38:title=review user-agent | user-1:-:-:lines=79:title=vim-visual-mode-for-panes | user-2:-:-:lines=41:title=implement-strict-selected-agent-slash | user-3:-:NeedsDecision:lines=118:title=review-done-chat-confirmation
[12:31:38] elapsed=1024s busy=true review-user-1:WaitingForReply:-:lines=42:title=review user-agent | review-user-3:-:-:lines=38:title=review user-agent | user-1:-:-:lines=79:title=vim-visual-mode-for-panes | user-2:-:-:lines=41:title=implement-strict-selected-agent-slash | user-3:-:NeedsDecision:lines=118:title=review-done-chat-confirmation
[12:31:44] elapsed=1030s busy=true review-user-1:WaitingForReply:-:lines=43:title=review user-agent | review-user-3:-:-:lines=38:title=review user-agent | user-1:WaitingForReply:-:lines=82:title=vim-visual-mode-for-panes | user-2:-:-:lines=41:title=implement-strict-selected-agent-slash | user-3:-:NeedsDecision:lines=118:title=review-done-chat-confirmation
[12:31:59] elapsed=1045s busy=true review-user-1:WaitingForReply:-:lines=43:title=review user-agent | review-user-3:-:-:lines=38:title=review user-agent | user-1:WaitingForReply:-:lines=85:title=vim-visual-mode-for-panes | user-2:-:-:lines=41:title=implement-strict-selected-agent-slash | user-3:-:NeedsDecision:lines=118:title=review-done-chat-confirmation
[12:32:04] elapsed=1050s busy=true review-user-1:WaitingForReply:-:lines=43:title=review user-agent | review-user-3:-:-:lines=38:title=review user-agent | user-1:WaitingForReply:-:lines=86:title=vim-visual-mode-for-panes | user-2:-:-:lines=41:title=implement-strict-selected-agent-slash | user-3:-:NeedsDecision:lines=118:title=review-done-chat-confirmation
[12:32:09] elapsed=1055s busy=true review-user-1:WaitingForReply:-:lines=43:title=review user-agent | review-user-3:-:-:lines=38:title=review user-agent | user-1:WaitingForReply:-:lines=89:title=vim-visual-mode-for-panes | user-2:-:-:lines=41:title=implement-strict-selected-agent-slash | user-3:-:NeedsDecision:lines=118:title=review-done-chat-confirmation
[12:32:14] elapsed=1060s busy=true review-user-1:WaitingForReply:-:lines=43:title=review user-agent | review-user-3:-:-:lines=38:title=review user-agent | user-1:WaitingForReply:-:lines=91:title=vim-visual-mode-for-panes | user-2:-:-:lines=41:title=implement-strict-selected-agent-slash | user-3:-:NeedsDecision:lines=118:title=review-done-chat-confirmation
[12:32:19] elapsed=1065s busy=true review-user-1:WaitingForReply:-:lines=43:title=review user-agent | review-user-3:-:-:lines=38:title=review user-agent | user-1:WaitingForReply:-:lines=93:title=vim-visual-mode-for-panes | user-2:-:-:lines=41:title=implement-strict-selected-agent-slash | user-3:-:NeedsDecision:lines=118:title=review-done-chat-confirmation
[12:32:24] elapsed=1070s busy=true review-user-1:WaitingForReply:-:lines=43:title=review user-agent | review-user-3:-:-:lines=38:title=review user-agent | user-1:WaitingForReply:-:lines=95:title=vim-visual-mode-for-panes | user-2:-:-:lines=41:title=implement-strict-selected-agent-slash | user-3:-:NeedsDecision:lines=118:title=review-done-chat-confirmation
[12:33:05] elapsed=1111s busy=true review-user-1:WaitingForReply:-:lines=44:title=review user-agent | review-user-3:-:-:lines=38:title=review user-agent | user-1:WaitingForReply:-:lines=96:title=vim-visual-mode-for-panes | user-2:-:-:lines=41:title=implement-strict-selected-agent-slash | user-3:-:NeedsDecision:lines=118:title=review-done-chat-confirmation
[12:33:20] elapsed=1126s busy=true review-user-1:WaitingForReply:-:lines=45:title=review user-agent | review-user-3:-:-:lines=38:title=review user-agent | user-1:WaitingForReply:-:lines=99:title=vim-visual-mode-for-panes | user-2:-:-:lines=41:title=implement-strict-selected-agent-slash | user-3:-:NeedsDecision:lines=118:title=review-done-chat-confirmation
[12:34:16] elapsed=1182s busy=true review-user-1:WaitingForReply:-:lines=45:title=review user-agent | review-user-3:-:-:lines=38:title=review user-agent | user-1:WaitingForReply:-:lines=100:title=vim-visual-mode-for-panes | user-2:-:-:lines=41:title=implement-strict-selected-agent-slash | user-3:-:NeedsDecision:lines=118:title=review-done-chat-confirmation
[12:34:37] elapsed=1203s busy=true review-user-1:WaitingForReply:-:lines=45:title=review user-agent | review-user-3:-:-:lines=38:title=review user-agent | user-1:WaitingForReply:-:lines=102:title=vim-visual-mode-for-panes | user-2:-:-:lines=41:title=implement-strict-selected-agent-slash | user-3:-:NeedsDecision:lines=118:title=review-done-chat-confirmation
[12:34:42] elapsed=1208s busy=true review-user-1:WaitingForReply:-:lines=45:title=review user-agent | review-user-3:-:-:lines=38:title=review user-agent | user-1:WaitingForReply:-:lines=108:title=vim-visual-mode-for-panes | user-2:-:-:lines=41:title=implement-strict-selected-agent-slash | user-3:-:NeedsDecision:lines=118:title=review-done-chat-confirmation
[12:34:57] elapsed=1223s busy=true review-user-1:WaitingForReply:-:lines=45:title=review user-agent | review-user-3:-:-:lines=38:title=review user-agent | user-1:WaitingForReply:-:lines=111:title=vim-visual-mode-for-panes | user-2:-:-:lines=41:title=implement-strict-selected-agent-slash | user-3:-:NeedsDecision:lines=118:title=review-done-chat-confirmation
[12:35:02] elapsed=1228s busy=true review-user-1:WaitingForReply:-:lines=45:title=review user-agent | review-user-3:-:-:lines=38:title=review user-agent | user-1:WaitingForReply:-:lines=113:title=vim-visual-mode-for-panes | user-2:-:-:lines=41:title=implement-strict-selected-agent-slash | user-3:-:NeedsDecision:lines=118:title=review-done-chat-confirmation
[12:35:07] elapsed=1233s busy=true review-user-1:WaitingForReply:-:lines=46:title=review user-agent | review-user-3:-:-:lines=38:title=review user-agent | user-1:WaitingForReply:-:lines=114:title=vim-visual-mode-for-panes | user-2:-:-:lines=41:title=implement-strict-selected-agent-slash | user-3:-:NeedsDecision:lines=118:title=review-done-chat-confirmation
[12:35:17] elapsed=1243s busy=true review-user-1:WaitingForReply:-:lines=47:title=review user-agent | review-user-3:-:-:lines=38:title=review user-agent | user-1:WaitingForReply:-:lines=114:title=vim-visual-mode-for-panes | user-2:-:-:lines=41:title=implement-strict-selected-agent-slash | user-3:-:NeedsDecision:lines=118:title=review-done-chat-confirmation
[12:36:19] elapsed=1305s busy=true review-user-1:WaitingForReply:-:lines=48:title=review user-agent | review-user-3:-:-:lines=38:title=review user-agent | user-1:WaitingForReply:-:lines=117:title=vim-visual-mode-for-panes | user-2:-:-:lines=41:title=implement-strict-selected-agent-slash | user-3:-:NeedsDecision:lines=118:title=review-done-chat-confirmation
[12:36:29] elapsed=1315s busy=true review-user-1:WaitingForReply:-:lines=48:title=review user-agent | review-user-3:-:-:lines=38:title=review user-agent | user-1:WaitingForReply:-:lines=120:title=vim-visual-mode-for-panes | user-2:-:-:lines=41:title=implement-strict-selected-agent-slash | user-3:-:NeedsDecision:lines=118:title=review-done-chat-confirmation
[12:36:34] elapsed=1320s busy=true review-user-1:WaitingForReply:-:lines=48:title=review user-agent | review-user-3:-:-:lines=38:title=review user-agent | user-1:WaitingForReply:-:lines=123:title=vim-visual-mode-for-panes | user-2:-:-:lines=41:title=implement-strict-selected-agent-slash | user-3:-:NeedsDecision:lines=118:title=review-done-chat-confirmation
[12:36:39] elapsed=1325s busy=true review-user-1:WaitingForReply:-:lines=48:title=review user-agent | review-user-3:-:-:lines=38:title=review user-agent | user-1:WaitingForReply:-:lines=125:title=vim-visual-mode-for-panes | user-2:-:-:lines=41:title=implement-strict-selected-agent-slash | user-3:-:NeedsDecision:lines=118:title=review-done-chat-confirmation
[12:36:54] elapsed=1340s busy=true review-user-1:WaitingForReply:-:lines=48:title=review user-agent | review-user-3:-:-:lines=38:title=review user-agent | user-1:WaitingForReply:-:lines=128:title=vim-visual-mode-for-panes | user-2:-:-:lines=41:title=implement-strict-selected-agent-slash | user-3:-:NeedsDecision:lines=118:title=review-done-chat-confirmation
[12:36:59] elapsed=1345s busy=true review-user-1:WaitingForReply:-:lines=48:title=review user-agent | review-user-3:-:-:lines=38:title=review user-agent | user-1:WaitingForReply:-:lines=133:title=vim-visual-mode-for-panes | user-2:-:-:lines=41:title=implement-strict-selected-agent-slash | user-3:-:NeedsDecision:lines=118:title=review-done-chat-confirmation
[12:37:04] elapsed=1350s busy=true review-user-1:WaitingForReply:-:lines=49:title=review user-agent | review-user-3:-:-:lines=38:title=review user-agent | user-1:WaitingForReply:-:lines=134:title=vim-visual-mode-for-panes | user-2:-:-:lines=41:title=implement-strict-selected-agent-slash | user-3:-:NeedsDecision:lines=118:title=review-done-chat-confirmation
[12:38:26] elapsed=1432s busy=true review-user-1:WaitingForReply:-:lines=50:title=review user-agent | review-user-3:-:-:lines=38:title=review user-agent | user-1:WaitingForReply:-:lines=137:title=vim-visual-mode-for-panes | user-2:-:-:lines=41:title=implement-strict-selected-agent-slash | user-3:-:NeedsDecision:lines=118:title=review-done-chat-confirmation
[12:38:46] elapsed=1452s busy=true review-user-1:WaitingForReply:-:lines=50:title=review user-agent | review-user-3:-:-:lines=38:title=review user-agent | user-1:WaitingForReply:-:lines=142:title=vim-visual-mode-for-panes | user-2:-:-:lines=41:title=implement-strict-selected-agent-slash | user-3:-:NeedsDecision:lines=118:title=review-done-chat-confirmation
[12:38:51] elapsed=1457s busy=true review-user-1:WaitingForReply:-:lines=51:title=review user-agent | review-user-3:-:-:lines=38:title=review user-agent | user-1:WaitingForReply:-:lines=145:title=vim-visual-mode-for-panes | user-2:-:-:lines=41:title=implement-strict-selected-agent-slash | user-3:-:NeedsDecision:lines=118:title=review-done-chat-confirmation
[12:39:07] elapsed=1473s busy=true review-user-1:WaitingForReply:-:lines=52:title=review user-agent | review-user-3:-:-:lines=38:title=review user-agent | user-1:WaitingForReply:-:lines=145:title=vim-visual-mode-for-panes | user-2:-:-:lines=41:title=implement-strict-selected-agent-slash | user-3:-:NeedsDecision:lines=118:title=review-done-chat-confirmation
[12:39:47] elapsed=1513s busy=true review-user-1:WaitingForReply:-:lines=53:title=review user-agent | review-user-3:-:-:lines=38:title=review user-agent | user-1:WaitingForReply:-:lines=148:title=vim-visual-mode-for-panes | user-2:-:-:lines=41:title=implement-strict-selected-agent-slash | user-3:-:NeedsDecision:lines=118:title=review-done-chat-confirmation
[12:40:08] elapsed=1534s busy=true review-user-1:WaitingForReply:-:lines=53:title=review user-agent | review-user-3:-:-:lines=38:title=review user-agent | user-1:WaitingForReply:-:lines=150:title=vim-visual-mode-for-panes | user-2:-:-:lines=41:title=implement-strict-selected-agent-slash | user-3:-:NeedsDecision:lines=118:title=review-done-chat-confirmation
[12:40:13] elapsed=1539s busy=true review-user-1:WaitingForReply:-:lines=53:title=review user-agent | review-user-3:-:-:lines=38:title=review user-agent | user-1:WaitingForReply:-:lines=155:title=vim-visual-mode-for-panes | user-2:-:-:lines=41:title=implement-strict-selected-agent-slash | user-3:-:NeedsDecision:lines=118:title=review-done-chat-confirmation
[12:40:18] elapsed=1544s busy=true review-user-1:WaitingForReply:-:lines=54:title=review user-agent | review-user-3:-:-:lines=38:title=review user-agent | user-1:WaitingForReply:-:lines=156:title=vim-visual-mode-for-panes | user-2:-:-:lines=41:title=implement-strict-selected-agent-slash | user-3:-:NeedsDecision:lines=118:title=review-done-chat-confirmation
[12:40:28] elapsed=1554s busy=false review-user-1:-:-:lines=56:title=review user-agent | review-user-3:-:-:lines=38:title=review user-agent | user-1:-:NeedsDecision:lines=158:title=vim-visual-mode-for-panes | user-2:-:-:lines=41:title=implement-strict-selected-agent-slash | user-3:-:NeedsDecision:lines=118:title=review-done-chat-confirmation
[12:45:29] bench report: /home/user/src/work-leaf/bench-results/parallel-current-6d-20260624T121434+0200/runs/run-5/parallel-current-6d-20260624T121434+0200-r5-three-feature-bench.md
