[17:25:57] WORK_LEAF_BENCH_TEMP=/tmp/work-leaf-fair-normal-pilot-rerun-ef9528d/work-leaf/work-leaf-3feature-bench.56izx2
[17:25:57] WORK_LEAF_BENCH_SOURCE_HEAD=c92a0b7060a36eac6db2d869b85e589a7a9480f9
Cloning into '/tmp/work-leaf-fair-normal-pilot-rerun-ef9528d/work-leaf/work-leaf-3feature-bench.56izx2/repo'...
done.
HEAD is now at c92a0b7 FIX compact orchestrator and UI traffic for concurrent agents
[17:25:57] WORK_LEAF_BENCH_BASE=c92a0b7060a36eac6db2d869b85e589a7a9480f9
[17:25:57] daemon URL: http://127.0.0.1:35823
[17:25:57] web UI helper disabled
[17:25:57] started 3 concurrent patch agents
[17:25:58] elapsed=0s busy=true user-1:Launching:-:lines=0:title=add-vim-visual-mode-both-panes | user-2:Launching:-:lines=0:title=when-user-prompt-start-followed | user-3:Launching:-:lines=0:title=when-review-process-done-patch-agent
[17:26:03] elapsed=5s busy=true user-1:WaitingForReply:-:lines=2:title=add-vim-visual-mode-both-panes | user-2:Launching:-:lines=0:title=when-user-prompt-start-followed | user-3:Launching:-:lines=0:title=when-review-process-done-patch-agent
[17:26:08] elapsed=10s busy=true user-1:WaitingForReply:-:lines=2:title=add-vim-visual-mode-both-panes | user-2:WaitingForReply:-:lines=2:title=when-user-prompt-start-followed | user-3:Launching:-:lines=0:title=when-review-process-done-patch-agent
[17:26:13] elapsed=15s busy=true user-1:WaitingForReply:-:lines=4:title=add-vim-visual-mode-both-panes | user-2:WaitingForReply:-:lines=4:title=when-user-prompt-start-followed | user-3:WaitingForReply:-:lines=2:title=when-review-process-done-patch-agent
[17:26:18] elapsed=20s busy=true user-1:WaitingForReply:-:lines=4:title=add-vim-visual-mode-both-panes | user-2:WaitingForReply:-:lines=4:title=when-user-prompt-start-followed | user-3:WaitingForReply:-:lines=4:title=when-review-process-done-patch-agent
[17:26:23] elapsed=25s busy=true user-1:WaitingForReply:-:lines=4:title=add-vim-visual-mode-both-panes | user-2:WaitingForReply:-:lines=5:title=when-user-prompt-start-followed | user-3:WaitingForReply:-:lines=4:title=when-review-process-done-patch-agent
[17:26:28] elapsed=30s busy=true user-1:WaitingForReply:-:lines=5:title=add-vim-visual-mode-both-panes | user-2:WaitingForReply:-:lines=7:title=when-user-prompt-start-followed | user-3:WaitingForReply:-:lines=5:title=when-review-process-done-patch-agent
[17:26:43] elapsed=45s busy=true user-1:WaitingForReply:-:lines=5:title=add-vim-visual-mode-both-panes | user-2:WaitingForReply:-:lines=10:title=when-user-prompt-start-followed | user-3:WaitingForReply:-:lines=7:title=when-review-process-done-patch-agent
[17:26:48] elapsed=51s busy=true user-1:WaitingForReply:-:lines=7:title=add-vim-visual-mode-both-panes | user-2:WaitingForReply:-:lines=10:title=when-user-prompt-start-followed | user-3:WaitingForReply:-:lines=7:title=when-review-process-done-patch-agent
[17:26:53] elapsed=56s busy=true user-1:WaitingForReply:-:lines=7:title=add-vim-visual-mode-both-panes | user-2:WaitingForReply:-:lines=10:title=when-user-prompt-start-followed | user-3:WaitingForReply:-:lines=9:title=when-review-process-done-patch-agent
[17:26:58] elapsed=61s busy=true user-1:WaitingForReply:-:lines=7:title=add-vim-visual-mode-both-panes | user-2:WaitingForReply:-:lines=12:title=when-user-prompt-start-followed | user-3:WaitingForReply:-:lines=9:title=when-review-process-done-patch-agent
[17:27:03] elapsed=66s busy=true user-1:WaitingForReply:-:lines=9:title=add-vim-visual-mode-both-panes | user-2:WaitingForReply:-:lines=12:title=when-user-prompt-start-followed | user-3:WaitingForReply:-:lines=9:title=when-review-process-done-patch-agent
[17:27:13] elapsed=76s busy=true user-1:WaitingForReply:-:lines=11:title=add-vim-visual-mode-both-panes | user-2:WaitingForReply:-:lines=12:title=when-user-prompt-start-followed | user-3:WaitingForReply:-:lines=9:title=when-review-process-done-patch-agent
[17:27:19] elapsed=81s busy=true user-1:WaitingForReply:-:lines=11:title=add-vim-visual-mode-both-panes | user-2:WaitingForReply:-:lines=14:title=when-user-prompt-start-followed | user-3:WaitingForReply:-:lines=14:title=when-review-process-done-patch-agent
[17:27:29] elapsed=91s busy=true user-1:WaitingForReply:-:lines=13:title=add-vim-visual-mode-both-panes | user-2:WaitingForReply:-:lines=14:title=when-user-prompt-start-followed | user-3:WaitingForReply:-:lines=14:title=when-review-process-done-patch-agent
[17:27:34] elapsed=96s busy=true user-1:WaitingForReply:-:lines=13:title=add-vim-visual-mode-both-panes | user-2:WaitingForReply:-:lines=16:title=when-user-prompt-start-followed | user-3:WaitingForReply:-:lines=19:title=when-review-process-done-patch-agent
[17:27:39] elapsed=101s busy=true user-1:WaitingForReply:-:lines=14:title=add-vim-visual-mode-both-panes | user-2:WaitingForReply:-:lines=16:title=when-user-prompt-start-followed | user-3:WaitingForReply:-:lines=19:title=when-review-process-done-patch-agent
[17:27:44] elapsed=106s busy=true user-1:WaitingForReply:-:lines=16:title=add-vim-visual-mode-both-panes | user-2:WaitingForReply:-:lines=18:title=when-user-prompt-start-followed | user-3:WaitingForReply:-:lines=22:title=when-review-process-done-patch-agent
[17:27:54] elapsed=116s busy=true user-1:WaitingForReply:-:lines=18:title=add-vim-visual-mode-both-panes | user-2:WaitingForReply:-:lines=18:title=when-user-prompt-start-followed | user-3:WaitingForReply:-:lines=22:title=when-review-process-done-patch-agent
[17:28:14] elapsed=137s busy=true user-1:WaitingForReply:-:lines=18:title=add-vim-visual-mode-both-panes | user-2:WaitingForReply:-:lines=18:title=when-user-prompt-start-followed | user-3:WaitingForReply:-:lines=23:title=when-review-process-done-patch-agent
[17:28:45] elapsed=167s busy=true user-1:WaitingForReply:-:lines=18:title=add-vim-visual-mode-both-panes | user-2:WaitingForReply:-:lines=18:title=when-user-prompt-start-followed | user-3:WaitingForReply:-:lines=24:title=when-review-process-done-patch-agent
[17:29:15] elapsed=197s busy=true user-1:WaitingForReply:-:lines=18:title=add-vim-visual-mode-both-panes | user-2:WaitingForReply:-:lines=18:title=when-user-prompt-start-followed | user-3:WaitingForReply:-:lines=25:title=when-review-process-done-patch-agent
[17:29:45] elapsed=228s busy=true user-1:WaitingForReply:-:lines=18:title=add-vim-visual-mode-both-panes | user-2:WaitingForReply:-:lines=18:title=when-user-prompt-start-followed | user-3:WaitingForReply:-:lines=26:title=when-review-process-done-patch-agent
[17:30:11] elapsed=253s busy=true user-1:WaitingForReply:-:lines=18:title=add-vim-visual-mode-both-panes | user-2:WaitingForReply:-:lines=20:title=when-user-prompt-start-followed | user-3:WaitingForReply:-:lines=26:title=when-review-process-done-patch-agent
[17:30:16] elapsed=258s busy=true user-1:WaitingForReply:-:lines=18:title=add-vim-visual-mode-both-panes | user-2:WaitingForReply:-:lines=20:title=when-user-prompt-start-followed | user-3:WaitingForReply:-:lines=27:title=when-review-process-done-patch-agent
[17:30:21] elapsed=263s busy=true user-1:WaitingForReply:-:lines=18:title=add-vim-visual-mode-both-panes | user-2:WaitingForReply:-:lines=21:title=when-user-prompt-start-followed | user-3:WaitingForReply:-:lines=27:title=when-review-process-done-patch-agent
[17:30:46] elapsed=289s busy=true user-1:WaitingForReply:-:lines=18:title=add-vim-visual-mode-both-panes | user-2:WaitingForReply:-:lines=21:title=when-user-prompt-start-followed | user-3:WaitingForReply:-:lines=28:title=when-review-process-done-patch-agent
[17:31:12] elapsed=314s busy=true user-1:WaitingForReply:-:lines=18:title=add-vim-visual-mode-both-panes | user-2:WaitingForReply:-:lines=23:title=when-user-prompt-start-followed | user-3:WaitingForReply:-:lines=28:title=when-review-process-done-patch-agent
[17:31:17] elapsed=319s busy=true user-1:WaitingForReply:-:lines=18:title=add-vim-visual-mode-both-panes | user-2:WaitingForReply:-:lines=28:title=when-user-prompt-start-followed | user-3:WaitingForReply:-:lines=29:title=when-review-process-done-patch-agent
[17:31:22] elapsed=324s busy=true user-1:WaitingForReply:-:lines=18:title=add-vim-visual-mode-both-panes | user-2:WaitingForReply:-:lines=32:title=when-user-prompt-start-followed | user-3:WaitingForReply:-:lines=29:title=when-review-process-done-patch-agent
[17:31:27] elapsed=329s busy=true user-1:WaitingForReply:-:lines=18:title=add-vim-visual-mode-both-panes | user-2:WaitingForReply:-:lines=34:title=when-user-prompt-start-followed | user-3:WaitingForReply:-:lines=29:title=when-review-process-done-patch-agent
[17:31:32] elapsed=334s busy=true review-user-2:WaitingForReply:-:lines=0:title=review user-agent | user-1:WaitingForReply:-:lines=18:title=add-vim-visual-mode-both-panes | user-2:-:-:lines=36:title=when-user-prompt-start-followed | user-3:WaitingForReply:-:lines=29:title=when-review-process-done-patch-agent
[17:31:37] elapsed=339s busy=true review-user-2:WaitingForReply:-:lines=2:title=review user-agent | user-1:WaitingForReply:-:lines=18:title=add-vim-visual-mode-both-panes | user-2:-:-:lines=36:title=when-user-prompt-start-followed | user-3:WaitingForReply:-:lines=29:title=when-review-process-done-patch-agent
[17:31:42] elapsed=344s busy=true review-user-2:WaitingForReply:-:lines=2:title=review user-agent | user-1:WaitingForReply:-:lines=18:title=add-vim-visual-mode-both-panes | user-2:-:-:lines=36:title=slash-command-backend-response | user-3:WaitingForReply:-:lines=29:title=when-review-process-done-patch-agent
[17:31:47] elapsed=349s busy=true review-user-2:WaitingForReply:-:lines=4:title=review user-agent | user-1:WaitingForReply:-:lines=18:title=add-vim-visual-mode-both-panes | user-2:-:-:lines=36:title=slash-command-backend-response | user-3:WaitingForReply:-:lines=30:title=when-review-process-done-patch-agent
[17:31:57] elapsed=360s busy=true review-user-2:WaitingForReply:-:lines=6:title=review user-agent | user-1:WaitingForReply:-:lines=18:title=add-vim-visual-mode-both-panes | user-2:-:-:lines=36:title=slash-command-backend-response | user-3:WaitingForReply:-:lines=30:title=when-review-process-done-patch-agent
[17:32:12] elapsed=375s busy=true review-user-2:WaitingForReply:-:lines=6:title=review user-agent | user-1:WaitingForReply:-:lines=18:title=add-vim-visual-mode-both-panes | user-2:-:-:lines=36:title=slash-command-backend-response | user-3:WaitingForReply:-:lines=31:title=when-review-process-done-patch-agent
[17:32:43] elapsed=405s busy=true review-user-2:WaitingForReply:-:lines=6:title=review user-agent | user-1:WaitingForReply:-:lines=18:title=add-vim-visual-mode-both-panes | user-2:-:-:lines=36:title=slash-command-backend-response | user-3:WaitingForReply:-:lines=33:title=when-review-process-done-patch-agent
[17:33:03] elapsed=425s busy=true review-user-2:WaitingForReply:-:lines=6:title=review user-agent | user-1:WaitingForReply:-:lines=18:title=add-vim-visual-mode-both-panes | user-2:-:-:lines=36:title=slash-command-backend-response | user-3:WaitingForReply:-:lines=38:title=when-review-process-done-patch-agent
[17:33:13] elapsed=435s busy=true review-user-2:WaitingForReply:-:lines=6:title=review user-agent | user-1:WaitingForReply:-:lines=18:title=add-vim-visual-mode-both-panes | user-2:-:-:lines=36:title=slash-command-backend-response | user-3:WaitingForReply:-:lines=43:title=when-review-process-done-patch-agent
[17:33:18] elapsed=441s busy=true review-user-2:WaitingForReply:-:lines=6:title=review user-agent | user-1:WaitingForReply:-:lines=18:title=add-vim-visual-mode-both-panes | user-2:-:-:lines=36:title=slash-command-backend-response | user-3:WaitingForReply:-:lines=48:title=when-review-process-done-patch-agent
[17:33:23] elapsed=446s busy=true review-user-2:WaitingForReply:-:lines=6:title=review user-agent | user-1:WaitingForReply:-:lines=18:title=add-vim-visual-mode-both-panes | user-2:-:-:lines=36:title=slash-command-backend-response | user-3:WaitingForReply:-:lines=53:title=when-review-process-done-patch-agent
[17:33:28] elapsed=451s busy=true review-user-2:WaitingForReply:-:lines=6:title=review user-agent | user-1:WaitingForReply:-:lines=18:title=add-vim-visual-mode-both-panes | user-2:-:-:lines=36:title=slash-command-backend-response | user-3:WaitingForReply:-:lines=58:title=when-review-process-done-patch-agent
[17:33:33] elapsed=456s busy=true review-user-2:WaitingForReply:-:lines=6:title=review user-agent | user-1:WaitingForReply:-:lines=18:title=add-vim-visual-mode-both-panes | user-2:-:-:lines=36:title=slash-command-backend-response | user-3:WaitingForReply:-:lines=63:title=when-review-process-done-patch-agent
[17:33:38] elapsed=461s busy=true review-user-2:WaitingForReply:-:lines=6:title=review user-agent | user-1:WaitingForReply:-:lines=18:title=add-vim-visual-mode-both-panes | user-2:-:-:lines=36:title=slash-command-backend-response | user-3:WaitingForReply:-:lines=68:title=when-review-process-done-patch-agent
[17:33:44] elapsed=466s busy=true review-user-2:WaitingForReply:-:lines=6:title=review user-agent | user-1:WaitingForReply:-:lines=18:title=add-vim-visual-mode-both-panes | user-2:-:-:lines=36:title=slash-command-backend-response | user-3:WaitingForReply:-:lines=73:title=when-review-process-done-patch-agent
[17:33:49] elapsed=471s busy=true review-user-2:WaitingForReply:-:lines=6:title=review user-agent | user-1:WaitingForReply:-:lines=20:title=add-vim-visual-mode-both-panes | user-2:-:-:lines=36:title=slash-command-backend-response | user-3:WaitingForReply:-:lines=73:title=when-review-process-done-patch-agent
[17:33:59] elapsed=481s busy=true review-user-2:WaitingForReply:-:lines=6:title=review user-agent | user-1:WaitingForReply:-:lines=21:title=add-vim-visual-mode-both-panes | user-2:-:-:lines=36:title=slash-command-backend-response | user-3:WaitingForReply:-:lines=83:title=when-review-process-done-patch-agent
[17:34:04] elapsed=486s busy=true review-user-2:-:-:lines=8:title=review user-agent | user-1:WaitingForReply:-:lines=21:title=add-vim-visual-mode-both-panes | user-2:-:NeedsDecision:lines=38:title=slash-command-backend-response | user-3:WaitingForReply:-:lines=88:title=when-review-process-done-patch-agent
[17:34:09] elapsed=491s busy=true review-user-2:-:-:lines=8:title=review user-agent | user-1:WaitingForReply:-:lines=21:title=add-vim-visual-mode-both-panes | user-2:-:NeedsDecision:lines=38:title=slash-command-backend-response | user-3:WaitingForReply:-:lines=98:title=when-review-process-done-patch-agent
[17:34:14] elapsed=496s busy=true review-user-2:-:-:lines=8:title=review user-agent | user-1:WaitingForReply:-:lines=21:title=add-vim-visual-mode-both-panes | user-2:-:NeedsDecision:lines=38:title=slash-command-backend-response | user-3:WaitingForReply:-:lines=103:title=when-review-process-done-patch-agent
[17:34:19] elapsed=501s busy=true review-user-2:-:-:lines=8:title=review user-agent | user-1:WaitingForReply:-:lines=21:title=add-vim-visual-mode-both-panes | user-2:-:NeedsDecision:lines=38:title=slash-command-backend-response | user-3:WaitingForReply:-:lines=108:title=when-review-process-done-patch-agent
[17:34:24] elapsed=506s busy=true review-user-2:-:-:lines=8:title=review user-agent | user-1:WaitingForReply:-:lines=21:title=add-vim-visual-mode-both-panes | user-2:-:NeedsDecision:lines=38:title=slash-command-backend-response | user-3:WaitingForReply:-:lines=113:title=when-review-process-done-patch-agent
[17:34:29] elapsed=512s busy=true review-user-2:-:-:lines=8:title=review user-agent | user-1:WaitingForReply:-:lines=21:title=add-vim-visual-mode-both-panes | user-2:-:NeedsDecision:lines=38:title=slash-command-backend-response | user-3:WaitingForReply:-:lines=118:title=when-review-process-done-patch-agent
[17:34:34] elapsed=517s busy=true review-user-2:-:-:lines=8:title=review user-agent | user-1:WaitingForReply:-:lines=21:title=add-vim-visual-mode-both-panes | user-2:-:NeedsDecision:lines=38:title=slash-command-backend-response | user-3:WaitingForReply:-:lines=123:title=when-review-process-done-patch-agent
[17:34:39] elapsed=522s busy=true review-user-2:-:-:lines=8:title=review user-agent | user-1:WaitingForReply:-:lines=21:title=add-vim-visual-mode-both-panes | user-2:-:NeedsDecision:lines=38:title=slash-command-backend-response | user-3:WaitingForReply:-:lines=125:title=when-review-process-done-patch-agent
[17:34:55] elapsed=537s busy=true review-user-2:-:-:lines=8:title=review user-agent | user-1:WaitingForReply:-:lines=21:title=add-vim-visual-mode-both-panes | user-2:-:NeedsDecision:lines=38:title=slash-command-backend-response | user-3:WaitingForReply:-:lines=130:title=when-review-process-done-patch-agent
[17:35:00] elapsed=542s busy=true review-user-2:-:-:lines=8:title=review user-agent | user-1:WaitingForReply:-:lines=21:title=add-vim-visual-mode-both-panes | user-2:-:NeedsDecision:lines=38:title=slash-command-backend-response | user-3:WaitingForReply:-:lines=135:title=when-review-process-done-patch-agent
[17:35:05] elapsed=547s busy=true review-user-2:-:-:lines=8:title=review user-agent | user-1:WaitingForReply:-:lines=21:title=add-vim-visual-mode-both-panes | user-2:-:NeedsDecision:lines=38:title=slash-command-backend-response | user-3:WaitingForReply:-:lines=140:title=when-review-process-done-patch-agent
[17:35:10] elapsed=552s busy=true review-user-2:-:-:lines=8:title=review user-agent | user-1:WaitingForReply:-:lines=21:title=add-vim-visual-mode-both-panes | user-2:-:NeedsDecision:lines=38:title=slash-command-backend-response | user-3:WaitingForReply:-:lines=145:title=when-review-process-done-patch-agent
[17:35:15] elapsed=557s busy=true review-user-2:-:-:lines=8:title=review user-agent | user-1:WaitingForReply:-:lines=21:title=add-vim-visual-mode-both-panes | user-2:-:NeedsDecision:lines=38:title=slash-command-backend-response | user-3:WaitingForReply:-:lines=150:title=when-review-process-done-patch-agent
[17:35:20] elapsed=562s busy=true review-user-2:-:-:lines=8:title=review user-agent | user-1:WaitingForReply:-:lines=21:title=add-vim-visual-mode-both-panes | user-2:-:NeedsDecision:lines=38:title=slash-command-backend-response | user-3:WaitingForReply:-:lines=155:title=when-review-process-done-patch-agent
[17:36:01] elapsed=603s busy=true review-user-2:-:-:lines=8:title=review user-agent | user-1:WaitingForReply:-:lines=21:title=add-vim-visual-mode-both-panes | user-2:-:NeedsDecision:lines=38:title=slash-command-backend-response | user-3:WaitingForReply:-:lines=158:title=when-review-process-done-patch-agent
[17:36:06] elapsed=608s busy=true review-user-2:-:-:lines=8:title=review user-agent | user-1:WaitingForReply:-:lines=21:title=add-vim-visual-mode-both-panes | user-2:-:NeedsDecision:lines=38:title=slash-command-backend-response | user-3:WaitingForReply:-:lines=160:title=when-review-process-done-patch-agent
[17:39:03] elapsed=786s busy=true review-user-2:-:-:lines=8:title=review user-agent | user-1:WaitingForReply:-:lines=23:title=add-vim-visual-mode-both-panes | user-2:-:NeedsDecision:lines=38:title=slash-command-backend-response | user-3:WaitingForReply:-:lines=160:title=when-review-process-done-patch-agent
[17:43:32] elapsed=1054s busy=true review-user-2:-:-:lines=8:title=review user-agent | user-1:WaitingForReply:-:lines=25:title=add-vim-visual-mode-both-panes | user-2:-:NeedsDecision:lines=38:title=slash-command-backend-response | user-3:WaitingForReply:-:lines=160:title=when-review-process-done-patch-agent
[17:43:37] elapsed=1059s busy=true review-user-2:-:-:lines=8:title=review user-agent | user-1:WaitingForReply:-:lines=28:title=add-vim-visual-mode-both-panes | user-2:-:NeedsDecision:lines=38:title=slash-command-backend-response | user-3:WaitingForReply:-:lines=160:title=when-review-process-done-patch-agent
[17:43:42] elapsed=1065s busy=true review-user-1:WaitingForReply:-:lines=0:title=review user-agent | review-user-2:-:-:lines=8:title=review user-agent | user-1:-:-:lines=32:title=add-vim-visual-mode-both-panes | user-2:-:NeedsDecision:lines=38:title=slash-command-backend-response | user-3:WaitingForReply:-:lines=160:title=when-review-process-done-patch-agent
[17:43:47] elapsed=1070s busy=true review-user-1:WaitingForReply:-:lines=2:title=review user-agent | review-user-2:-:-:lines=8:title=review user-agent | user-1:-:-:lines=32:title=vim-visual-mode-pane-selection | user-2:-:NeedsDecision:lines=38:title=slash-command-backend-response | user-3:WaitingForReply:-:lines=160:title=when-review-process-done-patch-agent
[17:44:03] elapsed=1085s busy=true review-user-1:WaitingForReply:-:lines=4:title=review user-agent | review-user-2:-:-:lines=8:title=review user-agent | user-1:-:-:lines=32:title=vim-visual-mode-pane-selection | user-2:-:NeedsDecision:lines=38:title=slash-command-backend-response | user-3:WaitingForReply:-:lines=160:title=when-review-process-done-patch-agent
[17:44:08] elapsed=1090s busy=true review-user-1:WaitingForReply:-:lines=6:title=review user-agent | review-user-2:-:-:lines=8:title=review user-agent | user-1:-:-:lines=32:title=vim-visual-mode-pane-selection | user-2:-:NeedsDecision:lines=38:title=slash-command-backend-response | user-3:WaitingForReply:-:lines=160:title=when-review-process-done-patch-agent
[17:46:45] elapsed=1247s busy=true review-user-1:WaitingForReply:-:lines=7:title=review user-agent | review-user-2:-:-:lines=8:title=review user-agent | user-1:WaitingForReply:-:lines=35:title=vim-visual-mode-pane-selection | user-2:-:NeedsDecision:lines=38:title=slash-command-backend-response | user-3:WaitingForReply:-:lines=160:title=when-review-process-done-patch-agent
[17:46:55] elapsed=1258s busy=true review-user-1:WaitingForReply:-:lines=7:title=review user-agent | review-user-2:-:-:lines=8:title=review user-agent | user-1:WaitingForReply:-:lines=37:title=vim-visual-mode-pane-selection | user-2:-:NeedsDecision:lines=38:title=slash-command-backend-response | user-3:WaitingForReply:-:lines=160:title=when-review-process-done-patch-agent
[17:47:05] elapsed=1268s busy=true review-user-1:WaitingForReply:-:lines=7:title=review user-agent | review-user-2:-:-:lines=8:title=review user-agent | user-1:WaitingForReply:-:lines=39:title=vim-visual-mode-pane-selection | user-2:-:NeedsDecision:lines=38:title=slash-command-backend-response | user-3:WaitingForReply:-:lines=160:title=when-review-process-done-patch-agent
[17:48:47] elapsed=1369s busy=true review-user-1:WaitingForReply:-:lines=7:title=review user-agent | review-user-2:-:-:lines=8:title=review user-agent | user-1:WaitingForReply:-:lines=41:title=vim-visual-mode-pane-selection | user-2:-:NeedsDecision:lines=38:title=slash-command-backend-response | user-3:WaitingForReply:-:lines=160:title=when-review-process-done-patch-agent
[17:48:52] elapsed=1374s busy=true review-user-1:WaitingForReply:-:lines=8:title=review user-agent | review-user-2:-:-:lines=8:title=review user-agent | user-1:WaitingForReply:-:lines=47:title=vim-visual-mode-pane-selection | user-2:-:NeedsDecision:lines=38:title=slash-command-backend-response | user-3:WaitingForReply:-:lines=160:title=when-review-process-done-patch-agent
[17:49:07] elapsed=1389s busy=true review-user-1:-:-:lines=10:title=review user-agent | review-user-2:-:-:lines=8:title=review user-agent | user-1:-:NeedsDecision:lines=49:title=vim-visual-mode-pane-selection | user-2:-:NeedsDecision:lines=38:title=slash-command-backend-response | user-3:WaitingForReply:-:lines=160:title=when-review-process-done-patch-agent
[17:51:34] elapsed=1536s busy=true review-user-1:-:-:lines=10:title=review user-agent | review-user-2:-:-:lines=8:title=review user-agent | user-1:-:NeedsDecision:lines=49:title=vim-visual-mode-pane-selection | user-2:-:NeedsDecision:lines=38:title=slash-command-backend-response | user-3:WaitingForReply:-:lines=165:title=when-review-process-done-patch-agent
[17:51:44] elapsed=1547s busy=true review-user-1:-:-:lines=10:title=review user-agent | review-user-2:-:-:lines=8:title=review user-agent | user-1:-:NeedsDecision:lines=49:title=vim-visual-mode-pane-selection | user-2:-:NeedsDecision:lines=38:title=slash-command-backend-response | user-3:WaitingForReply:-:lines=170:title=when-review-process-done-patch-agent
[17:52:25] elapsed=1587s busy=true review-user-1:-:-:lines=10:title=review user-agent | review-user-2:-:-:lines=8:title=review user-agent | user-1:-:NeedsDecision:lines=49:title=vim-visual-mode-pane-selection | user-2:-:NeedsDecision:lines=38:title=slash-command-backend-response | user-3:WaitingForReply:-:lines=175:title=when-review-process-done-patch-agent
[17:52:40] elapsed=1603s busy=true review-user-1:-:-:lines=10:title=review user-agent | review-user-2:-:-:lines=8:title=review user-agent | user-1:-:NeedsDecision:lines=49:title=vim-visual-mode-pane-selection | user-2:-:NeedsDecision:lines=38:title=slash-command-backend-response | user-3:WaitingForReply:-:lines=180:title=when-review-process-done-patch-agent
[17:54:27] elapsed=1710s busy=true review-user-1:-:-:lines=10:title=review user-agent | review-user-2:-:-:lines=8:title=review user-agent | user-1:-:NeedsDecision:lines=49:title=vim-visual-mode-pane-selection | user-2:-:NeedsDecision:lines=38:title=slash-command-backend-response | user-3:WaitingForReply:-:lines=182:title=when-review-process-done-patch-agent
[17:56:04] elapsed=1806s busy=true review-user-1:-:-:lines=10:title=review user-agent | review-user-2:-:-:lines=8:title=review user-agent | user-1:-:NeedsDecision:lines=49:title=vim-visual-mode-pane-selection | user-2:-:NeedsDecision:lines=38:title=slash-command-backend-response | user-3:WaitingForReply:-:lines=187:title=when-review-process-done-patch-agent
[18:08:07] elapsed=2530s busy=true review-user-1:-:-:lines=10:title=review user-agent | review-user-2:-:-:lines=8:title=review user-agent | user-1:-:NeedsDecision:lines=49:title=vim-visual-mode-pane-selection | user-2:-:NeedsDecision:lines=38:title=slash-command-backend-response | user-3:WaitingForReply:-:lines=192:title=when-review-process-done-patch-agent
[18:09:54] elapsed=2637s busy=true review-user-1:-:-:lines=10:title=review user-agent | review-user-2:-:-:lines=8:title=review user-agent | user-1:-:NeedsDecision:lines=49:title=vim-visual-mode-pane-selection | user-2:-:NeedsDecision:lines=38:title=slash-command-backend-response | user-3:WaitingForReply:-:lines=197:title=when-review-process-done-patch-agent
[18:10:05] elapsed=2647s busy=true review-user-1:-:-:lines=10:title=review user-agent | review-user-2:-:-:lines=8:title=review user-agent | user-1:-:NeedsDecision:lines=49:title=vim-visual-mode-pane-selection | user-2:-:NeedsDecision:lines=38:title=slash-command-backend-response | user-3:WaitingForReply:-:lines=202:title=when-review-process-done-patch-agent
[18:10:20] elapsed=2662s busy=true review-user-1:-:-:lines=10:title=review user-agent | review-user-2:-:-:lines=8:title=review user-agent | user-1:-:NeedsDecision:lines=49:title=vim-visual-mode-pane-selection | user-2:-:NeedsDecision:lines=38:title=slash-command-backend-response | user-3:WaitingForReply:-:lines=203:title=when-review-process-done-patch-agent
[18:41:50] bench report: /home/user/src/work-leaf/bench-results/efficiency-fair-normal-workflow-pilot-rerun-20260827T151135Z/runs/work-leaf/pilot-pair-001-work-leaf-three-feature-bench.md
