command: cargo test --test quality_visual quality_visual_behavior -- --exact
cwd: /tmp/work-leaf-quality-audit-lssd2tv4/checkouts/r18-direct-attempt-01
exit_code: 101
duration_seconds: 2.384

[stdout]

running 1 test
test quality_visual_behavior ... FAILED

failures:

---- quality_visual_behavior stdout ----

thread 'quality_visual_behavior' (206282) panicked at tests/quality_visual.rs:26:5:
assertion failed: has_visual_status(&character.render_frame(), "left", "char")
note: run with `RUST_BACKTRACE=1` environment variable to display a backtrace


failures:
    quality_visual_behavior

test result: FAILED. 0 passed; 1 failed; 0 ignored; 0 measured; 0 filtered out; finished in 0.01s


[stderr]
   Compiling work-leaf v0.1.0 (/tmp/work-leaf-quality-audit-lssd2tv4/checkouts/r18-direct-attempt-01)
    Finished `test` profile [unoptimized + debuginfo] target(s) in 2.36s
     Running tests/quality_visual.rs (/tmp/work-leaf-quality-audit-lssd2tv4/cargo-target/debug/deps/quality_visual-7d8c033b6ad2aae9)
error: test failed, to rerun pass `--test quality_visual`
